Fact
Pants on Fire
Alternative Fact
Pants on Fire
Fact
Alternative Fact
Fact
Pants on Fire
Pants on Fire
Fact
Pants on Fire
Pants on Fire
Pants on Fire
Alternative Fact
Pants on Fire
Fact
Fact
Pants on Fire
Alternative Fact
Pants on Fire
Alternative Fact
Fact
Pants on Fire
Fact
Pants on Fire
Pants on Fire
Fact
Pants on Fire
Pants on Fire
Alternative Fact
Pants on Fire
Pants on Fire
Pants on Fire
Fact
Pants on Fire
Pants on Fire
Pants on Fire
Fact
Pants on Fire
Pants on Fire
Alternative Fact
Pants on Fire
Pants on Fire
Fact
Pants on Fire
Fact
Alternative Fact
Alternative Fact
Alternative Fact
Alternative Fact
Pants on Fire
Pants on Fire
Pants on Fire
Pants on Fire
Alternative Fact
Alternative Fact
Alternative Fact
Fact
Pants on Fire
Pants on Fire
Pants on Fire
Fact
Alternative Fact
Alternative Fact
Alternative Fact
Alternative Fact
Pants on Fire
Pants on Fire
Fact
Alternative Fact
Alternative Fact
Pants on Fire
Pants on Fire
Pants on Fire
Pants on Fire
Alternative Fact
Fact
Alternative Fact
Pants on Fire
Pants on Fire
Alternative Fact
Alternative Fact
Fact
Fact
Alternative Fact
Pants on Fire
Alternative Fact
Fact
Fact
Pants on Fire
Alternative Fact
Pants on Fire
Pants on Fire
Pants on Fire
Alternative Fact
Pants on Fire
Fact
Pants on Fire
Pants on Fire
Pants on Fire
Alternative Fact
Alternative Fact
Pants on Fire
Fact
Pants on Fire
Alternative Fact
Fact
Pants on Fire
Pants on Fire
Alternative Fact
Pants on Fire
Fact
Alternative Fact
Pants on Fire
Fact
Alternative Fact
Alternative Fact
Pants on Fire
Alternative Fact
Pants on Fire
Pants on Fire
Pants on Fire
Pants on Fire
Alternative Fact
Alternative Fact
Alternative Fact
Pants on Fire
Pants on Fire
Alternative Fact
Pants on Fire
Fact
Pants on Fire
Pants on Fire
Pants on Fire
Fact
Pants on Fire
Alternative Fact
Fact
Fact
Alternative Fact
Pants on Fire
Fact
Alternative Fact
Pants on Fire
Fact
Alternative Fact
Fact
Alternative Fact
Fact
Pants on Fire
Fact
Alternative Fact
Fact
Fact
Pants on Fire
Fact
Pants on Fire
Pants on Fire
Pants on Fire
Fact
Alternative Fact
Fact
Alternative Fact
Pants on Fire
Pants on Fire
Pants on Fire
Alternative Fact
Pants on Fire
Pants on Fire
Pants on Fire
Pants on Fire
Fact
Fact
Alternative Fact
Fact
Pants on Fire
Alternative Fact
Fact
Alternative Fact
Fact
Pants on Fire
Alternative Fact
Alternative Fact
Pants on Fire
Alternative Fact
Fact
Alternative Fact
Alternative Fact
Fact
Pants on Fire
Pants on Fire
Fact
Pants on Fire
Pants on Fire
Alternative Fact
Pants on Fire
Pants on Fire
Alternative Fact
Fact
Fact
