Pants on Fire
Pants on Fire
Pants on Fire
Pants on Fire
Pants on Fire
Pants on Fire
Pants on Fire
Pants on Fire
Pants on Fire
Pants on Fire
Pants on Fire
Pants on Fire
Pants on Fire
Pants on Fire
Pants on Fire
Pants on Fire
Pants on Fire
Fact
Pants on Fire
Pants on Fire
Pants on Fire
Pants on Fire
Pants on Fire
Pants on Fire
Pants on Fire
Fact
Pants on Fire
Pants on Fire
Pants on Fire
Pants on Fire
Pants on Fire
Pants on Fire
Pants on Fire
Fact
Pants on Fire
Pants on Fire
Pants on Fire
Pants on Fire
Pants on Fire
Pants on Fire
Pants on Fire
Pants on Fire
Pants on Fire
Pants on Fire
Pants on Fire
Pants on Fire
Pants on Fire
Pants on Fire
Pants on Fire
Pants on Fire
Pants on Fire
Pants on Fire
Pants on Fire
Fact
Pants on Fire
Pants on Fire
Pants on Fire
Pants on Fire
Pants on Fire
Pants on Fire
Pants on Fire
Pants on Fire
Fact
Pants on Fire
Pants on Fire
Pants on Fire
Pants on Fire
Pants on Fire
Pants on Fire
Pants on Fire
Pants on Fire
Pants on Fire
Pants on Fire
Pants on Fire
Pants on Fire
Pants on Fire
Pants on Fire
Pants on Fire
Pants on Fire
Alternative Fact
Pants on Fire
Pants on Fire
Fact
Pants on Fire
Pants on Fire
Pants on Fire
Pants on Fire
Pants on Fire
Pants on Fire
Pants on Fire
Pants on Fire
Alternative Fact
Pants on Fire
Pants on Fire
Pants on Fire
Pants on Fire
Pants on Fire
Pants on Fire
Alternative Fact
Pants on Fire
Alternative Fact
Pants on Fire
Pants on Fire
Pants on Fire
Pants on Fire
Pants on Fire
Pants on Fire
Pants on Fire
Pants on Fire
Pants on Fire
Pants on Fire
Pants on Fire
Pants on Fire
Pants on Fire
Pants on Fire
Pants on Fire
Pants on Fire
Pants on Fire
Pants on Fire
Pants on Fire
Pants on Fire
Pants on Fire
Pants on Fire
Pants on Fire
Pants on Fire
Pants on Fire
Pants on Fire
Pants on Fire
Pants on Fire
Pants on Fire
Pants on Fire
Pants on Fire
Pants on Fire
Pants on Fire
Pants on Fire
Pants on Fire
Pants on Fire
Pants on Fire
Pants on Fire
Pants on Fire
Pants on Fire
Alternative Fact
Pants on Fire
Pants on Fire
Pants on Fire
Pants on Fire
Pants on Fire
Pants on Fire
Pants on Fire
Pants on Fire
Pants on Fire
Pants on Fire
Pants on Fire
Pants on Fire
Pants on Fire
Alternative Fact
Pants on Fire
Pants on Fire
Pants on Fire
Alternative Fact
Fact
Pants on Fire
Pants on Fire
Pants on Fire
Pants on Fire
Pants on Fire
Pants on Fire
Pants on Fire
Alternative Fact
Pants on Fire
Pants on Fire
Pants on Fire
Pants on Fire
Pants on Fire
Pants on Fire
Pants on Fire
Pants on Fire
Pants on Fire
Pants on Fire
Pants on Fire
Pants on Fire
Pants on Fire
Pants on Fire
Pants on Fire
Pants on Fire
Pants on Fire
Pants on Fire
Pants on Fire
Pants on Fire
Pants on Fire
Pants on Fire
Pants on Fire
Pants on Fire
Pants on Fire
Alternative Fact
Fact
Pants on Fire
Pants on Fire
Pants on Fire
Pants on Fire
