rrrrgxnwdwxnnnn
iwdrwidwrgd
xxwdrixgxwidwwixxrirgg
rdwwx
xrdgxrdrwdw
dgiwrwrx
ggxrwwnwigwwxinirr
dnnirgxrxn
wdinwdwrnxigggrdrwnnwg
xdrrwrdw
irndndngndrgxwdxggrnrnd
xixrdwiggr
rwdiwirgr
xdwrwrddx
grgnx
nndgnrwrggxriwrrirddn
igdndiwigdwnwidrrix
rrgxnxindirggdgrr
iwgxngwirnxnwirxxdxg
rnwnxiwndxiwix
ngiiddwinwinxixrrxdxxi
dnniwiwdwrddwwxnxrdrr
nwrrrrxi
ggdrgrrrirdngx
rgrgxdwrxgdrdrgwwird
iiggixrinndgww
gddidnxdxrnridrnwri
ginrnx
rddnwd
wxgwdxwrrirxiirxigxngw
ignxwr
dnxrrxin
wrxgniixdgd
wrnr
nnigwnxxr
ddxwnriwgxngwwrdirdigw
iigxdgirnrwnrid
gnxdiwgwgigir
rrgriwirrrnrnir
rrix
rrxngxdiwnr
rxnrwwigxddgwwngrdgnnii
dixwigwddnrnrrddxgriidnr
gxigwddngrg
nirr
xgnnrgwwinxiiidriwnixgdw
wxxrxxixwdggxir
iwnxxrdnxxnxr
nrrnniixwnnxdddwx
drxgwxrdw
grrdrdwndrwinngn
xixddri
gird
giwgirii
rwxgx
iirxrw
nxxgngridiwrg
rnrggniiww
iigrwgxdn
wxwwggiwddxndrdgdnigr
xwidddrgdr
nrxgninwxdwwdnxrdrniwg
wirrn
dnirirxignwgrwn
nwrwrr
xdnngwgrdx
wdgxnrn
dwdwwigirnd
xxdxdndxriinndrgwdnrig
nngrrwixwrndx
gwxrnir
gxrggnwxggrrrrrxxxird
irwrdwiwxirrx
irgr
ixrrrgx
dnwirdxridnndgdnixrn
gxdrxrxdxwggddrdrinnng
ixndwriinwdd
dddxnrrrxwndidn
xwwdngrnxrrgwgrwnr
rirdgnngrxxwdgng
rgxdwdrwrwgrwwdxnr
ngnrrnngrrwrxx
wiwdridgx
dwixrwiwgxrrnnddx
grigrgrxwxddndinwxgi
dgnr
wgrxrggdwwwdiwriwr
wiiirdgxwdwnrxxgn
rgwdwiirxxdidxrnwwwiixx
rrniiwrdnxnnx
drngrgxrngw
grgxxdnnnxx
rggnridddrxrigrwd
ixgdiinxirwggwnirndigg
rwignnrw
grgxgwwxwrxnnwn
gidrgnndngrrrgwwinxr
ringirdwndw
wrwidrwnnx
rrixxgggrdrdgin
xgnngdrinxndxgiixgddxwd
wgnrxgdgggigxr
idgxdgwdnnwidwxrw
rrggidrnrxgnrxrdndx
xnirddigrrgrdn
nxrdnnrrdxdgrgirnnn
xwwgxxgwwrgiigdiixgrg
idirgddgidrx
drrgxdgdrigdnnx
xgrigrgiinxgiiidx
nridgx
ngrwnwndrwdnrxdn
idgnxdddgrrr
xrxdrir
rdgd
dwwgxigxwgrxgrg
rdngnrndwnrxrwwdggdr
xxrrgnggidinnigrdrrn
ixnnrrrirwdn
rrdridnnxr
rwgwn
xwdgidxngrdgxdrrinwdw
wrgxrdr
inrddxwirwxgn
diwridxnwxxwgnxrrrixr
nrxrxd
ndrndwddwwrgngdngd
irggxxndxrwwniirrrngwinx
grrdrgrgxnir
rwndiidgxdrirwigdrirwdr
rddixwirwrirr
dirrrrrdwxng
wnxdrddxnwng
riwrixdn
rgwxgdixw
gnrrgwi
drdidinrnxiwngr
xxdngixwwwdnddinwrnrngw
xirggirrddirwnigrww
riirwdginwig
wnwdnwigrdddgrwrwd
igxggirdiiiggr
gngrrwgwrxgdwxxx
wgxwrxddwrnnwxgwdirggdr
wxnignrrrgi
xwrxdd
ddixrwrxindr
rwdgiwgirigdrxgwigrxrxxd
wrirwnigwrxrinrggigriww
grgii
wrddr
inrrgxrxrdrrwng
nrgirxri
wrrx
iwxwdigirgrdrrxnrixidix
igdnrrwxixinrxgir
nwnwdxinrwwidiwnwinr
igrddgnrwxggdnnnrnixww
ngiggindinidgwwrdd
gxggirwxdgdwrgrxg
idrxn
nwirwwwrrwi
wirrdd
xrwxdiirrgxggg
nrwggwrgdxrgwgrddd
irxiriwgnxrxxnxnix
inxgrddw
nrgidww
xrwnwnrgnnir
xgndrwnwrdngdwndnxdwnww
rxxxxrrdxg
ririn
ririridirwdgdnni
rrwniwdnrrwwxxiwd
wnwddgrxwx
wwgxnxixrinwnrdnxnnr
diidrgw
rixxxrngixgrrgrnxwdnxri
nignirxwdigrddwrxnnrdri
rnngwwd
wixnnixwrdirwrgdn
xnrriidrxidxnxxxnrdi
rdirgwngrgxww
rxrdg
xirrd
rxrndddrwndgiwwr
gdgiiirrdiriinxwxdwnig
rniirnixigwdgrwwwwgn
xgrxnigxrgirwi
iwrdgwrngxixgrgiddxrwdrg
niggnrigndxgxrirwxin
ridxgngnrd
riixinwwdnn
grignggrrdniwxrxwr
ixirnrrxdrnwiirwidxi
rgnndwxwidriirgdxrwgw
xwrwiiwngxrrxnrnwx
ddrrrdngrdxwiwgxwxwgrrrx
rrrrrxxggwwiiiiw
ggdririw
xdrdng
wrdwrxdrxxdndwwxgdnggxww
rwrnggrddrwigirnxw
winirrr
rdrirdw
giixgdgwggrriidnrdwrnr
xnirdiinggrrx
ddrdxwxwngwrdridx
wdxrg
wngrdrn
dwririxwdxigngggi
wrdri
drdnid
dxwgrwxxxwngxi
gnnrrnxrxrgddn
rgwnxii
ixrrwrdr
xrrxddwiwxdxn
xiwinrrdnd
wrrrr
drgrgrixdgdirddnn
rnnxdiixxwridrxrgrdr
rwggigrwngnirgnwgr
iriwwxxnrwr
idnwirdwxggrinwxrr
inwdgirx
ggigrxiddxwddr
wrdrirnddwnwxix
irgiigiinrdixxgnndxgxx
rrwdi
wiwinridinndixdd
dixdrni
rxdrdwdgx
inrddxxgdrxggdddggnigrn
wwxwrrndgrnrx
dniirggidgn
rnwxrgrrdnwnrnwig
giggrgiinnxxgxrrxrwi
xnridnrxinigiig
dggrgdiirrdwnddw
grrddnxr
xgdwiwnxiirgwinxnrgiidi
wnxnnxxrrixgxxrgrw
drrd
xnxrdndwrwixrx
nirwgrwxdg
gdwwidnrwdddwgwiddrrwd
rxnwxxwnr
drdgriixdidndwxdnrxr
irxdrrdixxrgndigdirddx
wrggnrxigrd
gdrgwxgwgiixnrnri
gxrr
wddgnirxxxnin
dninrgxrnxi
rgrwi
idwwr
xrwxddrdgxx
nwgdgxrgnwd
wgdwdnrddigwrrgg
ndddwwwxrrdngd
nrxdxngdriwnnrwndgr
dgiirwwnxwnnwn
rxrirdrdinxddgnwdiwggi
rriggixdxnxr
dxrwdixr
girgnxdiririixnr
riirgngrrdniixdrinr
rnrrr
dwdnwwwrri
ggdwnrrwdngiri
wdrginndwxnriw
iigrrwg
rgxrrrrrrdwinrxgrwxiwgx
nnrxgdiiindrrriidirrinig
drnngddwwidxiixnnxxnxdx
dgrxi
rnggxrwwiddw
gnxrnigxiidirxrddwwiwgrx
rinigwrxngdwdr
wixxggdrwwrdrdrwxdrwixr
wnwinrnnnn
wngnrdwnxrrwi
grrgdiri
ngnrwdgdg
nnrrwdrxrdgxngnndiwixxw
irwgddnngginrirrxwrxrgg
wxrdxnrnx
idxxxwinwrwgrndnrggxww
giwrxrrgrwixgdixwww
xgrrgxigiiiniirxnixxgx
xdrirxgxndigxgirwwiwni
nrwiiirxrxirddrirgiwdw
rrdxgxirdigridwgngindrw
wrngwdggrgdiixg
xndginngrwxidwgrgiwrr
ggrwinxxrdrxxrwwdwdir
nggrrixdgigrir
dwxrnrrgririddx
dgigwidrirdxgiir
wrgwixxwgrr
wwgngriigirgirinnnrdx
wrrrrnxgrr
rrnrrgdrixn
wgrix
ngwwwrgdnr
wgwrr
gidwdrirrgdgnidxinxwgrn
winndrxwrdgwrwrinwx
riirwginndngxdngnxrgw
rnwwrrwdxdnwddgr
wrdngiw
xxxxrgidwgngwgrxxxng
rnigg
rwni
rrxddiidgiwr
dwigxdddinrdgdgggixi
xxrxiginrrgirnrxwwrr
xrigrgrgrgrn
gxwwgixr
rrxxgigrgrwrnww
wdngdnirirdndwgnxwrnwxn
rrgn
wdgrnnn
nniidrgnxrri
rngngnwrn
wnidrwdxgwrg
rnnwrrxrxigxgdginirr
ngrnrxxdrgxdwrwirdxrrxg
rridwndiirinwdggrgwwxwg
wdxwnxwwdxrxrwrg
rixignrxrrgxdxi
rwxdgxdxrddxrgx
iindwxrn
ngdwxwnngigrrd
dnxdrwixrndx
ririrrixwnrd
xrinnrrin
gdxinxnnrrrwnnd
irdggixdndngnrdiwwiiw
rnngnrrgiigwnxgrwxxd
irwwxr
nnrngrwngrdw
xnwrddgrxdgr
nrgrwxngngng
wrrwdrgir
xxidxrrrdngwndriwxgw
diiwwiwrw
rnnixxxirnxdg
grriwidwiiirgwg
wrrxrxxnxdigwngdr
rxnrx
gxrwnwirddgxigrgdwxwr
rdwwinndgddgwwwrrwxngr
xrrnggxrr
xdxwdnndxxdrwirgxirgxin
xxgxirwrr
nwdnixwrwnndrngniird
wrgdgwwgwrin
rwrwgdrixi
rdxinrnrrrirnwdgnrgr
nrrdridrxdnwiwrnrirg
xixnrnxrgwigxwnnnnxn
wixnxxrg
ngwwwrinddi
wgddrnnnrdxdrigrdgnnngin
rgwdixin
gwnnwwrdrrigwx
wnxigxdidiriinnwxr
wrgidrxirrdgnxx
ggdirxn
rngiwxwiriwxixwdgdnrwdrr
idriidnirgxndnggdrdrgr
wrnxxwrxn
xrninngrix
rgrgrxddrrxg
ngdwdgdwnnininnrrggdww
wxrxxwinnxdr
nwirxriidinrgx
xxddwgwdrdiwn
xxgddidngrrnwdxxwdgdx
rxdrgrwrxdwnxd
nniigrnrdddxxrgxgwnx
ddrgxxdigxxrwgngnrrd
wrixnwwxgwrwxdrnxggrr
iigdr
nrgdx
igxwinixinrxrgnnrwrgnxwi
xrdwwddrgxxdgndirgddn
xdxxiwdxinxwgnnrddrr
rdrxwwxnwndrwrr
wxgrdxrdgwi
rgrrgrngwgwdx
xnxrrgrdxwdndninnxndw
ddxigdrwrxridgiiiigiixxi
grngx
wdwgr
wrrirwnngrxdwrindrggwng
gxrrnrn
nxrwdggd
nrinwgrwwxdrgxdxi
gigr
ginwnxiggrnr
wdxrninwr
ixwrnwg
rgiidwnrxgiw
ggnrdgrnnxwdnwrgx
nrrxidnidrwgrr
rnrx
iwnrigdnwriidn
rgirxrwgxgrinnw
grxnwxwixdii
igidr
rinnngixwggwwxrnindng
wirgd
dggngnddriwddn
rrwrwwxrdxdggnnwdi
drddn
drnignrnwgngdxnn
xgnnxirxnrirnngxddrr
rnxxwwdinrnixrdxir
wggdiwr
dxxgrnwrnxriwxr
wggrdxdgx
ndxrnwginwirixwdgw
irxgdxigggirir
nrgxxr
ndgxrrnddrdwrdirdxdirn
nrwn
ixirrwgxnx
igndwrgdwgnrnwrwdnrgwxdx
gdggwxdwdrgdwrg
rgnir
grnwnnrir
ixnr
dgrrwxngrgrdnrngdixnw
ndwwngdndwrgwirnxngrwiri
rgwnginwrrnwdgirwnxirngd
gnrwirrgrgiwrdxniwdwi
rxgrrdgiwdidgnd
rnggxgxinxnrrgxnngrnwng
rrniwdgiixgrir
xxxxiwdrxrdggixrn
rngxrrnngi
ddrxd
xnigddrwgx
iwriiiggd
gwwwgirdgigxxir
grrdd
xgwrdginxd
iiririrdgwig
iddxdrndddxnwrrnnwinii
xgrrnndxrd
nxignnxxrdngggrirngid
wixrgrinwwdgxng
ndrri
igxrnigwxnnwgrnd
nrwgrgxxxdrgdgdgiddixxni
nixgrrnxwdggi
rnrrnxwxgdirwidwdrnwnrg
wdxwdirrr
gwxrxnwwwxgrdd
riddid
rgirnggwrdgxw
xrrdnwinnxwrdigriixd
xiwwnxixxdwnxdwrrrxnn
rgnigwxidwrndirggiwdnx
rrigrrndngdggdx
nwnnrni
gwwrdngrgiigndirngr
iwdrdr
nwgri
xwirrxnxxrg
grddixi
rwdndngxi
wriririrrgnrrxwgww
dgwdwrrrxngigrr
rwiigwig
rriwxdwrinnnin
dxgxnxdndixwrriwww
rnrn
xwggdngndrrinnwgxiigxwg
xidwginndxngwdxrdrdxx
dxdrndndnnndnxxdrnd
dgddnrnrwnwwrnrxrdi
dgrwggdidwrrdgidrn
dddrgxrwix
gwgxinxgwnrrnwwxiddixrd
idxnrrxnwgwrwrdrdn
gxrrwiiwgiwgnwxxixdrndgx
wgrdigxd
wwrg
ixiinrrxrrdwgin
rdwinwnrdnrwrdwin
rgrrngr
inwwdirdrgirxgxgnigxnrdw
wxxrxxixidrwddrrxgxgwrir
rrwi
rwwnxriddr
rrwwgrwnr
gdnnxgdrgdniirdiidrx
iwgirwwrginxggnwg
rrnnnggrirgdddrddi
rwiir
gwgrxxxwnrdww
nnrdiinwrgg
xxxxrr
xdwrgxnxidwwwwirinxwdr
xwdwggrgdrg
gngrnrw
xwrgir
gxrridrx
rxixixrwdxxddrdddg
nxdxrwgx
gixgdnrrggwrrxwxi
rngg
nwwdwnddiwdwrdnnrxxrxr
igddxwrnni
wwdrixgrnxwnr
ngwwrinnxxxgir
driridxrnnxrxwg
xdrdrrgwnx
ridwrrgnnrwnxixgrig
nrinnrndx
iirgiwdirgxgigrn
wgrnddwxigrddrdgx
ndirniixiixggwrng
wwggxxrg
dngwnnrrxdgxniwidwdwr
xgxrnrgggnwxixrn
gwgwrrnrirrdiixwirgw
gwwxrdgrgnrnxdnwrig
diwrrngrix
riwrgixxirgxndnd
dnggngrgwrngn
ixwnndddrdi
gnrnwxnrxgwxniiggr
grndxdrxdgwdxxw
xxwxrwdxgxgrd
wxrgxiwidirrdxxr
drxwwxwiwxrgi
irngidrrrnrdd
gixnrir
igxgxirrxwwgnxirx
igngdixrgdwdnxgrrdnxn
rdgrdxddwri
xnxxrnrrr
ndixridinndxdrrid
wggwrrng
diirddrd
rxnrwrr
idrnni
irnr
rwgwrggxgxrigdnndrxrix
xgrdgdxgrxggxdixrinx
niddwnggir
ridgirrxdnigdrrgdixgigwd
gdidwrwdrrwnidn
wxidrggrdggxgxx
rwdrnixwignigwdnwrix
gdrxnrwrxdi
dwgddxiwrxnrrxdxrrr
rridgdwdr
wwrxxr
drrgrxrgig
wxxxdr
igrgddrrwxwd
rgdrgrx
rnrirwi
xgdddrgnxdxdidxwiwrr
rxnrg
ngrrrdwrinddgrxniixd
wxrrdi
grrir
gnrnndrd
driwirwndg
inxwnwrd
dgdxdxxgxdxrrdxgxdr
xxgrrnnwrgwxw
rngrxxridi
rirrwrdxrgrnnirgrin
inwrrd
igwrnrirwwnrnrgdng
wggrdrinriwnwrwnrxwrwid
gdgrii
rgdwrr
rxwxndixniirirdwwxrn
iixrdrnnggxgdwigdwgrdgn
iwxrnxin
dinrdwwdgxrdgxigdxir
dinnwwxdigrggid
rdgwddrrxnnrrrd
nnixgwrxrnxng
ixrirnwxdrnwdwrg
dgrgwrgrigdwwgrgirngxx
inrdg
innriixwwgg
rxxnnxrggddrw
irwg
ggrgxrddiwgnird
rgxing
riinrngdgrgxwdixi
ixnxxwndgdxridn
ridxdddgdxnrwi
rggwwirnrw
irnrwri
irgwdgnwiwgxrwxwid
xrii
xxdrriddnxindngiirdxrndg
ngxxgrrdrrxgnxxri
wgddnidwnngngrgdxdrrirnx
xrxdrrdxrnrnxxgnxr
xwxgnirnwxrwn
rndrgxigirwgnnddwxrgdrwi
gxggdixwgrrwi
nrwggxnxwrdndwinrrind
gnwnrnrwxxnrwxrnnxdx
xinwgrwiixgwxir
nrxwxdxixddrxxdnrwrgnx
wixirininwr
nrxxdrdndnigrinnxwnddi
drdinxxwgir
iwniwgxwxgiwdrdrr
rwixiixggigiwwiirgdrwir
wixiggggdngwxdgiwnr
rwrwidnidx
gxrrgirxdiggwrrddggwrn
wwgwdgrnwdriwiignr
xwxnrgrg
xiwdwrnwnxw
rgdirgww
rrirnngnxwrd
wixinwgr
riwndrgw
dxrxngwirinixinwrrgr
iiwxngxwrwxr
wxxnrdwxrdwgrwrnixggr
dgrgddixnirwdxxd
rwwdwrrrxrdxgrgwr
nwxxnnndnriwxidnwi
xgdwrirxrrxg
rxrdxwgnrwxxdnnddixdxnw
wnwiiirnrrndwxgnign
rniwxi
nirrxrwx
xwrdnngrgwignindr
gwgwxwdwxgr
wwiwndrr
rdnrdr
rggrwrnnxgwnw
igdnixrdxndxnrwwwxndrn
wwigrrdwwdxin
digdwgwxir
xriww
ixnnrgidninrngrgddr
xwgr
ddigwrgnxiirwdiiwwxg
irdgwrndiwgxgrwixdrwrwd
rwidnwxxwirdnwrxnd
rgrdwiw
wrixxrxi
dndrdrixxw
xwgdgrdrwidxnrirgirnrg
ndrdnwgriidgr
giggwiwnrwi
gidxxdwnnxnrwwnwrirgrg
rniririxwgingii
ngirgwwdrndddxigwrwi
rrxiinwddirgnrgi
irwgrwxrxwddnrxixrwix
rrgnx
irggdin
dgwwidrwrnxw
xnrr
gxndwrnndnxnrwirngd
xirxrnixixrgxnwnwririxdi
gdxidrinrri
rggrwxnniww
dgwrirnxrrnwgrx
dwirgxrwdnnxnrdrdg
diwnngrwinrxindggwrw
wdgdrgrnwnixgxrnxd
wnxnxrxwgwxr
gdwiwrwgd
rnrndg
gwwgr
ginrxrrgnrgrinr
drrrwwxringrggidwdwingr
rnrgnrxrrgdinwr
igdingxrrwnrdgn
dggrngdxxnxxixdrdnwww
dxnnxwgddwirnniinxdddww
dngrwrniwnxngrirwdgdw
ixgxdgwnrgdiwwxwngxr
ixnxdnxgxwxggxnirwrwgxrg
irggwrixnwwdgwgwx
nwidnddwnwrri
nwrxr
rdgniwixwrnwrigiwgww
ggxiwnnwrgnxiwgi
dnnr
gnggr
wxngnwnwgrr
ndidwwrdgxgdnwngdrinwrr
nrxdnngx
rwrwwwxndwrdnng
grrwwgiriinrwdgggdx
rnxgiwrnnndrgridrgx
iiwrwnnwwng
wxrdixggxw
wgdiddgxngiwinrxii
nrrgdigdxn
wwidrgixidiggggdrgw
ngwdxdrixnrinigrr
rdriwwgnindxrnwiirnndg
xrddiiwgwwndgrgdw
gdddrrrgw
drgdddrw
wgrxxgwrrirx
grngrgignxnnrxwn
grndixigrggwixrrrdwdx
xwxnwnrinwwx
ididrwgxxndrndxgd
rrrdiwxidw
wxrrrxwwxigwngi
drwriin
rixxnr
rgwww
ggwwxddwnddnrrdgnnxgr
irdidnxxwxnwndwwdrxnxxrx
nnxrnrr
wwrrggidirxnirwrirgd
xxdwrxxrgrxdngrdirx
ninrxwn
nggnndgnr
innrxgdiwrrriwwwg
iwxwrnrwiiinrgg
wdixrirrwxdxxndrwgxnn
rrgrigw
grri
rrxrndgwxxwriw
rwrxxdd
iirxdrw
gxwdrddwwn
wrggrrdddxnxrginiwgnd
igwrwndrnrwirxxrdrdniwnn
ngdggrgigdxigrirx
dddwrrn
rgnwdgniwgrndrrwwigxdxni
rnrwwddxdriixxrrnggxw
rwrnixx
rngxgxnrixwiwwgwrnxrrx
rwgrgd
nwxnrxrdrgnxn
xrxiirgdrrxdw
ggiirndnggwinw
wxrxidniwxxrwnirdxix
gwxrwirwrrdxnwrnrwni
xrndiigrr
inidrxdgg
xgixigrixrrgxwrw
nnrgr
ixdrxdw
xwri
dnrnrr
nrgirdggwnngxiddnrxrn
wrixrwgnxrrirdgwgrnw
gxddrdwgidgndrrdwx
girrrringwrxgwrd
giiiirrrir
niiwdrin
rrgr
nigdxidigrniwxdnw
gixnnwrggdxixwwnwnr
dnrgnrn
ddrnrwrrrg
dgiirxdxdgrx
nixirrdnrgxirwwdgxnnxddr
xggddrxdnwri
drniwrgrxwrixxnxi
ddnrdrd
grxigign
wrrwirrgiwnwwnwinx
nrrgxgxngndrwwrrxwxxr
dnngdrgiirg
nnwrxdwrgri
niwwgrnwgidixgndrn
wrgxdwnnx
dddgxxirnriing
wddwnwrx
rdnidnrnwrxxwdgdxi
wnrwddg
rwnnnrw
dgwnidwdwrwdrwdgrgn
wrrgndgd
rrwwdrwwnrddwdrrnnwri
xwnrggxxringrnn
irxinxiirwnnnn
dirgrnddiwindi
nidgwrrdidgnnrndrg
rwgnnddnrx
drxx
drgwiidrxirwgnrg
xwginxirwrwgir
wirdidgixrw
wdwwwwxinirrnrw
ndnr
rdxnrx
xwinrrxwnwrr
gnrxdnndixxdgrixwidn
rrrgxirnnixxwrxwxnwrd
rrrxrgwdr
gwrdggiidnggrng
rnnrxwi
niwxnrxgxndixniwwnwrd
wxixxrnrrwdwxn
wxnngwrwrrnnr
gxdinr
wdxrrngww
rgrgrnrdxnxxdiggrxxxx
iwddnxxxrnrnwrixi
rwwnggrdwnxwddid
gixindwrrnnxwnxirigdrwg
rgddxdd
rdxxnxr
xrnnirwdwgxnrdxxwwrdggi
ddigrgidgxrgrdr
rdginwxdxrngrnwwrdnixg
rnrrirrwxrdnn
dwgir
ixrrrdwriwrrxrn
gdgrrw
igwridixxdigggrgxdxrgnnr
xgwwgnrixxnnngdrgxnwnwi
xgxrnxngirrx
iirgnwgdrdnwxdnw
nxrgnirrrwinndiiwgigwri
wiwgixgxdnnrnxiirxdii
inndiiwdiwwnrrrnirwxr
xriwiiwiiwx
wwdnwrn
griniwrxdxxixnwdw
niwridnxwwr
rriin
ngrwgwxng
wxrgw
rxirgxwnirnwginrwxwr
wxrgrrgxrdgxwddgrwiri
niir
gnrnwwxrxdiidr
iigrrrrggxgidw
dwwninrrgxrxi
rgiwrddidx
gddxdnidrdwiiiirndnxwwx
wdrr
ginrxnwdrrnxn
rrxwgrirndxwxr
rirrngx
riwgidrrx
grndwwwidr
ggirirgdr
dirwrw
igiwrdnxr
xrxnxxiddinrnwwrgnwirdi
grgirr
diirxwnndw
grgwrxxrgwrdinnrwr
iiiddggdnwrd
rrrwrnrngxgg
wnrxirnrrxrinrrdwnrxi
rxdwrirrg
xnigdriwrnrxx
rnnggrg
xrixgirnirdnndidgwwgng
rwriwnrrixwddgw
dxwwwrrdxwwr
gdrwrg
irxxg
iirx
rxxwwxrgwgigxxrdxridwdrn
xrwdw
xnxrngnrrg
nniwirgwdgnrrnx
gwxgddnrrxw
xixrirnwwd
grrnnixrndxrdxwxnxxri
wrxdixgnxnwdwrnirnixdrxx
gxgrgrwgdrinrrwwnw
wggridridnrrwnwgwrrxr
nrwndiixnrirrr
wdrirnxdgrdndrgxiinrwid
gidnxiwnixxrwin
xdiwddwrnn
nrnx
riixxxwr
rirdgnwgiiwxxixxi
wixnrrdxiwiidw
inridndgxwnwndi
wrri
ggnwggxrgxxdrdwnixr
irdrninxxxw
nddnrdngdxdiirwrwgi
wnnnriwwxgrgwnrwiri
drwgnnw
idgrrrdnnxxnxgidgi
wxxriiinrgwidwr
dngngdixrgriwdrgxnw
giiidwrwdrxxgrw
igrggdrddniirdwxxwxx
irixrgxrxrrrrdxnixrdn
rxiindrrgdxxnrn
ndnrnwnggiwg
idwxwr
wwrn
ggrxr
wwinrwiiwwxgdrx
rxndxxngxrgridrixw
rrixrniwggiwi
grrxwrrxxdwngrdwigiirgd
nrrrwdxnxwigndxxrid
niirggngwn
xrwdd
nggirxrrwr
dnrxxwxdd
nirrwidwiirwd
xniwggxrwwnwdd
xxidnniidrigngxniigindr
rwdrrrnnri
drdrwxxrixxdidgr
igigwdgrxwdgxwxrxrridndr
niinddrwxrd
rnggxdn
wndgnrirnwrnnrddr
iwxxirididgddwrgxnd
wnrridrxirdwggirn
rrir
rwiwggxrgnxrrn
ngnnrd
wwrirnnwndwi
nngxxwnnwngdgrrrndwrnwg
riginiigwrrdrdi
wrgndddwrxdr
wngrixrnrxxidiirgwir
iddrrwrrdddwrxxdwrnwxid
gxgdirwgrdxwrrxrx
xwdgwggxgnnngrx
idnxigwwgingrgnw
rxrrxirx
irnxiwddxwdwdwdrxigww
nrgrwrwin
wrwndrdrg
rnrrdnnrdwwriwrw
xwnwiwdxxgwirgnnngrxr
wdndwrrw
irndddirgr
grinw
rggiwrgwwiwxgxr
rrdx
wngrnngd
rdxnnrgrxwdnwirddgdd
dgndnnngggdwirwirndrn
ixirnnn
rxwr
ridingr
xwwxrgxnrindxggiidnwrr
rndirxxrnxnrnxg
wgrdwwinxwdw
xiixxgrwnrnddiwxrrwiir
gwxgigxignrwrwwdwrr
ixwwr
ixrgdnrin
wrnxnrxrgdirwidwd
xirwinx
rwddningigwrggniwdrnxi
xdwdggrxwrnggdrgwig
wwngdrii
rinrxdgggirrnwnidxngr
xnrirxw
widiwnxwgxwrgrigrrngi
gidrindn
giixri
wigiriwngxwrirriddrx
rnnngnrgxngwxnn
xgwxrnnigrwwrggdngwn
drxwiigdrrgxg
wndgrrxxwggwrgnw
dixnwgrxxrixi
xwxxnr
wrixgnwrdig
ignrxgrwiggwxxgixwngggw
drxxxwnnnwwrdrnxir
rgidwniixrixgirr
nnddrriiriiidrn
wrgxxgnwiingxgxwwwxixxg
nddgrwdnwxrwrnrxnxri
gxiiiiwggirgdrndnrrwgrri
grxdi
dinnrdngnrgg
wrwwrgdrrddxiirwdwwn
xrdwxgxixwxnd
rgrrgdxwriwxgdir
rnnwwgxnigdrgixgrnn
wrgdnggwgdrrd
irix
wwrndwxrwgnxdirwwiww
nwwdxxwxgwxxxiwwrrnxngn
wrnixwdgxrrgxrnnrg
nnggxgrrddgx
rdndddnrdwgx
grrgnrdix
rwngrnxddnn
rxgxrrxdnxdrrgi
rwgdixrdxnxgnxigwdi
wwriixrwri
gwiwxgxdggwrdiriwxnwdrgx
wdrwwwgdg
rwir
wwnrrrigrrdxrgr
wddxgnrrdgniddgxd
wwdgdwrwirrniggi
ddxggnrin
xxrnirngwxgdwdrgn
gwirwxwwwwwnwixgwigrrgdi
nrrwrxniwnxwi
xdnxgnixwxwxrnrgn
nrnrdndgrxxnwg
xrdnrdxdnrwxndn
wwwinnwgwiggrxg
rrnwdnwgwdiigri
rxddgnxwxdgwrnwddrwxxni
drrnidndddgxingr
rindr
xnxwdgwxxxxrrwr
giwrrinirnng
xidixninnrgnwrdxxrinndrw
ninrxngxrg
rdwgwr
riid
nwndgrrxndn
gxrgiirnxrr
dgwrrgnd
rwnn
rxgxrwwrrgirxrgn
riir
wrxxrdingwgwwwwx
grnigwxwnwrr
rdxrrwirgrigigggwrixnxrn
gnrriirddriiwrrxwni
gdgrdddgndiwgddrnnn
rgrxwwrgwxii
nnrxrdixdxggwwiggridrnx
dniiirriridgi
rwinngr
nwrxnixrnx
gngwggwnwgxxxggxndxriwnd
innxnrniirwirwnnrgdxnirg
digidrr
wgxrwwirxnddgdirggx
rxnirw
xrndgidgrxxrnggxr
ridx
wgnrrdxxdrwirdrgwdgxx
ridrnx
nrnxdndxiiwdr
dwndxingwdrgxrnx
gwdidxwrrxrgwg
rgdnriwgiwdrgxrdw
drdgxrxrdd
wirrxnwg
dnwniinnggrg
ddigrdnr
drgrixrxx
rgdddwddrirgrrgrxgwdrrrg
xnggggxwwnnrnidixdw
rxxgdrrdiigwxxgrnxxirdgd
nwrgwwxigwxr
rgwnigirririrdgdrdxgxdrx
xxxnirrninnnrdgrrdrgig
nwwrrwwd
xndrwgrxrrgxxwgdwxxx
dwrnrngnr
ndgnxninniixdgxirgxdir
iirdinxxxndg
ndxrgwxiidxgin
rdnii
rrriwwgignxigdxr
wnnngigwwxgrxdrndxgg
wxrrdnwdwrdwrgnxxngiiwiw
gnrrxiidxrgndrwgirrgg
rxdrdrrnn
drii
gdirxwxinrnirwn
xndwirdrnnr
rriiwxrgrgn
dwrxrrgw
xrrnwgdirdgxgrdrg
dxgxnidriwgwrirxxw
drixnwi
rgrwnrnnniwrwiixgnxwnii
xwgrgrrnxnd
dddrdinrg
xgwdnnwrrrrrggngggi
wgnrrdginnriiwxxgr
gnrrxr
wgginwggdgrwd
ndwngrixgiwirnirdxrgwxd
wrdninxnxnnrgnrrxww
ringgwxxidxx
wirwxwx
inxriwnxwwrgrrdixrgwrxrd
dgndr
ngwgdwndrndrndwignidd
iwwwr
nrxnnrwiddwgxdrgwniiini
inrwgirinwrrnrddiixx
rrriinwndixwgxg
wxrdirwdgdgngrx
dnwrnwxixiidrdiiirrnw
xrnrdnrngiwxxiinnxdrrdx
wrrn
xxxxxrxwi
gxnwdrg
nwnwnwrxnrwdn
nxdnrrxnxxwngidxn
nwwrwgdnrrggrdgdwnigdx
gnwwrxr
rrixixxxrrdgdwdgi
rrrxdwng
wdigirwr
iiwngdinwinnwirgxnigrdx
rwrdwdgiiw
xrxx
rdgi
ndrnr
rxgdddrdgxgxxxrigw
xxgxnrxrignwninri
dnnixnddxnrdrgrngwnx
rggwwnnwngwdwwgixniid
innr
xwirnwnxdngnndir
dgwr
drrrrx
wgxwixiidrinrwnnrddwi
rwwg
rnirdrirwrdixwwr
gggigxwdnngwnxiirdirnwnr
nrxriw
ndnirwwrinxxwxigww
iwgwrrgngrwiwnrrdddwn
xnrirdrrxrixwgwinxxnrr
iiinggwwiirdddrxrxdirw
ridnngrr
iiixiiwxgxiiwgdwrdiw
wgrdndwdxixddrdwwg
wgdndirwrrd
rixwr
ixdwrir
iwndrwdgxx
xngxwwwgddnngrinwxxiin
nwgnrgixgxriwrn
xrgnwwgwigxinrriwxi
xxgrigggddinxinnxwgigrwg
giixwgnr
digxrndngdgwrnxgxg
wnwixwrggwdgwwxdxnrd
rgnxdwixrxrn
nrin
rrdwwrrdxnggn
rrdiwrriwwwniwrx
widwrggxxdwigigrgix
xxxxwgirnriiwinwrdg
ixwrdrgwr
xginwrnwwrxing
rrwiwxwwg
ggixxdngrgnnrinnxxgdiniw
nwrrrnwwxwg
iwdggxxxniddgwrddn
ndnxgrxx
dwirxdrdw
rdiwixd
nrddxxrwwxnd
nrxgngirwgnnn
nwrngid
xxddndrird
igwnigddrirrrrrdnxinggrw
xgrwrrndgxgd
igirrrxgrxddigr
xiwxwrrgddidr
rxgdiwdwxxrwrinnrgri
wiriggnxgrwggxdg
rgnx
rdxx
nrrnggrgdrdxwdrwdwn
grggxr
rrwgrdr
rinindixnxrgxrnd
niixwxddriiwnrggwrd
rnii
wgdrddnxgwrgnx
wrnx
gngiixrggirr
nixngnwirwd
wgiirnndxwiwi
xrdr
wwixnnxwdixwiwrrrixx
rnrxwxgdrxiw
gggrnxwdirxgigngrxri
rgggigdrwxddrr
irwiri
rxxndwdwriwwrnnrggnrxwwx
grnxg
nrxgriidwwigr
ggxxxxiwxggwrwiiwr
xrigwdndriwddrxxxnrwri
rrrwn
rnixdndnxinddxwwwnxwdxi
nrrrgg
dxgwnigxxrnr
nxrgrnw
drrgwwxrrrr
wddrxgr
iwgnrwrwngxnrwdiirn
drririwidx
xnrirndn
xgrixgdxdgrrd
wdrxiwiwiwxn
rgrng
grdgrngwixnndwxdddindnx
grxr
xgwnrgwrwdxxrr
drgnxxr
rnnwd
ggdrirwwixirnnr
grgwridg
xnixnndrixinwxgxx
dwwnrr
drxndnr
wdrgi
gxdnnwnndrnxxwirgwg
xwrixgrdrrd
irrgrrngdxwxwigwrwdrxnx
irwnnrrrdridixdd
wrgrxiidrdxigi
dxxrxrirxnxd
rgnrxgirgi
irrixxrgn
xwgdndrwniwnnwdwrwrgr
riiwngwgrrxxnxrwgw
nixxnrdn
riigxwxirxiidiwwxird
ggidr
rrnndr
rgrwwd
wxwiirrdxggxwigd
rirwxwwgxxrwgiwx
rdrwggidxnixxnrwrrdnnrwg
xxrrxxdwrwxw
rwrdwrxxrni
xrwxnrrgdxgwgirrdn
nigxnddrxgrrn
wgnnirdxri
idwwnnrg
ingxgidrrdgnig
nrirddwrgx
rwwwirdwwr
ixiwrdwwxiiiwwrr
ddginigrxdgrwgrndxiwidi
xrrnrx
drxd
iwnnxrnxrgrwrwg
wnnggdr
nnrnidxinnrir
nrnwwddiwdigwwr
xxxwrwwggwgxridrwdgwn
xxxgnxxdwwxnrrxggndi
inrwxrxixrwxrxdigngdird
nidwdrxirgrwx
wrnxxx
nxdndgnrwdnwxxwrrwrww
irirgrrdgwggdiddridxdr
nrrnggwiwwnrnxn
irrrgddnndwrirwxiwxxrwxg
wixdrwgiiwdnrixrggn
wwwwr
nxrdrrdrirginddndgrgixgn
rigrwwrdigdrng
rnxwngrr
xirnnrninrgxrndiix
inidnriwwir
rwrnwig
gxrdgdgdnnnnixrding
nrxigrxdwiwrrrwgwr
rgdwxrindnnrdrwdrrxrnx
gxgirwr
nnngir
rwgwxnxnrnxrirrrrdn
rrggdigdidx
wndwgirnn
nndnwrwdrggdxiwgg
wgrrwxixgxwnw
ixgxnggr
ddwngwnrnrggndidddn
riiringwnnd
rdrxdxdxnwirnd
rdxgdgrxwxgrnnxgnirgdixw
gxdrggridn
wxgrnnxnnwx
rrdwrxnigrwnirgxdrignxxx
rndwnnxrnnwi
winirir
ndnrx
nddwrgwnidngnnxxgrdggxgx
wrrxgr
xrxdndirwxwrdidn
rgnxwwn
irrddx
niwdgwxrgniwxgxiddnd
iggrrnind
xxrxdigriigxddn
rrgwiwdrxi
dgddirg
nnirrrwxxdgxdginirgxxdwx
riddxndrrxg
igrindrrdxgrnwnxrgx
ndnrrirr
ngxrwwwd
rddidwxxrdgxdwir
dginirxrwii
iiriddwxrrixgdnrwwggdrn
drrnigrnxggrgwg
dxrxirw
didrnrxwrrnwirwiw
ixnwidxnngdrrxixniidwid
didxwdirndrxrwrwxw
rwwndgwnngri
irrdrrrdrr
nndrnnirwxigirrxg
xdrdwddrnrgx
iirdxrdgnxixdnx
irgngwgwxxrwn
ninwdinrwxgxdrggwr
xirwxd
rnnr
gwxidigwrirnrdr
wxignxdrgni
xwrrrrrxdwxxrgrd
dxwrdddnwriw
rdiidirxwxxnxigr
wggrdxxinxdnrxgin
wxidrdiwrrn
rdwrnrxxgwrnigiixg
drrwrid
girrrgd
dxdiiwxgxngggwrnidxdrwx
rdig
nrwdrxwdgixndindrgrwwing
ddrigx
dxxidgrwrrwrr
drrgnnrrdxdrnwdgx
rxwndnxnndxndrnxrix
xwiwrnxwxnirixrdwxdrr
rwixgxgwxnxggrrd
irdrrdnrxggg
nwggrrng
rixixrdiiwdirrgwg
rdnd
ggxddiggrnwr
idrrwixxdwrdiix
nwwnrxrd
gnrrxddwggdrgg
rnwddrdgidgigriwi
igrdrxix
rdrw
dnniwinrixrxirndgdxridx
nnwdiriirxdngwrignrxi
idxirgrrnrixxrxxxgrrxr
dnrg
nxndxnwxndrwxdirxxxdir
wrwdidnndndrdrxig
wrwxd
rrxriigxn
xnxnnnwxdgrrwwwxdrw
gigxnnrrwrgwgnidwxdrd
xgrinwxgiddd
rgwidrgrn
ndgdgnxrgirigdwdwnxwnrnn
iwnrdgnixirxwrir
nwdgdigdrr
wdignrnnwndnxirnrni
rngddwiddirdnddw
wwidwr
winrinxrwwiwddwnxgigw
rrndinxg
rdgirrgdgdriixgdwrni
dgdrdxgrrnxiwddr
grdigwniwiwdgwd
wxirrggigwwdirgxdn
wdniigwrnwdnnxnggwnd
rxwxdrgrxxrnnggwwggdn
rdrndninnwgrdxrxrrixw
niiwgr
wxxwdngdgrwngrirdw
grrwxw
rxwxwrww
drwxdxwnixgrrxgxxnnn
rnwnxirnxngrwd
ixrwrggwirndiwnxdxidwr
nxgdgrnxxdxgd
dgixrrnngiinndiwgrwxrwig
wxdnwrrx
wwnnridixnigwidwrxrdrr
drxnignrrxrinngdgiigid
wrrrixgidn
diriwxwgirn
rnnnirgxigrrwriwiwg
rrrrgnnx
drrx
iiwgdxniggxidiiwdrgnnrgr
rndxwxdxdiinxnxg
xdidgdxxwxr
drwixwrddirxwiwxidw
gwndwr
iwdgxrrixngrignwwdrg
ndinirrddxiiwwg
grggrgi
drdwirwd
xignixrgr
wnnnxxrwwriiiwrx
rxgw
grgxiwdxwngxwniind
xgxinrxdrnigggnxnriini
rgrnrxinwdnwn
rxigr
gwxxdrxxrrrgxwxrgdwdrn
rdgwrnrindwidii
dixnrdgi
ndnrrrnwdwrdggrxd
wwrndxiwiirdngiiwi
dirwrrwr
igwidrgxrirrnrxxdggnw
xrxr
nnwidgnrxrrnxdrrw
ggrnwwidnxdr
wdrixgnxnwrnnnrdgwwid
ngiwnrxixgrwringii
iwidrnwxxxr
irxrxrwdniiiggid
dxxrwgxxxrrwdindrw
gxrdngrwin
igwrdxnrggngninrixdddiw
dwrrwddrg
xdggwwwrgr
nwnrgrxrgnxr
iiwiwnidxirrnidrgn
nnnrxixiirriiinnrwxxd
ggnngwxdggwxidxgngrxirgn
wigirnnggrdixd
ridxrxdngxggxnrwgrnixi
gnxdrxwrigr
dwrxrnnwngnd
wrdnxxgi
nxdwnwnwdddnxgrgndww
igigr
irxrddxngdxwgwrw
nrwrigr
rxwrrwgrgnwwiginxrn
xxgnrxnxrrg
gwgdngndgrgwnrwnd
nrrgnx
wgxxrrnwn
gddrxgrgr
ndiwnrwiignwnrggg
rrignixwnrxxwdgw
rnngdnniwxrdddnind
ggiiniiiidrgrrdgdgw
rwxiidgwwinixxwwxnwrdxgr
rdxnrrrwrxwrwndwnrwrrwn
idwrxrign
idniwxwrrrrgiiwxwdxdidgi
rwwrigixingw
ndgwxggdrxdrddr
rxdi
irrirxgirdniigr
rrinwnwdxgrnxgrrxwxg
rxwdxdrr
ixxrxwrnr
rdxgdiwrrdnrdxrxnrnidgr
rnxngwniwnirgdrwgrg
ggwngrwxgndnd
dwwxixigwrr
giinxggnrrninwirwx
wginddrxrrid
wxriwinxrwd
idxddnrngrxnwnniixww
wixwrirrr
iwnigwdnwgwrdxidir
irrddxwddngininwgrwr
ginndrrinndxwrrdwigxrrn
iwwdwinxdxrdwxxgdrirignw
xnwwrxwxii
xxdrnrgxrxrxdrngxigi
dixwwrxwiwnrrdxn
rggdirrixrrdrxwngxwgnn
wwrnrrnrrdix
irgxrg
gxxnwgixiiixrd
rrxnrndni
iwxnriwr
ixir
idxirxiwxirwndwxnrnxgrx
ngxwdxndidgxnirrrwnrxx
gdwirgwrdxngxriirxrxgdiw
rnnrwirrdxrnirnggrxii
iirrirngxiwrxwr
dgrwdwrig
nwdxxwwrgdg
xrrggwnridigiwdwg
drdn
rirrwi
rrrxinrrrwxdwrixindwxdx
igxgririigigdgwdwrrrw
ndwrdnwwrrdwwdidinwir
gdndwrwxdiwrd
grwxrr
nwnr
rgxgxwdrd
irxidgxrrw
rdirwix
ixnrx
irxgridnddwid
rrirwinirdrdiw
xiriininrwnixd
grdiwingwindrxwxw
gxgixrgxgwidgwg
iwxrnrwd
inwdnidrwxwxdgriigw
xrwrxggnrrirnxrgdrndd
ixgrrdwgwwdr
gxdrddngwnwrwndr
girrrgw
ririwxxirdwixii
xxrr
gdxgdxxdrgrxxdrnnr
gxiigrnnwnrirdidirnxwn
ddwnrxgwrrgirirgrndd
wrwxngnniigdrrrddnn
nixigwgrigwrdwdw
nxwxdidrgrnrnrnxdwn
rwrnnwrwrrgndxwxi
drrnggxxgwiriirndrwwg
wgxrrwi
xrrrnwwwwwididnndix
dirinrng
wxrrdrnxx
innrddd
gnwwnginrrxirxgdrw
xggwrrwrdnxiidgrxwrwxw
inwrnwwwrggxdx
xrxnwx
gwidgdxdrxdrgwwrxgwdgwg
wwxgdwrwdninringiidw
drxrgrgidrgnwg
dnxxxxwdnnrnnnxrgnrwrir
gndwrwwwrwddxrdinwwwgr
ignxggxgrrxwx
rxinnxixindrnri
nxxdriiwrniixiwrwdn
wrdrninnddxrggrxxdrdw
xrninir
wrggdndiddgiwgwdddn
rnrdgdwiingrdd
xwwwgxrgxrxgdrni
riwwiwdrrrg
niwrinrrrnwid
ddrdirirxixw
rxxixggxgndrn
giwwrwiin
riiidgg
gxnr
didrrdnringdidxidndi
xgxwnxrgiggxdirdnrn
dniirgrr
gniwggggdwiidwxddrrxxxwx
grxxrigdgdwn
gwrwnrinrirgwnndwirgrwg
ndwgndrrxnxgwgdin
dgwndgwddrrwii
xrxwxgxidxnxwrnn
grwrdrnrx
drdnxwwx
gwxrrn
nrdnnrdrirxxixririgrgwwi
ggnwxgwrridniiigd
igrwrgrwxddiiwrndww
rwnxxnniixgwiwxrx
gidgiggggxrnxgriiwrwi
rwrndi
ddwwrddddrdiwdrn
xddirrriig
drrwng
ggdwrdiw
wgrddxnxirx
grixxgwrxdnw
rgwndgrxxnrr
xggrrn
niidwrxrrg
riinnwnnwwwwdxrixwiwindi
drrwxirwwxxnrnxwndxirwdi
nnnrxxrddrrxiriixnwdi
wrwiwgrrdinwrgrr
xgdwgnnrnwn
wdnwdwrn
wgrdidwiidxr
gwxrrr
rinxgwirxndnwiixg
igrdg
ndgdwxxgwddwgnrxiiinwi
inigigdrnd
nwdrdridinwwdinxrirwdg
niwxidnrddwdgd
nwixgrrdnxgrngiinri
wwnwrrg
gnigxirgnnwwr
rwrrixnwrxgind
dridxwnwxwndnxngrdwxnxr
ginixwwixndgrirdrdrxidir
xrnnx
xdxxgnrrg
rnddxdniignwnwwdxrg
idnirrrrrnixngigixxg
ggrdii
drdxd
dwwr
xdrxrgwirgnngrxnwddigrw
rwwwgdgdgrgrxdrgwx
xigrgxdrwgrndw
iwxgwdxrwxigggr
grnngggwrwinwriirndxwr
dnxrgdgrrgxr
rddn
grxxwdr
rdrir
nnxwrggxgrrngnrggwig
xrrgdrxgg
rninnnirnnnn
irixxignggwd
grndixdgrnrrrdgdrnrrx
rxrrwgirwrdrninxdwgxixin
idwxr
rrnndgggwxwg
drgdnindnnrxnwdxgdiwn
iwnxgrrnridngndgrrrirg
rwrrnrxdgxdxrngdrirnrdi
nddxniiidrwgnwdxiinrwrdn
rgddrdxrdxgrdirigwirn
gwrnrwrgxx
ggdwrddwnnrw
xdwwxgwxwrxni
ddwrddrwrdnrndwinxi
rgxrd
rxdiw
gwgdrddxxrdrrn
ixgnnxrgnrd
dxddrrwgwrndniwrnnxx
irwxriix
irnrxwgindxg
xirnxww
dixgwrirrxdgwir
dwdnxxgirnwxx
ngngiwrididrd
rgwrixwrxwdgwxgiidgdi
wwrwwdnddnndxrrdgngr
niigwxnrrrixgir
ixngxrndirxdrw
rwidxggrixxdigxrrxii
nnxr
rnndd
nridxwrxwr
xrwgiwi
rxngwxgixignr
xixinddggxri
rxwdxndgxwwrgid
xrgwgwrnn
ndgrdgrr
drndwdrirxxrrrrg
rnrxn
wrii
grdgggg
xnwrdrdnggdgxdrwiiwiniri
xrgwxdnirrn
iiirdridd
dxgidxrxrnidxrnwgdir
drid
wrrgrd
wirgrgiwwnxrrdwwgrxrdgd
gwiinnidwdrdd
wxigrxnxngnwwgr
xxndnxxrixgggxgirgw
xgrgxnrrwrgrddi
ixxrdwwiwwwirxgxxnrwdxw
rwwrndiwxngrixdgnrwrgx
nirixigrrnnng
rwrrnrig
wwddnrwdrdwgwir
iiwndrddrnrrxrrgiwxxnd
iddrirgiwri
rdxgniggirxiiigg
inxnnnnrnrdxrrnxdiwdrx
rirrgirwgngdd
rggrwwwd
ndrdigixrwrrrddxwrdinn
dgdrgnxdwwwgirxniw
iwrwnxigxrxi
idgxrwwgrdnigirrdgwxrg
dgiidiwddrwiwwidrgrwx
ddrrgiwdnignxiwiin
drinrrgwninwirrxwdigxniw
giggxndnirxriniwdrwgg
xggrrgxdriwd
dnrdnrggxddinwgrgr
xxwrxnrwiriwi
dwgnrndrggdrnwg
dxgwxriiirn
rrnxiwrinddiw
iwwr
rrirrxnrinir
rnndidrrwnggnn
rxrwnxigg
gggwrrnw
niidrndgnidwxrdwgrnn
xdrxgxwdnn
nrrdgndriwiwdwnngnr
gniiriddrwxw
riinxwiwnidigndwi
ddrrgrwrrgindindwgid
wwiriin
xnwdrwdgirxnrggdgdinxxd
gwrxrgrigdgnnw
gdrwwgwwgnngwxnr
rwiwnxindwi
xrggndigxrixi
xdginringirgxirgdign
rwwigdw
gingrid
wirddnn
nxnrw
gggwnwxrdrwirgxwnw
dgrgrdrdwwwxgwwwdwix
wnwriggigigrdggrnx
rrxwnx
rrwdrrxddwgrr
xxrinxdndwnrr
xinddgrnw
inwgindxgrdxdnwdw
grxi
xrrgwrrwnwgg
ndxixddwxggxiirnxing
gwigwrdgirgxn
wgwdrgnxrxigrnnwixrxxw
wgnrggnwrwdixinrwdxrinnr
drgwrgwddwgwwgnrxiidi
ggigrddrxwdgwwrgx
inxrinrgwidrrggnng
rrdnrnw
iixdrxwirngwxwdg
ggiixinxr
iwxxidrxrwngxwg
nrxxrdggiigggnrgrwi
xggrwg
gndiggirrwrgwi
rindiginrnngg
rigxixnx
didxdnnwdrnrwinngg
xniri
inwrwgiirrxxgr
drwiiiwndxrnxwxg
rnrdxidxdgixx
rxrwnwrrnggwdi
ginigridxdrgxr
dnrx
dxwwrggirdgggrww
rgnr
gddnwrdn
rrdddrinrdirr
xgrgdiwgdwdrwr
didxrgxiwrwgdnx
nxggrixnri
wxgxddrddnrddinr
rgrixdxixgwdrwddwrwd
gwxrdxdirninxw
rnnnidgrrwwdxnxwr
wgxgiriwxginrg
gxwirgiird
rwgxgdxnxgdndwnnw
rinxxrwirdig
xrxrrxriddxrrdgndrw
igwgwwgndrnwgingirn
grnrdngnnwwndwxri
rnnwwrdnxxnnrriwnxxnrr
nnrigiririgdnwnggwxgn
nxwnwdwgwrnigiwiirdrnix
wdxndxggxwwnggrggixwrdx
ggrw
ixwxnigrggrwgxgg
grwixrr
wwrw
igxigrnrwxrnxnwdgrgdri
iigndgwrixrxrxixxwwi
xrnxwigiwixgir
iridi
wixggxrnxnrrgidxx
rirwnrngxinr
nxgriwiwrd
inwxrgnnrwnwddrrwingnn
dndniggddrgnxnixrnr
nwwrdrdidrdgrnrix
rnnnwwwndidi
inrnd
wgwnxrxr
giwxddgnrxgdi
rgxdndxddndxi
inrdiiingdgdxdg
ndwirrgirwwdr
nxndrrwrwrxdr
wddxxnriwgwddxnixgxdwwn
rddnggxgndngx
rgrwrdrxgixinx
rgnigrnrxixrdnr
nxwwdnixnxrnwgdgwgwid
dwrwgiwwwwnnnd
niingniwir
gnrwiwgxdnirgn
idrdnniirwwdw
nnwrdxgdgirdiwwi
irngwxwn
xgnrrirngwdnirxwdnrr
wrdrwirdnrri
wirdwgiir
wdirdrniiin
idriwrwdringdrgr
rndwrx
rgdrgddrxiggrngrwrdwx
rxwrxidgwngnrxriwn
rxdgr
xnxrwndwrwiirrxxdxd
gniindririrdwngirnww
nxnwwigrgxgidndxxxr
nrnrgdidxdniiwnrxgnng
wggnxgrr
iggixnrrgrnnxxr
rdiix
irgxxiirnwwwggxdgngx
dgrg
xxrrrxxg
didxgnrwdrxgiwxgw
wrggggwddgrgxdx
nxrrrininwgrgdnnxrrxwnwr
rddwdxggdxdiiriwrxnwidwg
xwdrgxdngxrrrgi
riggix
xgdddnxiwrrgwwr
dgddnrndrndir
irndwxxrrxrwndgxrnggxr
nrndrrixdnnggxrrdgwxd
xgiriiiwxxrixdidnxwir
wrnnww
drrxgxdnxnngngwwwdxrwixr
ddrgdwrdn
ndrwrnrxrgxrxixwrdx
wdidrig
giwxgwgdngrrndnrdgwd
idggwrwdwrii
xigr
niiiirgdinrw
rdnxxrnidiw
iwrrrnixrgxrir
xiddirddx
xgxrrrdwi
rrrggn
ixrndirgwxrwinixgdwdgw
rixxwrnwrr
rwiwwdxidgnwdigdgigr
ridgdgdnirg
xggrgdxwirgixwrxi
ddxrrigidrwrnwdnididdxwd
rxgi
rwrxidrnxrxiidxwxnwiwi
gdxnxgiidrrirrrwgwrr
xiidrwrdrirdggrggx
idiir
xrrrxixxdi
inwdgxrdxiixdx
dnxxnrnrxwdwgninwggid
idngrnwrgidrgxdr
wddxngwgiinrrnx
rwnrgdnxxwnxxrirrx
xrgdrggrrwx
ixdrrrrg
gdrgidgirdrwrgdd
wrxr
wnrrgrx
wixrigxwrwrdrngdrrx
rwiixdxgndrddwgwig
nixxinwiiwrnrgngnixdrdg
xwxr
gwwdrndngxnx
nrxrwxndgiw
rrddngdwxwgdgxrxdinwrd
rgridr
nrrirwggxdxrrdxrw
rgrwwdnxrxdddnx
xinndrnxgrwnnnggr
xrrrrrdrwixrggxndixiggg
xwwxwwigdwrddirr
nxrixixigwdwigxdnnriwng
rxixxdgxgiggxwngddxi
xdgrdww
giiddwggngnwrixrwx
gndwxwninrgidrgddxwdrwn
ngndxirigngxdxinwrdwrnw
wxdiirwwddnrrwr
inrxiwxd
rxnxgrwdxirnn
griwr
dirxgnwxxrnwggx
wnxrdrwnwwinni
gixnrd
wnrinrdxrrnwxwdxgiiwnri
rrwwrxrg
rxxrxdwwnwxgnxnwiw
idirwxnrirwgxgrdwrniixx
rgrdgdwgxrgidggir
rrnxndxgirwx
irwddnrrxx
girirgddrwnxgdwngdrdxgwr
dgdxxxiiiinixngnnrgiinw
nnrdwddxrnnwndi
ndgrdxixdggrrwr
gddwnwdriwiixi
gnwniridwrxinrwgx
ixgnwrixgdgrgdniiwgggdw
rwgnnxwinidrirrxx
xirwnri
idwrgnnrrgixi
nrrirw
ndnrwxx
wgrwgdgirdiwnrrwdnwiix
wixixgnxnirnwrxrdrdnr
wngwxnixwxgwrxidrw
rngir
gwwngrdrngidnrwnnxixnn
xrninrxxxnnxwiwwxw
rrinxxdgnndwgrrrgxg
wnxrgdgnrrxdrinnnx
rngxdir
grixwwiwgrdgix
rxxngniiggriigxgxndgwgr
gwrindwndnnrrnx
iwrggngrwdingr
ixrgddwnx
ixxigwdiwrwgxnw
gwririnndgdr
wrriidd
iwignnxrwrw
wwdrgiwrd
rggdrdddgixwgn
wxrrgnwg
grrnnxwnddnggd
xrinwwiwdxxxinwwdir
gwrnndxxrrw
winnrdgdi
rddwgx
rixixiirrgdiwdxxwxrgiww
xrgxiggdgnxgwrrgr
rndxidnrrxnngniirxdxn
xgiwrdddrgrdr
rixiwdwdidgrwdgr
wwxnngrrxgxxrxwwdndnn
rnxinndwwixgig
xrinxndrinnxwxnnxwixwdiw
rxdgixxrnidri
rwggd
wxrrrwrniindxdnwxiin
ixirg
ndwwrrgnd
rnrgwdi
xxwxgrn
rxgrdidnidg
drrrxnrgndxngrg
gxggngngxrxriwigwrndg
igdrwgrgnwnni
gngrixgdgixnwidgriii
wxdr
xwngrwdrddw
giwwiggwwr
grwnwrwgxnnxnwd
ndwidddwxir
nxinrngrgxdinixi
rixrwwrddndwiddgwwixwnwx
grdwwinwddiwrrw
iwgrgwirngwwwnddgnxn
irnggxgiixrgwirwgd
dgiiiwrnxwwddngxiirnnxgi
inrnixrr
gnwwxxwrrrwdi
ggriwrxrnnx
grxdnwr
nwgrdgxrrrg
rgxrwxrwixwnxx
wrrw
rdwgdrwwrddnwnxgi
wdrdwndgirrdwrrxrgwndi
wxriwngrixggi
rwrwigxxinxwgrix
nwdiindrrx
winwwgrirgrigrxndidixd
ixrg
wrnggrwxxrgndrgwgnndrr
nrgnrnrgiignrw
rxrgi
ddgidwrrgi
gxxnwrrrwrddgxgiw
ndrrngigindiddrxxidxi
igxidrdgwgg
irwx
xrxrxwidnirdrgrxnid
igrgndr
xrnirr
xdiddrrxdwxnrrrdndxnr
grgi
rigrgdrxindn
drwgrriw
ginxnxxngdxdnirxwrdnrxx
xrrigrdn
rrgidx
ddngxrdwdgrrg
xxxrxwrwxirxwi
iidwdrdndxngdndwxx
xrxdniidgxdxr
dgggxiinirnxdwx
wigdnrnrggrdr
rwxdigiigdgw
rgdnd
wrgnddgnx
nxdrdrnxrnx
wiwxigdigriirrrnnxwixiw
rxdrxrnrxnnigndix
dddrnxrxgrxirgwdg
nwinnwignirgxixgdrrrx
nrxd
rwxxgxgxwwinrdidnirwrd
wwdwrggwxinnrinnwrrwnwdx
wgggnwrwnwwidxwngwxgrg
xriindx
xdnwrgdxn
ixnirwdddrxrignnnnrxgwx
gigddnrwirxixwdirdrnriix
niiinndxdwdxgdinnwggwrrx
xdwrwdwgwgnxdixrr
wwnddrrrnri
xrxxnwrg
xwrgxnirixrrririxw
gnrigxxrrr
dwindwrnwginxixrd
wdririndi
idxxgrwdirddg
wxdrngnrwgrxginixg
rwwddgrgrrww
iddrnrr
winrg
rwxixggnrwrwx
ngnrdrgwixr
dxrdwgxddngiiniggrdrwni
rxrrrdii
iwrigiwrr
girw
xndxrrrinwngxdrrr
rgxgwgrigrigrxgdwnnwin
dgwwgnxrwrxrgxndxridi
iiwxxxxxdgrwigr
rwrnniw
gxidwxxxxnndndxnrnr
xwnrggrddngdgirrdngrrd
gngixnrrrnx
xdigxgdxdrrxid
rrwdg
dddndrr
nxgiri
wwdrr
rrrnnrxxxiddiirdrddi
xrxnddiddirdxdwigrrdwig
girgr
grnrr
xwgxdxxrrdwdxrnxd
wdwdgixngxirnwirdgr
grwxgrgwrnnirnd
grxwwxxgiwwrwgrrw
wigrdx
xrdxding
nggnnixrrxwrxnrxnnwx
xxxiiwidrxiir
xdgninxwdrindxnrdnrg
gxnrrxiiwrd
niwwrwinniixriigrdidgwxn
drrnwrxdr
rxirwxxnnwiri
wwrwixdigrgi
xiwgndwrrd
gxxwrxrdiddwwiixinwx
riddgnrxdiinddrnrdxrrwig
rinnwignidrwiiggrg
rnrxd
rnnxwxxdgwini
idngigiiwgdrw
dggrdrir
xidgrigginngnndi
ddixrnwgrrxwrwixnrirr
wwwrwrxdwiiwrrnnw
nndgxixdgwrgnrdgrdnnwiwn
wdwiirdgrrnidxwgigww
rrxx
wgirgixrrrrdgnd
drngxiwnrng
rigninddiigwgxrgggn
gwgwigwxixxnwxridwnwwnd
gngdrnxnnggdwnwwwidwrd
niwrggigndnnxrggdgingg
ixrrndddgidxrnnrrgw
nnwnxrdgngwnrwr
dnigxrrxww
xnrrrrddrdwggirnrxwnnind
dddiridwrgiigrgwgdxw
wrddngngrwnwrdird
rrrgxrxindrni
wdgnnwrnwgxrwrxdiinrir
dnnirdgwdinnwwd
xrdd
dnwwrxdrxr
rwxxxng
nrnxinniwxrgdnd
iwirixdnxwnnrirwwriww
ixxxdgrrdgrgxw
rgndwwxirringrd
dnixnnnwxnrxwigxrdwrx
grnr
gdirrdwgrrdwwnr
irddiirrnwwinrin
wrrdxwwi
xrnrxxgrxnxxriwdiwgd
rnxdrxgnnngrrd
xwdwrggigwixnngwwwwxwgi
xgrd
ggnxidxxxwrrr
xdggdiigrgiwdg
wrgnrgnxrxwgxwgddwwnwrxg
ggidrinwnd
grgigwwgwrwrii
irxdnwddr
irwgiwrnwrdirriwxdx
rnrwirwrxgixrdrixir
rdniinxwn
rxirddginrrnigininwgr
xrxww
gnwxigxdxrxrxxndx
gdrgwnrxxiwdinxxwxwgwd
nnwrg
rgxnrwgrx
wggidnrxgdngndrrnrr
xrgdx
rgxrgwndindgdii
wdigndrxidddi
xnxri
ixxrwddiwrdi
ddwrgiddwdrddgrrrg
xrrxx
ixnnrngwxir
ixrirwrxnniigdwxgw
wxrdidxnrxxwwxxxxrigdg
wdrinwxnigirrwrwngn
grrg
rnrwrgxgdidd
dwggirigdndrr
niwndrid
gdinxiidgnrdng
nwgnwr
irrr
girxigdixrwdrixrig
gdnwrnixgxndnii
iwrgnrgidwiirrdwgg
xngwrdrxgrndwirnwgwgr
rrwirnrigdxrrxwxnxx
rxwnwrwngdiwgggw
rnxd
diidwdrxnrwrrnrrgx
ixrxrdrrrxrddxwnnxxrnxxd
grgnrnx
wxrdnnrwiddngnwgwnwi
rrwngxngrirwxgwrwnnrxnx
xgniwrd
wigrxigwgdddirwnxggnrn
xdirirnwiinwrxdgixnidnnr
rinwdrwwddrindixdxgwnrx
drwg
rwrixxdrixdn
xggnxwdiwrgrrxggidrii
xiwwirdgignwgdgdniirwngn
giddrdxrrirgrndnxddxgwgd
iwgrw
inwrnxwdw
rnirnrgiidgrxirdd
xdxdrngddirirdxnridxg
xxdiwrrnngirddinxxgrxrix
nnrdd
wwrd
xgrnixrdn
gwixxwidrdiwrxxi
xdixixgrnn
rnixxrxirxxxrirwxwd
riwwn
irxgxgrwdnxwgiw
xrniwgdrxniiddgirrdirrnx
rgnrngxgiidggxdix
xwdrnxgirxgidinidirrgg
drwgnrnig
drrdnxxdrd
xgndddnxrdgdnixwwwgdr
rrwnd
wxxxginwrrn
girninrrd
rddwinnigrxrrxxgrx
wndrri
ixdriigriwgnwngrdxwrwrx
grrin
xgnr
grxxgdx
wwdrgrrird
nrgwnxriiidwwn
iwnrxidrgdnwrdww
dgwrggrndirxgrxnrx
xxgggrdxdrinirx
rgdi
rgxgwddigrndwnwgwxixi
rdidgddgwwgx
ixrridx
irdi
gwiinxngrnrid
dnxrxxnnrdxrnxdrrgi
dwiiggxrxwrwrngrnwgnw
wirindirddnrw
rwxid
xrrigiwnrgddirxrxrnnii
ggnrxgggrigxdrid
nixdgnirggirdxrixwxrgg
rwnrrignxgdxrgddnignw
gxnindr
rrdgwidw
grnidwgrwrri
irdnwdxnrniddrigxdgig
rdgndrdwg
idrxriwgidwrwg
rxnnrndingrgwgirx
nxngdnrirgininrnxrrg
rgddnrwxiddnwiw
rdrgdgnrxwrwwd
drrgdrwiwn
ixxrxrrrwdwdxwnid
grxrgiwxrxxirndidwri
rnxggdninrriwxwrrw
dirwxrxdngdxinrrxw
diwwxggnrwriwxrgixxnd
ddrrdn
rndggxniixnniddwrrwx
nnxrxwrxd
ddrxgg
gngidirird
xginxwwgrgnxndrrrxxdd
rddidn
rddrnrnniigxnirr
rrdxg
nwirrxxrwrrr
giwidirddigdgxx
nxnidxwdrrirndixidinxnrr
rxwgxdrggwrxiddnidixiggw
nixirgiirdidigirw
ngrggrirwxgiwd
rnxnxngw
dnwdxrriixwrrnrix
wdwrxddgdrnndgrird
wrxdiwgrwnggdwrniwgwn
rnxni
iixxgwxdrwwxndxwr
gwgrxdi
ddwdrxggwgnwridwg
rgirixniiwigxdr
drnxxndiwi
ngwnrnnnirgwwxgx
nxxnnrxxdndrndxin
wngxrndrwrdnwdxwi
xwnrrx
ddrnrwgxdw
gxgrrnngwriidxrixgni
dnixggggrgdirr
riigrwrxidgngg
rxgxigwidxgggnrg
idxidwgnri
xxddxrnirrrnwrwiwriw
xigdnnddrwngxngrngdignd
rrrrrdxdgnxxxwddxig
gnrxrdgnrrdngwixwxnnrw
gixrrrxxigdndnn
xddwgxxxnndggnxirn
dgdxdrxwwrgnrndddwwrdgx
dirrxgr
xwrwirngdwdrnddrrgidi
xiixrxrirrininrnxrgdg
drrixirxngrdgrd
igdwxrn
wxddrignddinigwidrx
idrdiwwidxrrinx
ingnwdxdggdxgngirxniddnw
ddgwridirrwiwgwxgrrwiw
nrnrinrndndggxwxigxngix
rwrwdnggrrnrdrwn
ndngrrridgx
drwrrxwrxgingi
iginrrwrnw
wgxdgdirrrdrnxxdxgnwxnri
xrdddggidrwwrgxrdrdgigx
ndrrxgxwiggrnrnd
irrnnxrrdgixwirdrwwrwwdw
widxdiwrd
rnigidgxxgdrdgrwrgrw
ndwdixr
drwdi
gwrixgnwwxnr
nwxgxddnrr
wiindwdnixrridnwixid
xrxxdn
ngxndddgwngxxxrwgwir
wxrdggrixwdird
xxdidwngdrxriirwnw
nnrgrr
ningrrgxxdxgxi
dngxrgxrrxgnniddwdx
xixdxidiwwgdrngrgwwriiri
nrgwr
ixrnnrrwrgni
niiirwnxwdngg
rdgrrggrgnnwg
nwnnnrdnrxnnxgxw
wxririnri
wnxwxnnwxrnwwwwrddn
xxrwnd
rwndxw
wixwnidggrxxxrxwgr
wrngn
dwiwxxnxr
nrwxggiwrgxwwigigirgxx
irxdndwnrrrgrdd
rwwxgrnnggnrrdwnrwix
xrigx
xwgrixngnirwwixirig
grinwxdgxnw
rxiixdigdniwrirw
wgrrrrnrwxnrriiwddix
gdnrindii
gnddrwddnn
igxr
xwwdr
iwidrndrggrrnxwinw
dxrwgrxwriridwxxwxgxnnx
wiirrxwdnrwgndgr
xwggggiwwddrwr
wwinrigxnrxddnwww
gxdngrrrwxx
nirxgdirn
nrgddn
rwdwnnwi
drwwxrrrxwwnxxrrw
dggiwrdgnnngrxxriddxwi
riiwdnrrdigginnndi
rrniwnwdrdrnwiidriixr
iwrgndix
xriwrr
xnddingrgrir
idxidwxnnrrrwxddinnwrx
rgixiw
dwwggxxgdrgggigxnrnixrwi
idrxiriwxdgnngigidxgw
grwiiid
wgwxngdiinwngxrdn
wrrwdrg
gxigwgdrxdrwnxngdnnww
wrrdig
rxgnxwrwgindwgidxrinwrg
dinriwwrrrnwwdgnd
ndrrddwidwrrdnndw
xgrxxnirrgnrgnxrgigwdw
irnwirgdwrgnxiigrdrixinr
wxrddrnwdrigx
wwwddinggwriwwrrxgriinii
irngrngixxwiirrinwnnirgn
nrrdgxxnddw
nnxxdgngxrxndi
nxgdixnnddinnxrwxgx
gnwrddwixrwigndixixnxxxd
niwgwrdiiidrxrdgidwwwddr
xrnrnnixxgwg
drnnxwxrrrwxnwnnwwdi
rxigxdn
xdinnxwwrgrwwwwxrr
rrxxrgx
xwwrnwin
rnddxwdrnrr
wrgdrin
rrnrrxringwrngrwrwwnx
dwnrndxnwixddndn
indrriigddxdiii
xirigxwrnnrgdrwxwn
ndrdigrniwddgrwnr
ginwrndrwdixwx
nxwdrnxdidirnirw
xwxirrxxriggxxgw
rwngxnrnrxxxiniirxin
rigdgxgxinwgddrwdxxxngr
xxigngrnigxrdr
drwxdgdirrrgigid
rxii
rxgwxxwwidrirngnn
nxnwrxrdrgix
grwnrwggngdxrrrgxi
rxdinggiggrwdixrrggdi
xgrrinnxxii
ninxwxxxgngrnnwdgdwwr
rdgwwrrdwwdddn
riwwrgxrnrdgggnrrnirwrgi
wiiwidgnggxgwnrwdgxx
xdnnwrndndwiiiirrxrr
gdwddnnxrgginrx
rrggwrwxw
xggwxir
nxdrxrwrwrwnnwwwixwnn
rnrwdx
xxrwri
rrriwwgdrxrdgddxgniiri
irdnniwigxgdrwxnrngddr
iwwrnirrggnrnr
rigwrxggirggxwngdx
irrrxgi
ngnwnxwxnxddwdrxgwxrni
ggrrgignnxdxri
rwwgxiw
dxdxwriidwrxdxnggrdgnnn
xddwrdwxgndndxgnrninxn
rniixrdwn
xnrrr
dgnwririrwwwridgdxxnxn
dgrwgwrr
nrigg
rrnrdgwngiwg
niwgidrrrigxrgxdidii
drdgdrg
dwxwrrr
xgnxwnwrwgiwidnxgrxxd
nxgrgnd
ndirgr
idiirdxxdwrdgddigdxidgr
ggnrdnixrnxiiir
ixwxgnwxnndxxiiinrrgg
idrxdrxwrgwdgwgndrnrrn
xrxidd
wgwidgrignrwwridxdiirr
irxixxdigiirxgrgwginidxr
ingxnrirggn
drdrdgd
gxwrdgiggggdwrrwnww
ngixwnnwdrri
gwnxrxrgdxgxdni
nrxrn
nrdrxwnxrxgixirgdxngr
nirrgdinixwx
iwdiniddingdwxnwrri
xrni
gixdgixrgddwgirndiddxw
diwgnxxwrx
wgixixiwnwrirnir
gdgxxdxixnr
ngnrx
nwrdwrxwrwnrrwn
wnxnxngwrgdnngdxirw
wwndir
dwnrxxgnirngxggiwrxixix
rdrwwgrinirxi
wxdggxnrx
wggxdxndwxrrxxgri
ndxrxgrww
wxdiidddrwnxwxnn
rrxxirdddgdxxrwinrxg
rixnwi
iwirinnddwinrigwr
iwnwdnirwgddigg
xgxirixiwrinnidxr
nxwnrignirwxgdnxdrrgrw
dwdwggrrgnnigwixddgnddin
iwxdr
gxdgggwrr
rnirwwrnnxngrxrdnwggw
rxgdgdrxdxxxrdd
gdggxdrwwdxrxnwxwixwg
rrgwnd
wgriwwxnwnrwidgn
rrriwigw
girrrxxxgnrxxn
rdrrn
xdwnirdrigr
iwiwdrggrnddiggxgxigi
rxwwrxdiirwrx
xriinxdrwiggirr
nixiiwrnxgii
xxwwrgddrxirrrr
wnrxwdidrg
xrxwwnrxwgnxrwdidnr
ddnrnxxnddnrrrxgdrrgxrin
xxrgrnxx
ninrwwwr
igdwrrwgrdirgxrrgnigrnd
diiiwrgnngrdrrniwin
xgrwnrggrxrnng
gwxnxdxndwrrri
nirwngnixnngiin
rgxnxwrnndxinxw
gdgxxnrwgirgndngr
ginwrwwxwnrrwxr
xxddwwxggrgwgiiwrnnrr
riwgdwirgdrwxwiwwinxxxi
ixnrrrwrgwrgii
rrrw
xdiixwriwrirdwwngiidiin
rwxnnnddrdiwdrxgrigg
nndrnggr
wnxigxixgngwirridw
xwgnrnrrwdgrxnx
wiiwngxwxrwnwrggirxidndw
ngdinrdrnnrrnniggrndd
rirdn
rgrgirgnwxdrirdwndgrdw
dwwrwn
dirrgdxgndrgwxirxggr
nndwgnxrxnrxgdgn
rrrd
dgrnnwwdrn
gwgrdrxrdgdxddwr
dgddnrrrwwwg
ixwrw
ggxrigrnirxggdw
xggxgxririgwnngx
idwirwwrgidwiwrxnrnirn
xgdggriiwniniiwxxigriw
rddgrnrnnnxxrrnr
widwrr
ngrnrgrrxixwgnxdgi
irrxxdi
inrdrdgwggx
gngindrriww
irgrdrwnnnrgindrinxwriiw
ixiigxrxrdrdgdxxdrdxd
grixinrwg
innrd
drdgxirrinwwxxrr
drrndxwxrri
wnwgdirxwxndrrirrgrinnr
wxdxnwixwrw
xrgnw
dgwngnixgrrnnn
rgiwidrd
irdr
nrnrixdirxgxrng
rdnnxrrd
xgridg
rgwwrigxxiwddixwxd
dwwngiiwwwnxgrixgwdxrii
wrnddgriixdnwndgiirx
ginwnrgwrrxdiddnwi
dwrnigdrxdiidgn
xnrgwdi
xrnd
dxndidgdixgnwindgrr
rgnndww
xnirrdg
nnddxgrwrrrdwndninr
xxirxdxrrddrgrgi
ginwnrddxrdddgidi
iwixndddxwrnwrnwgxwdw
drxrgr
drginrwngdxdxxrwrndn
riirrxdrg
wrnxgnnniwwigwwdgg
dxrrwinwindwgx
irxxnr
nrddiwnwgxgirdg
rwrg
rxdgixdnr
iiigwdwiidrxrwxggr
rdrgwdgixrxrgxrwdww
rrdrxxgnidrwwwgnxxxidir
ndrnggdrwxd
ddrrrixni
ginrwirnxx
xxdxdrnrdwiiwnxiiwg
dgniwrdr
niixwwrdxwnr
xdnrirwrxrigi
gwxrnxxggxwgrdrd
wrwxnwrwrwngxixwd
ddinxrrrrdrggxnrgdr
rrwxrx
rwdnixrdrdgdrgnwr
gxgdnxrigir
wnnwxigrn
wrdiwrnxnwxngidxnriggw
rwgw
wwwwnigr
nrnrrgxdd
wxwrddxigwdgn
rnnn
rgxwgdgwxndddxggndgdg
wgwdrnrrwgixidniniig
wnxdwgidrxiwwndnnxrw
gdrwidggdrggidrxxirgr
gxidrxddngir
rdiddxwiiwwgxdwr
wggdgixdwrnrrrnr
iwgrrrxiigxiirgirngix
rinwixnxgdxd
dgddwxdxxrrrrrwdnn
iwdrwgrnwrxnr
rgiiwigrgwn
rnnrinwnwr
riwdrngxdgrnwxdgxgwrxn
nnnidirn
nxgddiinriinxrxiiirgwxgd
xwrrnggwwiwr
nwixirgrgr
wdirggxdiwiigxwiwrrwrn
ggxnndrxdrrwwxrdrrnwdix
rixnn
xrxxwnnrgngwdniniwrngri
xgxidrrr
dnnnirirnnxwxwwddg
grdgwrxnwrnrgggwnidg
rnrirrrdnixi
dwriridrixwgndi
rwwwdxgnxgndnrxi
driwrwiwxrgxn
grggwxwigrwgni
ridxirxwwxdxw
rinnnigdwrrxxwnrwixni
iirwdwniwwx
rxgxgixiiwwnigrnr
rgxdgx
grxidd
nwdwrrdwr
griwngrgxdnwnxgnxrdgnii
diigdxgirxdrwgnxrxx
wridnnrir
gnxidriidwnwdwrirxggnni
nrdrwddrgrnddggrxndwdin
xnxnxnnrxdirg
riigigrnwnrigwnrwgrxixw
rdxnixxwxgnxrixwx
nidwdwrxrxni
xgwwdgrxidg
dggrwgwxxwngdxrrgrriddg
iddwgdxwrrigidiw
rgndrrwidnwwgid
xdrxgxirrrg
xgdrxgnnixriirggwgxwwdgx
dgddrxrdrrxid
rwdrixrrnrrrndidww
wwwnrwrgxdirixinririgdi
niddnnwrdirrwwwwwxx
rwwdrngiwwnirdgirini
ddwxrnnirrr
didr
rxxwdwwix
gxrrrdrigdxdw
xwdrgxrxrddgwdwdrxgr
grdiwrnxidxdrwrnrxgxgggr
wxnirg
rridwnr
wxrnnrriinrigxrgirw
rxdn
xwxgxngxrnnxnwrnng
gdnnnndrgd
wgrdr
gdxgiidwgiddgggwr
xxrgwgxgdrgnrr
niixrwr
wiiwnggirinirdwwi
xdrirx
gnrrrwg
xnrgnrdnn
gdinrirdgr
nxgiirwdxgdinrrdd
rwdnxi
nrrxxirwirxd
rnrrxrgr
irrnrriiwwd
rirdxiignixindwnnwnd
rxgii
ixxgrd
nrrwg
xxwrxrxrgnx
rggrxngnxnirnxwnn
rggr
xwxiwr
xrxixnggwwirrrgwxri
nwwgndrnir
nrxxxinxrinnwirxwwxnxw
grdxngrixrrnrrdwg
rirgg
wrdixrdndgrxnr
ixdnrrdxrn
wxigwidririxrxwwiwixddw
drdnxri
xirgirirnxrd
xrrndw
xrnxrxngniirngiiwwrrr
dnrnwrrxwwxix
xwirxrdrdgrgxxrxdndiw
nrrwninwnrnrdniddgdgrg
nwrddgwwndg
xrdnx
dxwwxdrrnwgxgwdrnn
dxgnrgrwxiwrgdrdiwnixrn
rgxiddwiwdwwx
xirxwxg
wrggrxidxrnxdwdxrg
gxgdxgwxnwrnidwx
iidrdrxgnxgdwnx
nrndigngxndiniwr
rrxrrnrxnxrirrngnixixgxr
nrnwidggrxgrrgwrx
ggwrir
grrx
wwgrwxgwnddngxr
iriwinwddiidxriwgr
igdxxrdg
wnixrig
igrd
xdrxrnwrgxwxgwdxdn
xwgddgrnddgwngxrgrx
xxrgw
nnirrwwgnnwgridii
xdxwiwrigdwgrnx
nrwrrninnxxwrnggri
wwxwrdwrxiwxixggwxxnrg
rnxwgnrr
drwnxii
rixgidrgii
iwgrxnrxwrddi
grgwddxrdrdnrwixidixdx
ndirirxd
gnrnxrngwg
ingdigidrxdgg
rndi
gnrdrgnndiddndnid
wxwnignwxwrwrrdwgdnrd
iwxndnrwwxgwnr
dxndwdxxnnixiwirg
rwnx
gxrgixxrr
wrwnnrwgdixrxrnrw
grrrrdinw
rrxrwgwggdddnrdww
wrriid
wrrwrrddg
rrngrgiigggxdwgdrnn
rxndgigwxinirgdwrn
rdixridrrxgxrnwn
giwrgirdwrrx
rnidgrxwrx
iddrginndxni
grnidngdd
ginrgnrigg
rrxdnwiwidnrrwiddgrxwrix
iwiigixinwdxdrndxrn
rirgwn
xrrn
ixrrwr
rxwgnrgirnrwnixwg
nrirxdig
nxrddrgrnwdn
nrrirngxxdnrw
drrnxdrxrdxgirrdxdgg
iirxrrdn
xrrwirxwrigwxwwrxwr
rrxgrwwgxwiginrxwidxng
nngwngdrxwxrwxingiidrgi
wrrwdx
rrwrdgdrxxnw
dgnwdirgrgx
ddxrxx
dininxiggrwxidxrdiwxi
rrwwgrrxdngrnri
drdrwwddrwdirwidwrixdrr
niird
ggdwnwxixrdrrinxgwdwndr
rigrr
nrnxr
xdxdrnxxinrrgg
iidrwrrdr
ngrdidwwdixgg
ixdxdiwrgwrnwxrxrxgxwdn
dnrwdnwwrrw
idrxrdxrni
ridwr
nwgrxdnrgxi
gdnxdxidgrnngrgrdiwg
drxrw
wrdxwii
grdwnign
irddrdwrr
digxixxrdigidw
gxnwgxrirgrxni
rxriwwwgwixdwnxxnxgnrr
wgdniwwwgwwwwrrr
rxgwr
dwriw
xiwgwgdndxirwdgirdnxwr
giinr
ridwiggdinwidg
ggrinddwigndwrwdgrgxix
dwxrdrndidg
dnwixwggnxidixxgrnddx
nrggng
gdxwxwxnxrgdridg
ggwrirg
rxrwrwgrwx
gwdrxdxrdgirrrnxg
rnwn
ixggnggdxr
wrwnn
rrdxrdrdni
wnidrnnx
rnirggwi
ggxinxdgnxxrnwrnin
rdnnrxrgig
wwddxidrwwrgrxrrgxr
ingrr
idgxdnidnxrrngdxxdninw
rxnnxidiwdxdgg
rdxwnrwwirrgnrn
gwwrx
idnxndrgxxdgnrign
xxwwirgiiwndrrrngxdw
rwxwrrdndndi
gnrxwrdxxrxrxdnr
rggxn
xdirdxdrdnndinidggrrnngw
wrxnrgrnrdgxxdxgwwirg
rnrw
ddxwxwggidriwirgdddr
rwxggxr
nrnxdin
wddnrx
rgninrgrxdwd
iwxdgdwdwrrdnwniirdrnr
ngdwxgnrr
xnrxrrdrg
igngigrggrddignw
gxirir
rnix
irigdndnniwrxxrrw
rrrxgxrwnddwnr
wxwrwinwwxrgnnddnrg
xrdixrngnwdngd
gwndxnwgwirnxdw
drnrgxgxxnrdgdnrdgrxiiw
ddwginirnririrx
xrwndgdgdinr
rxdrixrdddixiwxwgx
gxnrddxidrwrxwdw
iwrg
irrwix
wxwxxrwgxwrxgnginnxdidrg
xgnnrwd
xirndwrrwxxr
niwxndxxrniw
xdxriigdddriwriwgnnxirgr
iinirwrwwdgw
wwirrdnnwd
ddxr
rnngxgwinrrrxgnx
gwdrgrrrdrgxgrwx
xxnndrdri
xidwrdxnnndi
dxdgwrr
gxrdwgrdwr
igrrxx
xiinnrnrrnigwwr
grxwxirwigxwigrgixw
xixiwidirwdrggigdwr
ndiiidniwwgwggrrddrdiiwd
xrnx
ngiirwxdgxixinnrnrrwidix
wigigixnnxrwrinddgwrnwg
rngnrrrgngwgidignir
iidgrdrwgdxwnndwwrdi
nrrgg
nwrnirirnwx
xinxrwxr
dgnrxinwggxgxw
wrnnwgwri
inigrwidddxngdn
rixiidrdngxwiidrg
iinndrw
ggrwr
xrrndddgwwirgdrxwdgnwgrx
rndnx
gxiiddiiwxxxrrrdixgnixww
irxidrwxdwrx
rirgxgrgridrnrgwdgnrrnx
nnidngwwrgwrxwxiwr
dwrrgdx
wnrgrdgrdrnirnxigrwndddg
rnwxng
idwngrgigxngixwgwrxrn
irggwdwgrwgriigxxdr
wiwxniwnrdxdniggrinidgx
dnxnwrdrngdxw
nrxrixiwxdir
iwxrrrr
nrnngw
rgiiwidnwiw
wwriwrnnddddnwg
nxxnngxwrgrxxggx
nwgnrgwdxrdxri
irrrxixirwig
ngrwidxigwxnnwddnwgwxr
nwrxgnx
wwrgwnrggnnrdixwxxdx
gxirnxriwgdngwx
gwdnr
xdiwngrdiwrrgwdnwrrdg
nxnngxdnwwdxxrgirdxrw
irigwixwgxdrigrn
rnxrnxddidr
gwrnr
rniirxr
nrdrwgixd
wxwxiiriiirwnrnng
inrngiiidrdwgwrriidgxnxg
diwwrirg
nrnd
wgddxrg
ggrwnnrnxirdinxdiwwwwgg
xxngxdgrinixrigdrxdwrrrw
dnwxidrrggrnrir
gnrrrd
wiwidngxdnir
iwnwrwdrxnrnidixgd
rxriirrn
rrxxnwddndrixnddwdrirwwn
rwrr
nirwwwxnnrrwirxgw
ngdxwgixgrdnxrxrgrn
gwiwrrdriwrxgnxx
gnrignwxidwrr
rwrxdiirrgiridinwx
xgrwrdxirdrw
xixrwrgiri
nxiwidrngiin
nnrngxgwxirxrwrx
diiwrngrirdrd
idgxnrxidxig
riwnxwxdnrn
idrnnddwnx
rgxxnidgidggrnndgxg
xidrwg
dwxnrdgnwxxnndnnwrgdwxw
rnridwdxnxdgwwwdinix
rwng
xgxxriwix
drdrrgwigir
wnir
ingnr
wxrdiwxn
irxnrngwrxngin
xggrinrnxr
grxwrgdiwggdxrxw
wrndrrixgnin
rdirwriwgigrwdi
nixir
idrn
dgwrdxddwdrirxxrnrdwi
nxwdrnrxrw
nwngirwdnrwxiirxg
rgxwr
dndxwdrgddwr
xrwddd
wrnxdxwirixir
rnrrxdw
nggrdiddiggnwndwgidd
wwxngxngwdninrridwrrrn
rnrrxwxgrwnndndnwwd
dirdiwwiigrri
ngxrnwnrrgrgiwnxwxir
wwnnxrrnig
ddxgnigiwirdwxdigri
rxdgwrwixxrgd
rdirnwwwwdd
rrgwrnggxdwwidxrgdrwin
xggrxrrxiind
wirrxwgxr
rdwdrxrrxnwrnng
grgrd
gdnrd
gridwnnrndnxrdg
dnrrdgwiiwix
xgnrdnxrinwxrgr
igrxgxgggwri
rdxrndgdgwrxxnxwrniixidn
xwiwr
inndnrngnndwxwnw
rwixwd
rwnxixdrwnigrnngnrdgni
xrrnrwxgxxwgwgdnrrdx
ngdrrwxwnnxdxgrigwdniir
xrgxiig
rgdwnxrrrggdn
ixgnriirwgwdwrririgxri
gxwdgrnwxnwirnrr
iwwnnrrwiiirxirw
ggxgiwrnwrddirw
xxdgxgdgrnxdingiriindni
wgxnwrdirdriwdndiwiwrn
rxrigrdnwnrn
xrxxwiirwnrgnngdxwn
rwdxidirigrnnxdwrwdg
rrwidii
nwrxdnnrirnigdwidndn
iirigwdrxrnxing
rrdd
idrxnxgg
rnrgwxrxnir
rxniinxrdgi
rrnxwrdwnwwwnrn
ndrwigdnnixxwxirdrw
ndrgx
rnwdxnrnw
nrgxrnwrnin
rigrdw
rdgnnrnrigdx
wniwwdrdgwix
wgwrng
gxrnd
rnrnnwg
wiidxrgwdwd
rgrrgxg
xrnirrwxirgdxgr
wnndxwgxgrnnggwrinnw
grxdgxxnwwxndwdxxwx
rndggnwwiwrrxxdrd
wgrwgrrxigrwrgndxgiixddi
wgxrrrdgwwngnrixnndn
xxdgrdgiigngdn
grgiwwgdwnrrnrgwwdixdrx
wixdwdwndgxwxddiddgdgwgr
ninwxnxwgrxrnrrwiindxdg
gddrirggwrwnrxrdwdidxn
rnngirwrgrxgnn
rxdxnix
wggggnwwxrgidwniwxgxrrx
dddngwrdwgxrwgg
xrrdnriiw
rnwwg
rxwnwrxigiwiiingwrgxww
grnrnndgwwxwriniw
rrwnirwdr
giwggxir
wnrgrddnirnrgxdixixwirdn
inrxxwdwnr
iddiirxgrdnnix
ggxgnrdndgxggrxdrxrgn
xrgdixxngrrdrix
dwwirddgwnxdwrd
xrxwgdrwiwiindngddw
ggwxignnrigrxxx
nnnwrdxxixdgddgrr
wgrdrrridxiriddxw
rxwngnndrrwnixxwng
grwxgdwgdgidgwdirrwrn
rggdrdrni
rrirrdxndidrwrirdi
wgrndnrwdrddgr
gxrrgninrgr
xgndngrdwnxrigrrxxr
grgrxinnngixnwxdinx
rrnwnnwnrnwixirdinwni
gwxxirirrwwgnrwinx
dnwxgxnidwdirwrggdiw
wrxxdni
xrdwggrgwgiwgwirrrx
xdxrr
wnggrwgnwddrwndwwxin
xixiwir
dwignwdxrixrdrdn
wxddwidiixnirdrx
xwrdxwrgwx
ixdgwidwrrwnridxxxx
dddrixriwwdnwxnrdixd
gwiwriwrrxrgwgxw
drrdxx
xirgwwddwdiidndrg
dgnxxr
ixixdwrdwnngdd
drrrgwxgrdnngxi
rirdr
dirgw
xrggdggnixiwggddd
nrwxgwwrwn
wrdnirgr
wddiwnrig
ggxxnwrrwdrgx
rxxdddngniwwdwnxx
dwnxxdidir
dxxrgwxni
rrrnrrwinxnrgdiwigi
dxdixxnrxngdriw
wngnirgxrrdwwdgindr
ixirnggrxrnrwidrxrgwiri
drxgwwgnwwiwxirxdrr
xiwinrin
wdxrgnwrnrnnrdigdgrixnr
rxdgrrnnrdd
rwgd
xrnxwrriwx
idgxwwwgniwrrwwww
drrgggrgndwdxgr
ridngwwiwdrrgnirirddgr
drdgxrdiidxdirrwxniwidx
dnrdrgrgdrg
digrrwiiwrwwxgxdrwnrnww
ggriwrwg
rrwndwrrnwdw
gxndxirdiriiwwgnx
irrgxgwwgwddd
dniwgrrxxxnringrrrrrdrdr
rnxr
ddgwwwngrirgwwrgdxdrdwx
didxgxnxdiinxggirr
rxrgddiwrwxxxdnr
nwrnirgrx
xnwndwxxnrdirwwxnrii
ndnigrrwxwi
wdrwgiixgn
idnngiidrd
gxrngrn
xrirnxxr
rwwrwgddddrnrxdx
gwidgxidgxrnngnri
rwdrggiwxnxxwrnx
dnxdriirwwwdxigwrrnrgnrr
wrirx
gixr
rrdgrxnnidxrdwgrirrx
xrrw
wnngrwn
rnni
drnxiwdigxgrwiidigrigddr
ggixxrinw
xdgrxrgnwgnwndnidxxwidig
wixwngrxwxxnr
drgdrggwxxwinrdrxxx
xiinrnxgiirrxwinddnxd
rwrxriixgwginnwwgnrg
rwii
nninxnwiwggxgrnrrngdx
drngnirwxwwxrdd
riridnxxdrdgxiingdrd
grgxgndninwwrww
gwirrgdg
rdxxxnxiddrrxrwwwxwwxxxx
rggiinrd
xriwingiwririgixriignxr
drxgxd
rggginr
wirww
dnidxdxnigxdr
nnrggrdrxnxwniigxi
wrgggiindrdwwrwwinxgdr
nxirrxrr
ndwdr
rrgiddr
rwdrwrirn
rxxgxn
grgninnx
rxrxiiw
nrdnrxgnr
xxxdrwdwrdrxiirrniixwxg
xwxggrrdxdrdw
rrddinrgrxr
rgrxgxdwxngrixrdngx
ixrdigdr
riwgwnxrwxgnnwrgdw
igrgwdindnngnrdw
xggriwndgxgrwggrinndwgg
rrrnignddddgw
rnxnrnxrrrrwnn
igxgdrgndxngniggrn
rgwwrgnxdngdngrdgxwrgwwi
gigwxrwrnndwwirxi
wrnrgrdwgw
xxwdwirxxdnrdrrgrwxnnxx
gixrrxriirrix
nndrirx
rdrinixnrxxrigxxngggx
ndgiiidxxrxnrrd
xrgdxrgrxdwixdwwngn
niwrgrxwi
digdndrxnirn
riwrg
rrnwxxdirwrid
dwrgdwd
rdxng
rwwwgiiingwdxdwnnndridxd
rrrgigingdr
nwrrirgngnwxgrn
nwrrginwngiinxnxgiwx
xxgrxngww
gndxdndridi
rwwrnxrnrgwxr
rgnnxxdnrgxddnnriigggrxn
rnnriwxrgnirgdr
iwrii
xiigrrrwwdwgrnw
gwigrirxrxdrnirni
wdrd
nrnwwdgiwxnxiwirwgwgnng
xwndwrrxdrrggwrxrnww
wnrnwwdwww
nnxrrxwigxggn
wiigrwgxrnirw
xringriwxxdxgwndddrgw
dgidwggggdddddniriwdrdrd
dxxrwirwdrxxxngdn
gdignnwinnnxriiiwg
gxrnnxdxxxxwrn
ggrnriddwidrrwrggg
dndnnwgrrgdwxwirrxggir
xxgwixgrwgnwnwirr
rrrnrdwixiiidwxdrngndd
giniiwnrrdggggriddiiwwdn
dxxxwrgwwxrgdgrniixirrrw
iinxdnrrwxrrini
gnndwrwdggrgr
rxggrnrirwrxgwxwn
xwixdgwwrdgr
rrrwixggndxgxrxnngxxnrd
drrw
xnrgxnrdrgiinwxwxg
gdiri
gxnxwnrgwgdxwxgwr
xwndnr
wnnrwixiwgwwwddxrnr
wnwggwr
rrddxnrdrnwgrwrxdgdgriw
rndigxwxriidrnxngwwrdinr
rggxddwnidxxrrwrrixxn
wwigrr
wddddnrggww
wxrwwrnixirgirxwxd
wiwxrrgrwigwrwrwgdn
ndnnrdwgrinxnd
iiddxrgnwwdnwrgnnwiw
dridgdnnxdirigrrr
irggnrdr
gwirdinwgniwggirdnnxrnn
irnigiigiidnrrx
ddnigixxngrngixrrggrrx
xggnndgdgnndwwwngdrwn
inrxiirwgrwwgwxgiggnr
dnnrrinrdxdggwggnnd
dwwignngwrndwdirrrgi
wgrirgiignniwngdxdi
wgwgdrixr
dwnriwgiwxngiwrxn
niingrdwrdxxrdi
gnwdgdxrxnirnwnxixig
gxdndignxigrgrxd
irrwginwrningxnrwgnrx
iigidwwdnwgrg
iwgrrxdr
xxrriggxrrdrn
iwwdxniwgwxnrxxrixdxg
grddwgxrngwdxgrdn
dxgxxwdxginxxgwgnrxgwdnd
dgngrxrdggrwixrrwiw
dxdwgxrrgngnnng
ngwrgwidrgrxgwiriww
wrxrdn
iwrxwrgxgxi
wgdrwnidrgdn
rxwxiixwinnxdrgdr
rwrn
rdnxn
ridxwr
ndgwgrwrxrdrrrdwdrgi
rgwxgwinginwrnrrngwr
drwngxdixrx
ggirdningwddirgr
rrdrdgnidx
nxrxidgnnwr
rdingwigwnrdiiggxi
grwiiwxrgrxdwwxn
dgindrdwrgrxdrndirr
xddgrdddwriignrxnn
xridn
gxrnriwn
giwxgnr
nixgwrnirwdx
gndxrgrirrndxgnwrxgg
inrxdrrwrddndri
gwxir
dnwwndxgnrww
rgrgniwrgdnw
ingrgrdddxxrd
ndirggdrirw
wxrx
dwriiwxxnwwrdir
igrxrxnxixndwdrwr
ddrrndxdnxn
irxgxrwwridgiigxddnxnxi
rrxwrnigrwxrxn
grxriixwrrrnddndniwrw
rdrdxgrixxiwdxiwww
gnxwrirrnngxddidgrin
ddrnxdxwiwinrdgnxngwrxd
iirgnnwnxnixirrxwnidxx
gixwrnngrrwngxd
rddrgdnrrwxrddx
dwggxrrrix
idginxrwrwrndgnnndrdgr
wgrrgrgxx
xidgwirgniwiiidrgdgnr
drxndgi
rwwiigxggi
igrndxdrrriigwnniggrr
wirgrgrwirx
wrgnddnxrdrnxgrnggd
xrnrgwn
rrxw
wnnwirirrxg
drxn
iwrgxdwxgxxng
xxrniwrrdxdgwdrn
girnwnwxddrixx
wxwrrwrw
ddrx
rdgwgrgnwxindixggggndiww
dnnwwrixndx
wrxngrrx
gwirnxrrrddgngdrgixr
gwxigrxrrwxgdiirrx
idngrgdwxxwwgnxgxriixw
rwrdwri
rndidwggwxxrggri
rgxxixrrxningdrwwxig
grnrrixixdrrigrd
ggnxrrirgdxxxr
ndgnxwdrnidrwnr
girignwwrxrd
ngdnxrxgidirrxigigddi
rnrwxirwr
rngrxndnxnidwrxdxngn
rwdirxiinxngrnrrrddw
xriwi
xriggnnxgxw
xnxdrgxwwxgww
xiwngxdwrdingnrwxndxr
rgxgwdrnxiigxxnrxnwrwxwn
rniwdgiwxxrdrwngdg
rindgrirxgxr
iriixgwidnrxiin
xiddxwrwxgxxnrwn
grrxixd
iwrrxnxinxdrgxnnwxg
gnxdxxxwgxxindrgniiwn
iwrrwrixindnw
wxgddxwrixrnx
ngxrdxiixnrrrxnndw
xrwirxxirxxrwwdn
wgiirgggrgrwdd
dgrixg
wxwrwniwgdrwixndgwirdgd
drrdrwrxgrnx
rrdiixwgdgdnwdwdxwrgxg
rgdrrdndxxwwddwdxgdrwiwg
nwniwwrwx
wgriirxwgrrddgnin
rrggigi
xrgwnrnrggwwnigwrdgi
rxgwrrninwdwgx
wdrgdd
nrwixrrddwni
xxrnwwr
rwwgw
ngnirxirdrwnxidid
wnnrgxwdgdir
rrxdwwxwrxrrrwgd
rrrg
dnixddxgrxrrxidnrxxxxw
nwxwxidrdixrgdxgrrdx
rrgrirrxignnrwnxigrdi
dinrngdxxgxxirrwdgi
ixgirwr
gnrnrnrrnrxnxdrrxxwng
rnngrwrrdg
rixigrgwgrrd
iirgrndxgrd
xdrwrggigxwrndgiwwxwi
rwrddrndxwwdnrringxir
rrndiwxnnwrrxiri
driww
xgiidddrxgirgrww
rdngndwixnrxxrggwxgd
gwrnridxigwwr
ddwwdniri
wwwirxrrixdnd
dgrrrdxrw
rwxdi
wxixndxnwwxrgnnwwxxdxxwx
inwdixxiddxwxiirr
gdrxdgw
xwrwxxnriin
dridrr
nwnggriwrgggwi
ixddrrwigrrddwiwxxig
iriigxirxdwinwndgnnxgin
dgiiri
rgrrdggwrrwrxdidiwngdxx
iwrrngnn
ngrxgdrrginxdigg
wrgxgirrxwwxgrgdgrwrnr
xwiigrndrgg
rxxr
xxrgdrgnwrx
xxndixnidwriggininw
rwgxidrdirxdxr
rrnid
nnrgrwwnrrndx
rdrxxgrdgigrwnwrwwdgdx
iiwxgdnwrnig
nrxxrgggxwgrx
rdiwdxwgwd
xrrwd
rnginwnnnrrxgxgrd
dninxr
dggdndidiwxdrxd
nxrrwxixdrxrirwwiiggxir
rxwngxdinxgwwir
nniwxdnwrnwnddxxwirdiin
xgri
xdgxdwr
wxrd
nxrg
rgxnwrgxirdnxd
gdniwwgdgirgxdgddwdiggd
rdxwignwgriniwnrxw
xnxwnrxdrwxniirxnxngigx
wignwrirgxgddwindnrwg
xidnnwdxring
rgxwrnrdggxrxirrnn
gnxnnxdwwrnidrdgrgxnwxw
ixgxrnxnxidwiiwrwgirrw
iwigdrxrwxnidirigd
wrwirxirwwn
wxdgnrgxxnrixgwgrwirgdig
ddnrgrxnigiixdng
rdwgixnwdgdr
iwxinrnrdgrdwgwrdnn
wgriwnwgniwnddrr
xxirngggrixi
rdxirgw
dnnwirnwgxrgd
gndrrxr
ddnrrigwdxdndxdxr
iwxrdirrdwixiwgrgigrxxxn
wwriwnirwngrdrgxnidxxrxn
xwgxnwidrwdwiingg
wnddriwirwrrnn
rxrrnxwnwwxindrdirng
irngx
rnwi
rigrnnnnrxriiiiginnnrdg
wgridwgnnrwwxnr
nnwrrg
irrrr
irdrgrrr
rnrxwwg
ndgnxxixxgrinrgrx
xiixrrxgxxgwiinnndrnnrx
irwrdwxxirnninwrwrdnndg
irnniggnw
rxdrxrngridnxdrggrngndx
rdwwirwwnxgiw
nrwirxxgxdrrxiwdgrnr
xrrxdrgn
gxrrddnrdgrnnrww
rgdrdxdiwniww
dgrxixxrix
rggixngwxgxrnwgrgwxrnd
xrdrrxn
wdnddgxgxxginirrgiirxr
wnrdndgwgigin
rixd
ndxrrdw
dwnwxixnrriddgwgi
nwrrigngrrngrgrwniw
iiwrdwddidwnixirdiniwn
xrrwngdwwdxxxxrrd
rggrwiwiwrxrrnx
gwgdrx
wdindwirrrnwgwdiw
rdxrri
nndr
giwgwrwngwdrxxg
rddnxxdx
igdxnnwrgriwwindrrd
rwxri
ddnxxrdg
wxrw
iwrnwiiggxdgwwn
wgnxr
nrgxwrdwxgnwrdrggnrd
rgrggndixnixidgiiig
grxxwigdr
ixgwdgdgnrxngrdgrdxrin
rrdgiwnwgndigxgidigr
wwddiwxr
gxdxwggirnwniwrwidn
ggxndrnnixgdxdiii
rwrw
xrdnrgnni
nrrgdgrgiidrdwdixwgi
nwdgdididdxnirg
wdnnwgrgirxrr
xixrxnggdrw
nnrxdxwniiiggnrwxdgiir
wwdrgr
irxrixrrg
dwixxgwrdwgxgdxrgwxxd
dwxrird
grnixwdgrxixgnxw
drnxrnxrxgnwdrd
rigwdnxgrxinni
wrwdindxrgniwxgxdrr
rrnrriiggrgidnrdw
grriirwxwiigindnnxnrix
wxwwiwgrwnrgdrd
wgxnr
rnndriiii
giirgwrrdidggdnixigx
rddgwrggxixxxrgxrd
rgxrxdnnnxnxrwwnrrg
wddrdr
wwdgwrwdrdxxgrirwn
nrnwnrrgwxn
gwrdxgdriwrrnnnxi
nrgrrxndgwxnrgnnwxdw
rgrrwdrgirdiwdrdwdg
rdwxwgiwxgwrndwdrdr
gxrxwniig
riirrrdrdxwndrgxng
rndrnrgixwxngdrwwxdiirrx
nrxi
rrrxgdignrxdwgxiwddgdig
rrnx
ggnnngrwng
rrrnn
dnwrxdrxndwrrii
nniiwwrrxgrwrnrdrwwwdd
iiixrgrggixingidgr
riwrirdxdir
xrndxngwi
nrrnigrrgnxgwgwnxngnxrr
ixdwirrggd
dxwwnddgxxrddnixgwrrnr
nxxgiwrxirx
gdnxr
nwndirrwwxndnd
wxininrgrrdnrxdi
ggnrrgrrxdxngnrxgrd
dignnwngdrxrnrg
wxgdrgningxrin
grxrrrwdgiddr
gddxdnixgigdgdr
widdrnxn
ndrxxgxwrgddd
wrggdrxwn
wwdgrxdrwgrrdririrnndd
dwidwrdwrrriwndnxxiw
iidgnr
idwggiiiniwwwr
rnrrrdxxxrnngwixgdwrg
rnrrrgxi
nwidxgrx
irirrgrxnwwgi
irdrrr
ngdgridrgnngddrringg
dnnignnninirrxxrri
dnwxriwnng
nrinrdnrxxngwndrxnxrndrr
rwirwgiiixrggrrdi
riwdgwirdddiwwwr
rnxxixridirg
dgigddnrdnrdgggnwwww
xrggxir
drnxdr
ixxgwri
rxdirdg
nwridxnx
rwgdr
rginnnrgrgwr
irrixrxrnrxi
ngnirwdrrwrxg
rrgxdxiwridwwrgdxxwrnxd
wxdnggrrrnrnrnwdrrw
rnxnrrdwiwwixrnw
griwinwiiridrrwdwww
nrxrrwiw
nggrwwww
nwxrwnnrwiwggnnwxx
diwrwxxign
wxiwrirwrnr
ggnr
nnnrxwnrxnr
rxdrxdxriigxrigxg
ixiiiixgxrwrgrndndgiww
xdxwnwdrn
rrdnww
inxxiwrggiwrdnwnnxrxirg
rdrxngwwrirrgnrrw
xgdddddrridwdidddxidiinx
ridrgiwinirnnridrigdw
gixgididwrrxxr
wgdggidrrrrwgnnix
rgdxgwnnngiggd
idirgn
xxxxdgwxrdn
nrgwiwwixdxn
rxinnrggxi
nrwndwxdrxdgwrgdggdnnw
nrgrgwnigxigiwrgngd
dnrwdiid
ngxrgxgri
nnxgxrdxrdigi
gngrxddrdriggddgniiriidw
ixrggnwwxwixgigwidngrrr
wrxwrrdwin
wxrndrgwrxrwwrgri
igrxwwwr
xwignrwrxdrxnd
rwnxwnnxwxgrwrinird
rrrwddgwxdxxrdixig
diixddgr
rrnd
drxrdddndirgrgdirdiid
rwdr
gngdirrrwr
idxr
ndxr
dwxiwdwwgnwgxnrridrrxi
rgrwixggd
gdgrnrxnrriwdgnrwrrx
ginxdrngx
rrnn
wxrdwnwgxwx
gnnr
irrgdrrgwirddgdri
dwigndirgwnidwgdwgwd
iwdiwrnn
gwirinrixwiggxrxrxx
wiirrdiwxxrwwd
irwwxwxxrgnr
gxninrnngwdwrgxwnrdrw
rwnxndxgrwxgiwdrxdn
xwxxnnwxrnnn
indrdddinrgwwxgnggxg
xgrwiddnnnirrdnn
nidgrxrwi
ggrdnrxdw
rwnigrwww
dgxdddrrxgiirddrd
nrndrirrdwi
inwnrdrdxwrgwgwxx
wdgnrnwxdndrdrixgw
drngd
wxrgx
ddrirxrnri
grrxrgx
rdrxw
inirrxnw
iindnnnwrggrirgdxdw
riwigggwwi
riridxrinxnrdxriiwg
ggxrxdw
idxnnwgriddigr
niggrwdwgwxdxdrrrdrdr
rgirgngddd
rridngndxd
griwnwwrgdww
wgrw
dwrwriinggindnwxwdgxw
nigirrrxx
wwgdnwrr
dwnrxx
xnigwwirxxrnnnxrxrriidxi
iwxwxrwdigiddxidr
rgrgiriginiwdd
rgngxdrdgnrgn
rggirdnrr
innrgngrrwirinnrgiri
iwdrwrnxrxidiwr
irndxwxrdrnrrigdxrn
rrgirdnwdnwgxdngrx
iwwrrdwiw
xrwrrrxnii
xrgwrrrddrdrniwwrw
rnrddrrxdxxrixgwxxggrdw
xngrdnrxrrwirxixrxx
wgngrirnwiwwiwwix
grwwrn
nirdn
rirndgrwx
nwrdirxnnindgxgr
xxrw
rwrgnrgn
dddgnrnxdwnxgnixrrxx
grxiwxiiiwirwdn
wwgrggrxnnxndgrgrrrgdwd
xrrwngiwgdgnwdgnwgrxir
dwggwxgirixwxwxgrxwrxw
ginirdrgri
rxiwdwx
dxgirddwrwd
xirwr
winiinrrw
ndnnixinigirrdnxrr
riindwirrinnriirdnwi
dgidgiwgdwgxrdxxr
gxdgignrniwggxxdn
riggwiirxnrwdrnxnw
dngxgnxxxrgwgwxdirid
rwiiwxdxndwiggid
nrgrggn
diggrwrggxw
gnrrx
rnxxidndrrxdwwdnridig
grwngwwgnxrnndxxgiwwwgid
drngrxrixwiwrgridiixw
xdniwnrnngxndxngxgggwd
wxwirwwnrwiirgr
xrdwdriniggdiriidxnwwdx
xwgrdgxddxnndxndiwdidiix
nnwddiidigrwrxi
drnwwxxxrwgdw
wiiridirrwidx
dgirgrgiwgxrddgg
rgniindrwdrrgrg
xnrgnxxxng
rnwwgnxxdrxrxxrgigrrnw
wdrnixxgnnnddxw
iwir
wwnridnggdx
wdwdxrixrrngxwxrixigrg
xrnrggrxdiiwrwwgwggdd
rgdriwrgi
wrwdr
iwrgxgrwwdixii
rnrnixrn
gddwnnwdxrnwgd
rdwng
grxnniiwggrrwwwdig
rnixdrrwrgw
ixrxgnirrrdiwrdrnrwidr
wwrnwgg
ixdgddrxnwrdnxxxxrrgirdg
wiirigdnrr
giddxirwigxgwgigxrdi
rdgddwirdggxxnwx
dxrxxg
rdrxxrdnidgxxdirxggdg
xwwndwxddnrdgwwrxrxnxrrx
inrwdwxr
xwigirrxg
rgxirwnixxrrnwninxgrxwgw
xxgdr
ngwrgiww
nrwrwgdgwdr
rxixdgninrrwriwgdiw
dgwnirngxdrrr
iiidrrd
rixg
wdnnwxwrdiir
nrxgg
iniigiingridxr
driggxrrixxgrgdwwxi
xnrwxrixr
rgggrgxxrxgigignd
nnwidxrgrggrninxrwnxd
wndrdwxrwgixrxiirrrdi
irnwwndndxdnrdiwwrrwri
ngwrdiw
dxgwdrgn
xdwxgniwwxrnwgddxnxinrg
rxrwgirwnrx
wiixrdwr
xndxnnrwddi
xxrwidwrrrwxgr
ixxwwgxinxdwrrxdwrrr
ixinrwgwrx
xdwrrgrwdwignriwigwwigd
gwrwniririgwinixgd
ddrxgxwnwgiwrxdrxwxw
rwxwxiid
idrgrrinnxrdxwwggxrrwid
ndrrwdxxi
wxrniggrwdgdgwxidnxn
grxnnndriwdwgd
rwnixxdi
wgrxddrniiwd
nwnxddxwnngnddnr
ndrrdx
riixxrnrndngdidgxrwggnxi
ddngrnirxnidxgrrn
xwgrrndrddnndnxxwdwinrr
rwgrxwgxnd
rwigriri
ignnngnrdinwgiidwg
irwrxgnn
rwgxdni
xdrxindrr
wdrn
drngnwgxrggwr
gngidxxxgxxwrxgrxx
ixrgdwrxniwrnrnwgxirnd
rdwiriigxwgwrd
xdingxiriigrggndrxwngrg
gdinr
iixwrgrdin
rrxgnwrgwgnrwgw
xxidngggwinrnr
dnrriiwrxdg
xddidrddgddggggnxrdgirgr
giwiixrnirwggndgxrgi
xnnwr
rxrxr
gdrgrrwi
iriwgwdrn
giwddiwdgrgxwgwi
igirngd
ngrgrdnxindrnrwnwdidwng
gxwdixgnixwxdnri
wgrdgxwggirrrir
drrwgnw
gwrxwinrxwidxdnrrnwxwwnx
irwgwxxiii
xdgixiwwiwgnridnx
grgdrgwnidxxiiid
iiwignxrrigrwwndg
idirwwgdwixdriiriiriirnx
rgwwgxwngrnrwgrgw
xxxwnigrinwrwgwingnidig
wrnxrgwrir
wwdgnwngr
rnwxginxinwxgdw
rrdxxddxdnxrggg
rddiwgndxrxxrxnwrindxn
wdrwgxnxrgixdd
rgxix
nddir
grrdxwnnrxgrdrwxxwgirn
dddgrxr
dxdgwirr
rrirg
rgdwrxrgig
gdnriwiirgnxgnnd
ignwnnxrxdigrngrdiddx
iwnddgxdidxdidrwxxr
dnxrwxnirx
dwxrgxrdgigni
rrggrrrirwnxrrnndrdg
rgnrwxnxirdnngwriwnixd
rxnrrxirxrxngr
ngrdixdwrixixdiwnnrxgwgi
irdrrnxnxiirnrrrxidxx
ddrxignxrwdgxrnixd
nrxrinxdwwdirgi
xrngdxiggxxr
dnggrwgrw
dxdrdggw
inrwri
xwixwxnwdxwxwrxndggrdn
ddrwdngwrdninixigw
wgwdr
iididndxriwdwdgrrir
rrnrrxwggxx
iwdxrwgxxxrigdinwxgiixgg
wnwnnrgdirxwx
rnxgxnrwnnggnriridrnxwrr
irrdiwigrdddidrngrigdrxd
rnnwdwdg
ixdrirxnrwnrx
dggndwgdwwwrxxgnrnrwxi
drdnin
inwdxrdwdxg
xdxrindnwxxgw
gndrrwixwgxrgrign
xiwriwrxxd
dididngigrgnxgrdwddddw
innirw
xrxrx
wxrrxxrwnnrwni
iigrixdixr
rxxgnwixggnxrrnxgwgnx
grnnggixrgxdggdgwdddngnn
irngddgriirw
gwrd
wwwngxrdrnxggd
nrdrddiirdwwrnrn
innxxrgrgig
nrwrg
ggnirgwwrrw
wrxnwninnrn
gdxrxdgginxwiddr
dngdggrrwwndwnwwwnwn
inrddiirddniwdr
nriidgrxinxdwrdwnriwrrr
xgrnwgnnrngwxrrrrrwx
xniwdirwrrwixwwxdwnd
rndrrrdnxdggdrwiggwdgn
drdnrxn
xggxnnxrniixgnwrg
drwwinrdddgndnixgwwrwww
ngnxdixgirww
gwgrwdxigr
diiriixwwgnwrgigdi
xwnixr
gdigrxxrnx
gwnrirrinxgnrwgxxxgxwdwg
dxgxiiiwwrxg
nxnndr
xinxggnr
girrn
irxnwdnxnddngrgiwdn
nxirxgxwnrddwr
rgwr
dirnrxdgwixgigniniwrgd
xxidxinrwdninrrgixnwwndn
nxrinwgxgnndnnnrggrwdn
grnww
rnwd
xxrrwnxgrxwd
drddngidnxidrw
rndrwirgdrnxwnrww
xirndxindrddxirxnxn
rrxwrd
rwxrrrxxgr
rwddgnwgwwdwnddxnrrnniix
gxrwggxgdrgdgwx
xwgdrxrdiidgwwgwnx
iigrdrdr
diindxingrirxnwnwrgdiww
iwixdxindrxgrgiiri
nxrgdxnirgwnrw
nirwgrgnirg
grnddxdgnrngwnnrd
nrrrnxggiww
ddgrn
wwxnwinixdddxinrgxrid
rdgwwnnrrirnr
ggxdwiwrdxddixwrwinr
xirxrridwxw
wigwrnrgdgwwrdwwiiii
wngwrrdinndwrnrr
wgrdrndxinigx
wwxirriww
wiwriwdxnnw
wrgrx
dgxxnirrnxgwgxxnn
xnriggxwxrrwrrnxng
nrxwxrxidg
ixwrixixwwdnndrix
nwrnwrrwrxiwwg
xwgidrigggixiggginxngri
nrgxgxgnrdrwggdr
rrwgxrdndixgxxgnrrwn
rrnrnngridniirgxxg
nrwrnwnxxdgddnwi
wrxg
dxxgrrxwrgnx
rrgdgrdgn
rrrx
wggnwr
girrwrrdrg
nrwidnrrrgwxrdrwxrgir
giirgidgi
grgwiiwggidrdnn
rrwwddwxixwgxrgdwrgxwidr
nnxdgndrwdgrwddgwndwdwg
drnrgxwdxdxw
dnwnwgrndrrxrwrggn
gxridgw
rxdwirnxidnrinr
rrxrixdwdrgxnix
wwrxwwi
ndnrwdxiwxxwgrrdgngiddwd
wnxnrgnrrggwiw
irigwixdnirwi
xgrgdr
rxdgdriigrndgriw
ngdggndriggwrxiwdgwxxrnr
xidgxdngrnrdxndrrgir
iiddrdnrxi
dxdrdrddxigdirn
gnrwrxgrndgwxin
xrwngriinwgig
drrnrwxrgrwgxnrdingdgwxx
ndddxrgirwixwxrwiwrinn
wwniiwwdrxdwgdxndgr
grwwnwirxx
xdwdingxdxdrixrggiwgxir
xwwrgwdwinwxrrwrgdignrxw
rnrig
ixwwnrxwrnwdwiwxrxwr
rxinwdrigx
diwigdirwridn
nnxxrdrxxxrwgnndwwng
dirxwgirdgiidxigrddwnxn
gnrwrnrgii
nniwdwri
nddrwn
wgrg
iirdngnxrnwnirddxrnng
xrgrrrd
xiigwnrgwgiwnnir
dnrxwgxrxgri
irrxdnrixrxnwww
rdwxrddrinrggiidiixin
wddwndgrrrxrrgnng
gdrrgwngxrigrwrg
driwxrrrngdx
rnxixinrgdiigdwnwgniid
rrgxniwxxdirrnrgdig
wwrnd
xggwwwdxirdrxn
irwrnxxxg
nxrwn
rrxirrrx
rxwirxgidir
drxrxwwiwwwxgddn
wigxrwrxnwwrdirdgxngd
rwdddgwgxwgdiwdgxdwxriwd
nnwrgngninwigxndxdriwri
gwddxrig
rwxxrgrdrwwnnrdwrnggwin
irdidwndidngrwn
gxdnginnxrnddxnwx
rdgnriiinrrn
dwdxxrrwiddrgrr
idxrwrxdwwgiirrwwwxxnwnr
rirgdggingiigxgx
rrnwnirinxinggrdnngrgggi
wgrgdnrwwgggxnndxd
wrrxiirwgrw
dwrdggxrnirnnxddwiwdwd
inrwirgwiwrdxniidn
nwgiigirxw
xiixxdirdww
rrwwwnidinxnw
rdrrndidgirdgdrr
rgiwdxdgngdrw
xwiwggrgnrxdrgrxnxrndgx
rnxrdwixnrdxrig
wwdnrwdnnxn
giwinrgiwiiri
xrdn
drnwr
iwxrrdxgggrxdrgxdx
wrinixiwrrx
irrgx
gixidnxinddwiiiwxdwxnndr
gxgnnggxrgwdxwgd
gixdgixnwwgdr
nxnnrgxdxgwiwiggdxdrw
wignrxnxwddwdnndwngirn
ggwwirrrdwrdinrdd
gwwdrgrr
dxrrrnxrirnigrrgdd
wdinnrngirrxxgrxwxxxxrw
xdinwxwnrdrn
idgr
nxrrnwriirdxrxiiggri
xrrdwi
gwgrgdgrwrg
rdnxr
dxrrwgdindgirgwir
rirgrxxnigr
rinxrniwrwgn
dnrwdxrririrg
rrrdwx
wxxr
wirinww
wrrxgniwwxrrr
ndrwxxridwxrdirn
wrnwrwx
wwrdxx
ignxgnddxigxrnxwxwwnd
dxwwwwwxxxdwnrrnrdx
nrdg
rdgxxxxwirrxrw
ngwinwrirrgggrriwgxwdxr
wringrnxxixnwrxddwwgwiw
drdidrgdndxrdgriwdnwrwdr
grxrw
rddixgdnxiiwx
xrinwndnwgnwwr
dnixixrgw
wgrdwiidwrrrddgigx
dwwdwrnixxdiwwnxd
rgnrwdinnrddnii
ggrx
nwrndgdxriingxxnndxnxxr
gggrwwdnn
xrwdwxgx
gnwrgxwwxrxirgdrririg
xinnxwddniginiirrwn
wnnri
rnxxdxdrxrwidxgd
iirxwrrwxiwnnixrrgwnwn
nnnxwdgdrggid
idngwrwn
wxirwgiingindxigxr
wrwwiw
dxxingwrxigwdnrwiiixrw
dggdigrxxirrrwgwdrgrdn
ninggxggigirxgd
wgnxxrwrwiggr
xwwgwiggwwgxnrnndnr
xrrnwn
gxwgnrggxdnirxdnx
ggrgwxngrnrgwrdwri
dxdridgidwriwrx
wddggrr
rxwnxgriidiwdnxi
riixgingrwr
ddwgnggwgnrigdrdinwirdx
ndgridrggg
ggrggxxxwriwgiwgdwd
ndrgiirggdddxr
nrrw
grrwwdddidddixr
ndrgxdwrnrgxndixxdnxgx
xrdxxdnxiwgndiirdr
gxdinddiwdwidrr
rngdddrrig
ggrdwwingirrinxdr
ngnrri
wgirrxiwwg
nxrgiwgnixgww
ngdrrdrrddwrirwgr
gwri
rxdxnxnrgnddrirxrxr
drriw
rigr
iiwxgigwnrxgignigwn
rgrwgnd
xwwgxwringiriwxrwignwgig
iiwxrixwrwiwdw
wdrxgnwx
rxrrgrdxnrx
idinggrddirgxwgngrx
xrdixwg
iigird
gnxxdngrw
rddnni
irirwndiirxgdrgnnn
nwxdddrgxngdwwggni
irwwiriggdiwrirw
gidnrxnwd
wxxgninngrnwdx
grnrdnrxnrndn
widdxwrrrggndxrxdww
dxngrd
rxwgdngrwxxxwiw
igrgwnxn
dnrwgwnwxdixddr
ndidrwxgxixiring
wrgigrwidrw
irningdiwiiwngxrxrdrwr
rxgdd
wdwingiwrggwirgdxg
griiixwddwrnxr
wgrrddrgiixxnw
ggdgnrrnnrn
ddngndxirirxr
wixgrr
ixriwgrdxr
wrrriixwdwdwxdwggddd
nigwrrwiinrgx
wdiridgirixgwi
grwxxdgin
grrddgndirinwdwnxndixirr
rxxgrxdrddrgrrwrxiwxdn
nwrr
rdgg
wnrrwxgigrr
irnrg
wrdr
ngrrrxi
ggxwxnwgriwxirwwirixwwr
xnrwwridndiwwdi
rgxiwggw
rwnddddrnrrndxxdxrg
gxgngrwwdwddgndiwn
xdixingdwiirrgw
drngrndi
iiwr
rnrgdxddwninxwgrxrixrxw
idri
xdiwxxixnwwdrg
igwrx
grrxrgrx
dngniixggdrgrxx
xrndrnir
nrrrdwxiid
xrwwxn
rrnrrdgdnnx
wggxrgxggdi
drddirxrrgxrgnwnngx
nggxirirxxr
ndxwnrndwrdngwdin
rnxxwnxgndwrwrid
nrngigdrwg
ggirwgwgnggdrnigrg
rwrx
gwrrxnwnr
nxrrgnxx
xxdrwngddgxnrxirxrrrgdgd
xdnigggidirdirg
iirrgnrwrwggw
gidddnwdgwwxwnwwdggxxnr
wwrngnriiigxdiiwigrrxidi
xrgrwinnddrrxxwwrgdrxxdx
ndxriggnxxxnrnwwiwniwr
xindgwgngigdgr
gridxrdxriwng
nxxngxrxnnnnrnwn
wrinnndxdxggiwrgwdwrrn
xringw
nrdwrirxrdxxr
ndiwggndrwxgrgigdrw
diggwnrxdwgdrgiiixnixdnw
irgrgxdnidriirn
xxdgrrgrxxxgrinnxnidi
wwrnrri
ngwigiwrxdwnirwrirwr
ixrdggrw
iigirgigxgdgiridwdrixx
drwnnigxrgrrrrxr
wwwrgrwrxx
gwrgn
ggngrwdwgx
xggdxgnxxgr
nwdr
ddrndggiggnrwx
wdinnrwxnxnwnxdwxwnxg
dxxddrxxrd
xwxdrgrwxrdgiwdxgniniwnw
grddwrnigxggnwdgrwdidwnr
nwrxnwwwd
iwidwirddnrnwninr
inirxrigiindrdrid
dxrwgdggdrrdwnngwrrgxwxd
wxrwrrixwrwdwn
xwdgxiwrrnrx
grrdwwndirinn
wngrwgggnggn
gxggrrwiixwirwiiiwrgxr
gigiigxgndrigxrrnninni
xwxrxii
dgxnixrgwgrrxrigriwrnrnn
xgdgnnrridgxgnwnx
grrn
xxiwwwnrw
nrggrrwxrrxndwrxidxgxwi
xwrwgnxrnxdrnwrxixnigwwg
nnnrdi
xnixnggrxiwrggrg
rrnnnirnrdrniddgdxdxgn
ddgrddxixirdr
nriindiirdwgdixgwnr
gwrdrnxggrirgww
rrgnnr
xriddwxdwrwddd
rxrx
rrgi
diri
wrdxdwrrg
gggnxxrrrdxnrgwiwwxgrxwr
xgndwwwrg
xdrdgidnxdwggngxgixiir
xwgrrdgniiiggirrrrii
rxnnggrxwririiiwndrwdw
rwixx
irdn
rdnwigxrdxixwrwwniwgx
ngndgxddiixiiiwxrrird
xxwdnrnxrw
xwdxxgnxndwrdr
inwrnrriidx
gxdwrinrdxr
wrrrx
irndwndrxwixrdingdigwd
rdwinr
nddrdxrxx
rxnrdwgdi
wnnr
wnrndxgwxxixdrgrwxrgdrw
nrigdwxrrixx
ngrnr
igginxirxirggxnwwgr
grnn
ngwwingdnidxirnxrrgri
iidnrwixnndgxiwnnrrrwin
wdiwrdri
wdwrwrixrnxnxnxdn
wrndridwrnxrngrdwgdx
grnxir
wrxngwgigwiwgniixigdddx
giidgwxrgnwnnwnwrwrgnwrg
igrrwrin
ixxrdiw
xwrn
wgdgdwxwwrrdgdidwgrxgnw
rxdwdxgrgwxgrxgrnwgrr
irgniidrxdnrrdxdiwxwigrn
rdrdxggr
drdnxnnnrdgdwni
rgnwxrxixwd
ddrnddxddwdxxxgwr
wiinwrnniixnrxx
xrindxdndrndrrrwnnxrx
xgrrn
ixgixdgrrw
ndiixrw
rrngnnxwdxgw
xwwxinirxggwdixwrrxgrx
dnxrnrngdxnngnxw
ggiiddrrxiwdxdrwdw
wwdxrg
nrrg
nrrxxiggrdrxnxwrnnnid
ggnxxnrwrnnrxnx
dixrxxdnrxgixgdrgrdgd
rwgigwxrdxngwgirxxwrri
iiwrniwnnxwiwndgxrwwgw
rrgrwgxwrwdgdgniwdnn
gigrir
idngniwndgrggdxrg
xrrd
wxnxrdxwxrgi
rdiirrgxnwdigi
nwrnxxnriir
xdgwrirwrxnindiwxr
gdigxrxxiwgix
nwwiddgrxgrgrgndnwngdx
rrdngwnrxgwdxinwnrirw
drgr
gdinnixdgrwrnidndr
xxrigwgniiiwndgnnxigdrn
iwrxininxgiwrdrrrrd
nwrw
ddnrrwnwgrirxrrgixdi
nnxdxnwwixrggrgnnrxgxg
wrwixigirdnri
xgxiwwgrwrgrrrgwd
xngidiigiggxnrrxind
nwxiiirrrxnigdxxi
nirnggrdrwwxrwrrinn
ddwndwrirngigddx
nndxnwgwrdwdgg
niixrr
drxgx
gxwxddrrrdi
rxgxnn
rwrxndrxidnxddnwnw
idxrrrni
nrngirndnrxw
rwrnridnd
iixxdindiinwdrddrxxigxg
wdrrr
xnrrrg
wxwdirigdigdrrxxrxxrwnwx
xngnxirwxngdirgdrrwx
xrwgrdiidrdrrdnniiw
xgrwngdiig
giwnrr
ggxrxxn
rgrirw
iidwwrrirrrrdgdirg
rxddnnwrni
dgrwwirgiid
rdwnwnrdddgwxndwrxwndw
iniigxrinxdgrrwid
drwgwrxdridgrxrxgxxdw
dgdwdrnndingwrrindgxnrdn
ixirx
ddwddrn
xrxinridwwrirgiirxriwnr
rwgxrxdwxdgrdigniddwn
rgngnxxdw
grgnrwwig
xnwirgnrniigxddgw
gdxrng
wrxwniidiwi
idwwirdrnnrr
rnnidwnginr
rnnrgxxignxdn
iiwnrdrxnxxdrwwggg
grnrgxnrrxggdirgnin
rxnng
rdxxnwwdngwrgxridrxgiwin
rxdndixndrnrdir
gnxrrxrnddgnrdwwin
xrdxixindrnrddrxird
riggrrxndnnidn
nrnddnxnggwxrrwxignir
dxdrwnnwrxdndxxrnrrx
xdrdrnwgwnxgirdixrn
rrxdxxx
drwniirrwwgrnddnnwi
nrindx
gwgiwnnwgwxrdxirdw
ndnwwninxrwg
rdgidwdrigixrdwdwr
gggrnwniwiwxwnnrdniixwid
igrwdgxrdddirwrx
rrnnwxxwxnnwnrdrxxx
iwrdnirddririgdwrddwgr
ndrngrdwwinwx
nriwgxidr
nxirwxw
grddrxwixrixdinrr
wgxdinwgwdigdgngwrn
xrrgnnnwrigiirdgnrrw
xdgrxgrdwiwwgr
xwiwwiwnwiwirgwnrnxgdngr
ndnnxgidrgirnwgnrngxwrnw
xndnxwdirirrigdnrrdnw
nxndrnnr
nginrixxi
nnnrdrrdnwwnrirrxnrirn
iggdxidwiggrrgdngdg
ngdirdnrggwrx
ggdnxrg
ddrrnnixgn
rdrgrdiwgrddx
xrdrrxngg
nwdwrxrwrxridwxrdgwigrr
irnwi
wrxiwggir
rrindidrgrdgdninnnxgi
wrrr
rdxdirdirirrddrrnr
rwwnnirdrx
rgrgxgwdrddnwxixwiixwi
rxdrnwggx
irxinnrxwxrrrngdwxgnxdir
xgirxxinggdnrxwrnwgdr
ngwrndirigwir
rwgngnnrwn
rrgwwd
xidrwrwxiindgxrwxrin
wxxgwgniddgrdx
nnrrd
inirrr
rxninddd
iggirxrrwdirr
ixrwnnxirr
ndwwnxxnwrrdgdnr
niwwrwngwnwni
iwwdwxggiwnngrrdwwrix
ggdigxxndrrwg
rggrirdwixnii
grxwwwrxngrxn
xdwdwrxdgxwdggdgggr
gxwxdiwrnggwwinnwrwgir
dxdrdinngrxgrrxrg
gndgr
dwwrdxwxnwixgddxii
xrwrnnxingnnnndxdg
rdid
wrwrxgwnwwnwrrgngiign
ingrrrxdindrrri
ixgrnxndgrx
wnrdrwnirrgdirrgx
dwwidxniiggdnrwggnrg
grigxniw
ddngrxigr
xrng
nwriigwninnrdg
rxnnixiirgdgxxrwiwi
gndxrnw
nnxdnnxrddi
wdrrrwnrrgnxgdn
gwrnw
rgxdr
inxginixrnwngnwgrnrgrw
wrrdd
wggrggniggxxwrrndn
ndwdirnngwwwrinnir
rrdir
xxgwwnrgdrdgndidd
nnwiwgwrnrnnrwgrxrr
wnnrxiggxngrrrdxwidid
rirrrr
rxdwddwwxwnrgdddgxndgi
dwrwrxdxxir
gnrwngwinrrnnxddiwnngrrr
rrwx
irwgddnxw
rgirrgrwwrgwgdd
dnwridxrdrnwgng
rinxgwiiir
rnindirnidrwddrrwxx
xwxrrxwrdwwgwggdnwinirw
xgrxwndwdnn
wdwrwrdgxnnxrwndnnxdgdrw
rrrr
ixiggriwgniwdrr
xrnwnirrr
ndxidrgxgigidrn
drxidwxngnddwrgrdwdrgw
xgigggrnrxiggxxd
xrrgirigi
diwgigiridgirw
dwrdwnrdgrndixiwrw
rnnrgwrgrinxxnwrxg
xnxnidrxwnrrd
rndgwnwrirgrr
gnriwgwwr
nrrgiwdxgxgdxnddiwrnw
rnrnrxiwrdnddiiww
rgrgdrnxg
rdxxngxgxrngrrgirgigwri
rwrgninidwwixxdndnwrgd
rgrrdxniriiwngnrrd
xdwdidigniwdggwdnxdixgr
wiggrxxrxdddinrwrdnrrn
inwxxdiwninrrgniixxirgxw
didringxrgiwx
nrgwrixngrinxxg
gdwrxwnxrrdnni
gwrxin
diwxingixgwnxrxiiwr
xnwdndngrxddi
xdwrxwdrndgixn
gnirrgninrxd
rgrwrnwdd
rgdgwxxnniiiwggnnirwidx
ddirdxdniignxggnwdnindxn
xwdgxrnxxiddnxnwgxixw
gdrirnwdggdxx
ridnwwd
nrnwgwdxxdgng
rwwnwwnnrrdgnwwdr
drdnirginwiwrr
nrrgrrnig
irgnwxwgnir
gwnwgidgxinir
giigindxnwiiidxxxrrxrddd
rnirniiiniiwixrrgwwrw
ndrwrdrxxiiidigw
rignxwwddndxr
wrgrxdniiirgnrirdr
gxxrgwndixxnnrwigwrdnr
rngxwddgdxw
wgrwxxgiirrdddwgdwriwdx
nxrirdrngnxnrx
rrdrwr
nwnrniwnxnrwxrdxn
grwdddnxnnwrnrnrdxrwd
rnrrixwxnirwidgrgrdd
rinnxx
innnigdrwrnxdgxnigdxrrx
gngdrrxrrwdnix
gdrrwgrrr
rwdndnx
drnrirnng
dwrndiigi
riiwr
rndnxrdinrngingw
dginxgwgwrnrxrr
dxiignrndi
xiiwwgrrdgnwgrgwwnddww
rrxinidrdigwwn
rgggr
rwwxnrdrgxdixrrginggrgw
grwndwdrdgdididiixdr
xrdir
xdgrdrirdrg
rdxdrrnwxndirrxdwdgrrg
xirwwirwxrgxxwidwxgidx
drwxiirrxrdwnxgdn
irrg
irrrnxrwrgww
girxrwnxd
nrxxrgrxiwxrxri
rddwwwwgwxwrrwdidrii
gwnrinrndwxrrgxwdnr
rixnwdrrrnigdgrnxxrdw
wdwxwrnnnndwinggi
nirgdnxddnnrrrdrnixri
nwxrnrxxgrn
rdwnggnirnxwnr
wrwddgxndwxgrxd
rnxwx
wrrddwnwddw
rgngnnn
rwidrrn
wrdiigddxnrxdrdxirrrii
grdrxgndwdrrwxdgxr
rrgirrri
rixxndrwgwrngndrndxr
wxrxdr
nxnngxrg
didxrrgiirxxingdxrrr
rxgiwrdnidddnn
nnwir
ingnxrxwinigirnwdnninniw
wgrrxxingnr
rignrxwdwiwxgd
gdgwidrrgdgwrrgw
rddiwnrwdwridrw
gngr
dnxrw
ignxndrn
drrnwxgxxxrx
rwgr
dwddgrwinw
rdnxw
driri
iwrrdngwxdxrr
xwdxngdrxnndrirdrdndr
wnri
wwdindnrgxgrnirwnnn
irdinnd
rngr
giiddndwiiirwwring
nrnrddnrniwinix
wignxwndndrxwwrrxxddigw
riwdrxrgdggrindw
xrridi
dwirrgnggdrnddxdrxignd
gxixgrrigwdr
nrrnxdrrxid
wdndnrixdxnwrgrx
rgdndrixxgririggndgiwrin
dxirrgrng
ddgxrgrxgnndwiingdgrwx
irnnwxgriwixrdrn
dwrgngixnwrd
xdir
irgxdwgwrnrg
iwrwwrg
rdrin
rirrdirinxwwnrdn
nwwgrrxxdigdiiixridngnir
nrdgrnndxrnw
gdgnnxrrxgwgrgrwxgwwi
gwnwrxxxdwrggd
dggdrxwrxwrg
wrdx
wxdrddd
xrggxwxinxdrrgnx
grxx
drniiiiwwwngxgxd
wxwrr
dnwwgniwdxrnxgrwrwwrrgi
wxrrgnwwgrriwin
ginndiirgwwgnxwigxgwiin
gxrggrdxxwwdgwrd
xdrnrw
rnrgr
rwnxininigixxd
gggrggrdgdwgndgwxnnnrwin
wxxwridrxxgnrg
rddidngrxi
nngrigdwn
rdxxrrrgggwwd
rgrix
wrgnnn
grdxgrnggxrrdxdi
ggnrwrirwniriwggr
inwndddrdxixg
dggrrgnngdwignrgxgn
xxxirxxnrgd
rgniin
dnrnnd
dirwdriwwgrrnriwnnrr
wwignrdwirggnxinrrgnr
gxwidinnrr
rigxxxnw
ndxwignrrni
xwrdgxxwd
inigngridirnxww
xrgwwidriniggi
rgxidd
girrddwnngnwwgwrgixdgr
ixgwxrxxgdxrigw
nigngrnww
didrrdrnndrirnrrxxinrdi
xixrdrnw
rwrni
xxwir
gixxxxgwgnrr
dgidrwxwixxdnxrnx
rxdrdrgdgdiirxiwxdwrr
rdrr
rrrwdddgwndwrn
wrxrnrdig
grxrwwnxdri
iriwrxdxi
nwinriixrnwidinni
dxgrrdrwxxrgwni
wnrrw
nddnrgrdriigxgdgnrxrriw
gndwdgrrrgngnxwdwgrnwgg
idxdriwdwidgnndgniiwrgi
rdngriiignrnnwdxnrgrgr
dnnniwxgwxgwggdirwrixrgr
idiixxrw
rwxrwdrwrgrndngrriw
gxrind
xnxdrgrxgiwir
giwidngnrgnnxgrxgdrwxdix
rrrxnnwwxdrid
irrrrrnxixnndngwnn
nxridrg
drxrxnxggwniwdrgdgrx
wxigdgwrrigxixrwxnwdxni
rrgninn
gwrw
dxgdwwixxxiriridgxwdddr
wwrxrgiwirxgrixni
grxrixii
nrwxgngngx
xginxdrnrrwgnngxdrgnwdwi
iriwxidgrwwrw
gxdr
ddwrdxdxidggirxrw
idgggrnrxrgixnrdxigd
ngnixirggnridii
rinwrngdid
gdggiidninrxgx
xxrgndrdxndxnrrxdgi
dingriir
ddnxdnxrixd
ndigwgwdgdrrwxx
wdrgrdwgr
rwwgrxddinwinxwxgr
gxnwrg
grxddwgixrnxixddrgggi
rnngwrxnxgrrwr
nrxrnixi
rgxwnrdrrrng
grnxxndgnx
wdwxdrr
dinnrxwxidwiwgr
rwiwrwiidrnxgd
rgrr
rrwxw
rwww
nwigdrdxrrxiwiiwrnxwwx
nxindnrwgxiiwngnwn
rrdxgwdgdn
wwgxdiwdndxrrgdixinr
wgrrxi
nrwddwrdr
innrgwnwdndnrriixx
wrrrnxwr
rnridr
rrxiinix
wgxrrxwnwrxnxnnnrdrnng
ndwwrnrxrxixrwdgdn
idrdwgg
wdgrrnrdxxdxxgriirg
xrxrdwgidw
xnrwixdrdgwirgwgwnxgn
rrgd
ngriinrnngnx
drxiidrrnw
igdwixnwdwnwndxwgnr
iiwddrndr
drdwrdrnixxwndigdinw
wddwggrrdgdxxg
ngrwirgnxnriinrdrxnxrd
gdrinwr
irwnr
xgrgnggrngdr
wxdxxrdrrdirindi
gdwdniggndgrddgrir
rwirxri
rrwri
windnxxrdrrddrrnigdwn
rddxgwdnxrixdngrrxxiid
xxxdidrixdnwrrrrg
rwrgwdddgdinignidwinidd
rrigrwgwrrirnignwginngw
wgirx
xrriwr
iiirwiixnwrxn
xxrngwwriwxgrgxgdrxr
grgg
dwwxxdxdinndngddxxdrx
xngndxdrrr
dinxrr
wdwwgidwdwxrwdrnd
rxrn
rwgxnirwgxxdxxgngxwg
rirrdnnnggnnxxdwwgnrw
iwxngxwrnxxggxwrnwigwiw
rrinnxr
riwwxdn
riidwrniriigggi
drrrndgidnidrxrixwgrwnx
rngddxxdwdwdri
nniixrr
rrni
irdxgdgnngxnnigxgixrwnxd
ndirniwnrndrxwxixwxddxi
rrggxgigrrwxrnn
iwwnrdwwdrxginwdinriwwg
ddnrddrwrrd
gxndrxddnid
ixdrwdrirninnwrndn
gndwdxwrixwndixirwxrnrw
igirrg
wdgirnnidr
wnrgrxinxidwggiirirgnw
rwrgdwwddixigrn
girr
rdxi
idiwrgindrddwiwxi
riddirxnwwwnrrg
gdidwiririridrdixrw
rixinigdixigwg
gnixr
wxggnwrddigwirxi
drxirngrgrriggnwddi
xnir
winrwrrxxwnnwiw
ngxiniiwgxgrwrniigrii
nxiwwrwgxnidxwxdgxw
gngrwg
iirdndwgdrngnirigrgwwd
nwnrngndiinrw
rdwiwgri
rwinrdgrgdnnrrn
dirwxxrw
rgiwiwwg
rddngnrwrnirwxgirnigx
rdiiinr
wxrrrgddirdr
ginirwwrnxdiwrwgirnrixrx
wrinrgr
grwgrgwddr
xrxgrxirwgiiirxd
nxwgnr
wrxirdwdxdwdginnr
drgrrdgirinxnigwd
ixgnr
dwgridrnigdixdx
rnixnnwrr
idnrrwgnrwdrdrxdwrgdwngn
ingggdddingnirn
rdinrirnignnnrxgiidi
xgrggxidn
gdwgnnxxdndrgrrg
rwxxindgnrxdrnwinrxrxx
rxgddnixww
xngnr
ngdwrxgxindxwnrxnww
irnd
iiwrdd
ridxdwwgnnwwrngxxigwnx
grgwxgnrnnxgwx
xgrin
wiwwxdgnxidinwgrgrnr
rdwnr
wxrrriddng
rwxrngxwrg
gnrxgrwx
gnggrgdwww
dnwrgnwiinxxx
nrdxdwdwxirirxginddxdx
wnxgwdxnirnxwixg
gwrrgxdiridirrrwddi
drxdxrggxwwddxid
drxgwixnndnrgrn
rrdwddiginirxwrggnxnd
wnrnrwrndnwrnidwiw
dwindiniri
wnriin
rrgringrn
rnrnnrdxgnx
iirdni
wrwg
ngrgnxnd
ridrnwdrrgrngwdxngr
rdxd
rxrxgidwwrnigrwrrir
xgnirignrn
igngrrnrwn
rwddnrw
xnnwidiwxnxrrg
wxndngxrwgwdgrgxgrndrx
gxwwirigrn
innxwwdnxnwrww
nirddx
rddgniwgd
dirgwrxrwixxnxdnnrwnwwx
xwnir
xdxiirnwrxdni
iwnxrdnxgid
ndrxirxrrwwwwrxing
rddwnwgiwinnxxrrgnxwx
rrwdwwngrdrngrxwwwg
wxxidxnrgx
dinrdnixginrgwidrnrwg
igwrxdnggixrrnigiwwi
rxgirwirg
rrrwwdxr
nxnxwdridnnnggriwwnxdww
xrnxdn
igdgxnrrr
xwiwwxdinwwrdinxxirridrw
wgdrxw
rrxxdwwidrwxr
rigdxrrxdngw
nrrgxgrrddd
grnxdxdniixxxrrnxn
grnrdrxnir
wwxrri
ngxgdwxxwr
riinwdwdgwriwxnnnx
iixwdwigwriirrxrxidxg
rxnggwwwrrrrd
ixwrriddiwwri
wgirrngxnrddg
nrwxiingxngirrwxnwddnd
gwrrgrndnixxddrxd
inwixriidwggixggxiiriw
irirgdrx
ridi
iixnwrwdxnriwdgrddignxg
rnxrrrnixrirningrgdgirw
drnrdxxdirigxgiddingnrr
xgrwwxngiirwnggxwrii
gndwgxrirnxdnirinrndxgdw
nxrgrn
xnxgiwrginnddwxrdx
iwwrn
grrniwx
ddrrd
wiirdrwgrwgndrirwx
rwirxdgdnr
xwxnwrrwxigiigdnrgi
dwwdddiindwirnxn
rdrddwigwnidir
nrxrxi
gdiidwr
rwinidgdiiwndgr
griwrdrirxndnrgwrwg
grrnwrdrrrg
rwwdrxr
dnwnrnndgixnww
rwiwgndiinxr
gxxxgiwrrrxrgirwgdxwrxni
gnrndnxrgidgdgrgwgidiw
idnxrdrddrigdn
drwrx
rgnigdxixigwidirririid
riwdrxdxiwxnirngrrdgi
wirxngrndiiwdidxiiwd
xndrindgxnd
xgwdgnrrdrgw
rgni
xiwidxirwni
gwxgnwrgrxwww
dnrngrnrxg
inigxniidgdxndddwwrn
rgiridrdigxd
wxixdiwddrxiii
grnw
dgddrgrwrw
xiirdiiddgr
gxrdix
rwxd
rxgixrr
gxridggggrwxnwixw
rgniwwwni
dwwrgrndwdrgx
xrxniiwnrrwrngn
nxingwxrw
rgwrgdxnrxginirrwgxd
