nizuppjzniuuujjznuiuzt
ptuutppinjnp
pujnn
tnjjn
putjtpnpnziiujpttzi
izptji
jjtjttn
jijzjuunttjuju
pzitjttzuzznujjtitinjju
ntpuuituju
unjtpnzzniupuiiipppz
pnitutjz
ppzjpui
jnnttzpztp
jjinitni
pjuutunnjnjpz
nizzinjj
ntnijpi
jiuipjijpppiznjnzuiiunii
itutnntujjz
nijnuuptjjtutj
jzznnt
pzinjzznpijnpp
jpzznjjiuti
nitjjunuzjnuttjzz
jzzi
juun
jnzizznpzinjpnzuzznj
intujtn
izznnuzjzzuitputpj
puznjnijiuz
iujujjj
ptipunipnnjizuiu
jnnupzuiijznpuu
ijpnijpnijptjntniz
junjjzu
zjtpijutu
ijjtnzitnujt
iiijitijj
tuuuupjtjttpupjjii
zzniztjutjuitj
pjittjjuutjppzpjjpzuzpi
ptjuiupij
zpztjnpnjziizttnuintz
zzjnpt
pzntunttjznzittjjutipi
pjujtnztntuzjp
ztjpzjtjpjtu
ijjuntjpzuntuijputjt
zjjztztpjznipzpj
zuuttjznjitpnuppzp
pjntu
tzpnttjjzjujiiu
uzpiujuiznitntpiz
njjpjttztpzunnuzpui
ptpntzzntuiznzjznjpjp
juuj
jtzijpui
ujttjzznpiputijtitn
jupitnipnippnzjjuipz
ztzpjjuninnjzjuzu
jizjnttpjnjzjizpzz
jnzznzjipz
ijpjztuijipiznzuznputpt
zuitttppptjitntzjizjut
jpjzntntizpijtpjunjp
innjj
jzjuizppppntnjpjitunj
izjzjnnpnujniiuinujij
jjzpjzni
ziujjptpj
iuzjzzuiijtntippntpjznn
nuijiznijitjnnpuiiujtip
ppttznppntpnztzjuinjtj
tnipujtzjjpiuij
tuninuipipzpnujz
tjzztpzjijntnizzi
jnujupztjtziujnpptj
pptjzzutz
jjitzztzjjutzujpjuuu
jzjpin
pupjpjnjziijpuzuzzn
tjpzppjijzpujzitjjtz
iututipznjjjjuiii
ujzjtpitnjjzuujpipznu
pzjtpjnunu
zjnj
injzutntitutjiijpni
zztjiiiziinjinint
uppjittijin
jupttizjntjnnziuzj
tptnzinizpppzujtitjjj
ttjt
tiiuutznzzpzttjp
tjppujpupijptijp
tuzjpjnin
uupnjnj
jnpztpnpjtzijuzn
njnuitpuppijnn
iiujjjunt
jjjp
znnjpiiujtniji
ztjijnijtntpjit
pujijuijuzppupptjiz
jujputnzi
jttitzuujziuppnpit
iuzjjtiuznjttjtntiuujp
ijjp
znjtinzjnttjiiupt
uiippijjtjitpnin
nnnupjiznnjjp
ujuz
ijnpjjpjup
jzjiipuztptpztpnitt
inujtjpiznnij
ijitjtpn
nnjtjzzjpnj
putijznijzju
jztjpuupnptiz
ppjup
jpinnzinzzjzit
jppujzzijjzpztz
zupzunittjuznttjiz
pjnzzuuznnjnjti
pznpuzupzupzztzptjzttjnn
nitjpj
tijinitzpitjiitpunntznzt
tzzuuutztjzujzjnni
jijjzzjnjipt
nzjitznippznzujj
tpuujijj
ttjjijujiujjiu
upipjpippipjuiiiit
jpjjnzjjiz
ujjjzuiztj
uujptnnjzjj
zjitppnptntzuzuijttuzji
zuptnuzjjn
jnittpn
iunutjnt
jznnujuip
tuzpzpjuupttpn
ziuppnjj
jpnjzunnu
pniptiiju
tujinitijpnnnutzpjnjpznj
pttnunzinnjjzjznntjjnp
jtipnpjptptu
ztuzpuujuutjutuztipz
utjuiutuuujpzjn
tjpiinjpz
jzuzpujtniijjjtnzztnj
pjzptutjjtjunppinutj
ztjnpnn
tznzzjputuijppnutjijzi
jzjzptununnjtujui
zppzpztiunnnpntuj
zjnjuptjinjptznjtjiztpz
iptjjitutptniiu
tjptntunpjtpzitptzj
inztjtnjuutiuzupnjzjt
jpzzjzpnpjtujztzzjzzi
upjnuniipzputtjnujznn
jipuzi
nzipzjpu
zjjp
iziiijpinujpiitzntzui
uiziijnnjnnnuzuzjjptipu
pzzttupjutit
njjunuuiuutizunuiitjiiiz
tpnpjntjpuijjuttinn
jziujiznjztjzppi
jtipptj
utzzttpujtnjpitp
jnpizjjpjjipjjitpp
jztuiijj
puuippntjit
tjjijitjtjz
tnjitzjznjipjttj
pptzj
uztjjptppjn
jpjjnpntuujitz
pjpupjuzijzjpziti
jnti
nzppji
tjjuzpijttu
injzjujti
jizzznn
jnzzjnpiutipnunujnip
ptjn
zjjujzitpjij
puijztuiuz
nttizizpnuujtnzujunptuz
npjuptzitjjn
ujpjzjnzju
jzjpjn
niuujznpntu
tpnjjttjiunz
uipzzupjuz
jntjuuzj
jtjjnzpjpuunnitnuni
znzjtji
inztpjnzjnpiiuunjjujnnpz
nnjijij
iiujtuzupjinnjttp
ippnjp
ipjtzijjujziuupnnjzu
tjnujnjttnjpzpz
unjz
uutzizpjjnnnz
ujnnpuj
pizpujiipjn
inutppzjunppznuuznjzjtip
zunptzutnztnizznj
tjuptnippnjpitjtp
jizjzttutpjzzit
nijjjjnutpipitu
tuipznzjzijzuutji
tzjtnpzjnuzuui
jpptujjt
pujjpi
niintjjz
ziujinijzuztunijuzzni
jnzjijuutijpzjjtjitppitz
iuipuntiuptuujunnzun
jzpjptipj
tjjuituupjniujziiijp
tzzjjttntjuui
pnptuiijj
titntipiztjip
jpjuzztunn
zntjjuniinupjnp
zipjjtnnzijpin
ziutztiipznunnpnjtjzijt
zjijjnnjpjiitppijpnnpn
njtuz
jnjpiunzj
ujtppuiuujjuinjiij
jinpzupp
unnuijnzzipjtjji
zzijnppzui
tijniptjjuuj
jupn
jpipjjjizutjzjjjzuzzpttn
pzjiujpipppjpupnztuz
jijtu
uzijtjnntiijznzppiznizju
jpzupztuiptinjtijznzt
zipzupiznpj
uuuzutziptjjpzinuupijji
uunjipiupjiupjuptnjnpztt
npijju
jinii
iznjjzjtpunijn
pujjnpzpnnjjpnzjtzpjjjp
jntintuu
pnunntpzjut
pzjjtjzjntupjppj
ujzjtnntpttpt
ziujjutpizjtj
nzjtnpjnjuutunttpup
zutjpjjtpitup
zptzizjj
upjtnpijnt
iipjnzinjittnntiijitzp
niutipuzunjizjituittjii
tjnnuuztjpji
zjuuiit
ntnj
izptjninuiizp
niiitpjpnnzzjjiizztpjiun
uinitipujujintzpjntpu
pupnnuj
jnuntuutipznt
uzptnjzunzijjptjjuji
ntjzjiiijttt
zpiuzjnjt
pjnpiunz
tjuuittnzjinnz
jjznituutpppuzi
uipipijzj
pjjuztztpjuuiiunzz
jpzj
nttzunntzpnjtnpnut
jnuzuztt
juptnupnuzipjjpuiiiz
ijin
ntjpztujjpzjjz
nzutjtjt
jzpnizuntzituutjz
iutntjpiztujzuzptzunup
itptzujjjntnunittu
uittzjununnnjptuiti
jtttpu
junipipnnnjnpuu
jupj
zzunjpzti
utnutzitjnij
jjpitnuujtut
inijntjztjit
uzjjnzjjuptjpj
nptnjijjtpijnn
ijpzip
jjuijizptntitujin
nnjujnnzijipnujtznzzj
zztztuznunuzpnjpnutn
unppiuuujztpitjpuptijjt
jput
ijinpju
juiztzpjtizppi
utzjpjzjzpnjtpppittzt
pnzztjnz
nntipuzjjpiuuuijtnnti
jizuuuznniunj
jnjuutijzpnpziuipputj
nnupujtttupztujtjtuujp
jjjtznjntijnpuuj
ttjiippjutjnjtituunip
ujnuini
jnnjznnnpjnujpjpjtiij
pipjjijtuniti
izzpjtpiiiinzuu
zitjuijuzitij
unipiptjtjzuizzj
utjizz
tuztj
tjjnpujiiu
untj
juzpiuiiuijtjt
unnnnupttitjznuuti
iztzuuzjjjuninjun
jtpuztjpzuipjpijutiuzp
ttpniujunzjjzttnnzjujz
jzpttjjttzttp
jtutijppnjinniutnzzjzup
jtzznj
jnipiupiuiuujiuunnzjnzi
ujjj
ujuzipj
jjuijupttpipt
zjjipi
tppiizizptpjntjpi
pijzntjzit
upjuptizjjzt
jzti
tjipjiuujn
pjnj
tjzijp
uujnjitjj
zjpzupiuzjnpzt
znnnztjijjujpzunjpi
ntuizpzijutijtntnuunzii
ztnpjpizpjzizijutzp
jitiu
nnuiuj
izjzi
jzuui
jjpizztzjnpjpjjznpz
npzzttzpjpuntnuppuintjj
jjipinitzzptuujinju
ptnnzjzutipinutupiinz
jpjt
tujtjuutzztztzinpi
pitizttjuzjun
jtzuizjjjtjiunpnpi
nipjiiiutpnnppunzupzptjp
jzijzzjutujtijznnnu
upnjuu
njjzpjunjpzzntunzp
tutiunzjijjpniuzjpjn
tiitztpjzinitu
npizzjti
njpjnnizzjitijnjitptnppj
nttjpiiptnijupi
ntzptjp
zizuijjitjunupupuitn
juujj
ijijn
jjntijztitniizjzitutiu
ztjtpttputuipuizjituiz
znjntz
ptnjnpnjzu
zititpznpzzjj
jtnttiptnzjppp
jnppntjpuntuuz
itpuzpjpj
jujpnnnuji
piujzpzztztpnzpppittiint
jipjtznjipptjpiiiip
ppinzuzpjuzpjuzjp
jujuin
nzjinz
nzputujzjtpzitpizzjtu
nujztijpzjtjiiuuj
pjjj
ppujuj
jzzpj
ipzutnntiuuutnnjpznn
ittjniuutjjzjjjzjjujipju
ittznutnnujzpjtuzjujnii
jppzp
npjjit
jjuznjjziutnipznujzt
jpjjtn
tpzpjunjnjizzuzjjnuntzp
zujttjjiinuzpitjznntn
piuujj
iuptinuztjuzju
nnputiitnpitznuuizjinu
ujupznjiizzunztinizp
jtnuujnpjijnnjzzju
nznnpnzpuji
ipunjtijnjjntntjnuntp
ppppppptpzjzjp
tuttinpnniujnpjunjtz
uujn
tujuzzujujittzuiu
ptnnjntnnztz
jutzziijuznu
jiiiizuujuzjpizjit
pujuzunijizuzpj
pnjjnnt
zuizjnpiztppnn
jzjznuzpjjtiti
junj
iptjnuttzjntinzpnuppjtpj
jutttnpz
njznjnnpzuzzjujuznnnupuz
jnuuzj
jntttpuzppzzupzu
ijzjzpjjpnii
jppjinjzijijz
pjnjzpnptjju
uuptjjzziutnunpzin
jnunitjjzinn
jjuzzjzjn
tzjpin
upnjnu
juitzpzziunuuuijnjjnzz
uijttjnjpjtiujnpi
zjupipj
zijnnjjiju
jupiiiuzzttijit
iuzjuijipninpijuznzii
pnjipjnjpijnj
ziztuzjtjip
upzpzzzptnpupitpijtnj
zpjptjniuztptnpptpjnnij
ujpj
tupznupitujzpuizip
uuntjzttij
izpjtutu
inuiitjjzj
tiznpnujutiuu
tznnjpzjuttzijitzuiujiun
tpunttnnjnjpupnjzzjn
zuizutnjptpnjnzjtnz
nnitjuzznznzntzz
izzzuzjznzzpin
jjjtnnzn
jjinipitjznnppni
zttnijijutuuttpppnjuutju
tnztzjujjuujz
ptzujtjnztzuz
jtpjn
ittujiuutu
ptjutunuipupntupjjuiuuzp
jjnttzztppniuzjnnpnuzz
uzuutipjp
juzjjnipnujzinzpuzi
jnpznnniupnp
tituzjztjztpi
nuupnijtjpnp
jjintnztuptnzzjuu
iipuzjzpizjj
ujzjzzui
jpnutjtztunuzjiizniujpi
uziinjuujnn
itzjuzptupnujzinjuj
uzjijpin
njzjuzjuupznpnuziijuz
nuzjiputu
izuujnjnpjnujzpjpjt
ijunjiuttnizttiujujztzn
jznp
njttzipu
ujntzppppintjnptzpjutzpn
nuzptzjji
zjzitjuztzjnjutjtn
njzp
tuntjunnuiuptj
ittjztzjuzzpj
pztizznnjzjjizjutiptnpu
zpntjtzpuijijtpu
uuttntijjjjn
zjjnujjtpipuzztnn
tnnnjznnpnuijuuuuppt
ipujutpppuzjztuuutj
ppipiitznjtzutij
injztjju
jipnuiziujnujzpn
ijjjjtn
tjnzn
tjtjjutzuptnpztit
nnzjntntunzpitujtt
jtzpuzjiipupiji
ptuttjnjtjzpn
inpjpijzttnuuijznujntjtu
uunuuzjuppznujttnuni
jitz
jjinztitzjptptztintpij
tpjjnnjj
ijtpi
pjppiujnznzj
tpzzntjjjjt
zzipjnjuu
jjtnuijju
ntzizzjnt
tinpjjniijtznutnpuztzuuu
jpuiniijttpnppjupijz
piztnjnpn
tujijijziippnjjtn
uppjpzpjinjtnipj
zpinzpznzuttizjznzt
pitzipjzupnznzupti
ujztjt
ujziunjujittnz
ijupunuzuj
ztpunnnjjnnttzjninztiujp
zjtnznntpniznjuptijppt
utjpzjjuij
zutupjnzjujuujtpunzup
iijtjt
intuiutpuinttutjjzzjppn
jzjtji
npzpnnpjzijziztppiti
tttzunptiujnjjztuzzu
iiupiijziu
zjzijuzp
upzujjijzzniijzjt
juupuuziuutjntnn
pjtuttnipntjzijpppttntp
ituuipptjtttnijjtjtii
zptjtjuzniz
tntntpzjjjj
jiijjij
zzizij
ziitpjnjiztjui
jnunjz
jjzniutipzjuzzznttp
jppn
ituijijpunttpznnuzz
izzjinjtjtzizpptzi
tnjjnujtnnujntpjiiiujij
jjpznjnuppn
jinnjnupu
pnjjpnu
znpiuzjzutpjpz
uptjppzjjntptj
niunjjt
znjju
tjiuunnpiutnzuizj
nnnjjnp
jjjju
izjjtjpnnijutjtujuti
tzjpjppntppijnz
tttipjupjpujpunnzttjjjpu
tjipnn
jpzitjpnu
jutzpnijuitt
jpzptijtnjnuitnjppjj
jtzniuizuztutpijzuunnuuu
njuu
pijznzzjnujpzt
jnnpitjjznipzjutun
jnttjjuzzjtinuiitupj
ujtuzpnzu
zjzzpinnujupjiiniu
tppuunznjtnpiipiuuu
znjtnizztjpjt
pnuuijujtntpiupptuptnzpz
njujp
jitzntnujnntjiutz
jjuujtzzzuit
ntnpijpjpppiutjii
ijuijjnnuzitji
iuttuzniuzjzzpjtzt
jntutzn
jujnppzzznnpjtp
jijpn
zzujptjtju
ppnjiu
zpzznujt
jipitujj
ttjz
ptjuz
tuinj
tpzjitizpztzpputjunnzj
nuzpnptijuzntpjijjn
iznj
jipztzpninnjttjp
ztjpj
pujzzui
jpninutpjju
jjzinpzzjj
ptpjjnnpnnuinjnupijitn
njzptujnpujpji
zjtunippituittttpnutjz
iijjzn
tiujz
ituijipnzpjiujpt
pzzpjjnjijjunntj
uuztpzj
nutjututjtjtizuzt
uiijtnppntnzzj
ttpiuizutujpnpunujjziunz
jnpntztpnnzpppznupj
zzunujjptuj
jjptzuizputpznzzznizi
jjuutzuu
ppttzutinztutjjzjijtiuju
jpujzjztnizzjpttjii
ntjzjznjuiupjjiinunniz
zunintpjzu
ijuzjpjnjp
tjnuzztjpnnnjjijtip
ptippujjpzitpi
pnnipzijtnzujjnpjunpp
tijtzuptnuntuzjpjtztnn
nzjptujjztijzt
nptuuj
njiztjztzi
ipjnzpuujnuj
inijjzpzzi
nuziunnuj
pjnzzjui
jnzupjjjpputjtuzptnp
zitujttuiiunp
itjj
zjitjjtuijtnn
zuiputpnpntzjiu
zizpzjntpziitu
ptjujjninjp
zijinz
jnujupzpitnnn
jnun
jtjujuzzjnnttpipjppz
jjjnunpiiptp
itjptjtj
tnpjuj
ntnuijputjuiipt
zpuijtntunjunitpztj
ipjtujijuti
tjutz
puujzjuznp
jnzpip
uuiizitjujut
tjipztzjpjppzitpztniip
upinntju
uzinztnzjiijjiinttuizzp
ninujjjzpzuitzpui
tziitinttnznutzjt
tijitzintnuj
zutuipjunjjtpjnz
ppju
njpjiptjpunutjupnpp
ztjtjpitujznjtntztnzjzji
pijjizupupnttzi
nuiinnzjitttuznnuipnijt
izjnzujnujijzpnjtiuztnu
jnjitpzpjpzzzpzpz
iittiittizjpzzzz
nnujntttjitjuiu
ipupppjnunzpipuitz
znzzjpziziipujn
ijnpunjjtuunzjuinjp
ptjtjttzn
jnttij
uiuppuziujuiipn
ptutuntjznjnpnjit
itjuutiintppnpununtzn
inijinjzpnijntpiiztupupi
nujpjzjuzij
uijtpupjiuttzzzjnuipn
zpujnjzjnipjippizu
utzjuuijjnp
nijnj
znijtzijzpzpnznnnjj
uppijpntnzzzipuinppi
pnjtnitjiitnzpznpzzun
tnptpizzzuijttnppzpttu
njpnjnjnpjp
uzjjznnptijuzttjzipnzpuz
innnnijj
iujitjjnunpjutupitn
pjttpzuutputjtuztntzjjj
tjiuzupup
nzpjzjjpzpnntpt
untnpnijjn
intjij
ttnnnzzjiipzuujtjtzpjttj
nzutzuunnjpijpnn
zuuptnnniiiijppttnjtu
njntj
iuppjitpijttup
pzpuiujnzntpjzuuui
ipiinzizttzj
jtziztiujtijujjzntjtiupj
utunjjunu
jpznptjptnjpzznju
ptpputjujujn
upjjuzzupzjjpzpziin
pjznippjiizijziu
utjjipijinnzjjtnjnzpi
uujjupzut
uizijptpit
nznujzzizizppztnp
zjtjtunz
ptzpjzjtjzpunuinnitziini
zjizjziu
znpptjupjzzinnjipttzu
pjpnjnzzzup
njjutpjzztnupjupjnpjziz
jntiztujuipznz
tijnutpipzupzn
tpjjjuj
uizpjtjntnpzjj
itzjip
jtjntutjz
pjnptijuznitupptu
ipiupj
zzpznutjjuiipujtjztttiun
jztiizzjnptnpz
pupiujuiznnjzjnjzttpiin
jnntupiuin
jzijiunjp
iizjnitjnziunuijuzuupi
jtpiztiznitztii
jtzpiputnj
njpjjtzjnjttituuu
tzjizzijnujuzzjizz
ijntjnuinjijuninpnttt
jjjnjiuizzttzitninuij
puztjjipiz
zztuttznpjniztznjniun
itntntzijpnizjzippjuzujz
zunuzjuituptuiijj
ttinjuttnzjnpztti
punjnjpiptzz
utttuzttjnitnptpnztij
uiuputzjitnjpzz
puunpptjjjjizi
njjuptpztuz
ppjzpizttjjniipipp
zjuj
iipipinjti
jjuzpttznuipjupt
piiuizzjupijpjinitju
tijnpjzzuptin
junuzz
jiijpzzjjiiztzijjzuuzitj
pzjiniptjutinittnn
upjnjuit
zpptjiitnzuizjujztp
jiinzjuzttntipjziu
zuiuij
nijnttznnztzjnntpnni
zptujppnupzjujt
pjntjitnzjzuttpptuznijj
jittjtjitpuptiij
pzuitjujtpnuninzppt
iipjnninzjini
ititjputituzjtz
nujnznzpji
ppzjntnt
nituututijnuztii
pppjpituuj
njzjjpitjttpjnzuttt
jzuujpzzn
upjinpzzpzi
tztjtnpttpuijjijuujiuzj
jjuttpijj
tnijjjjunpnpz
nnnj
jtutzpp
jtziupinjpujjz
jnuzjjpzjtnutii
ptjzunjzj
tijiujpnutniiutzuppjpju
npjupujutinzpzutuj
pnzzzziinnjtujiuit
jnjpntjnupjt
jzujpjpjttpnntpjpinztuuu
ptupjtinppnnnipt
nupj
jztttuutpujziiujunj
zitnntptjjujpn
jjpjztunj
iuputjpzupt
nztijjitjzjuipuznztnpz
jtinnzippzjinzijputupu
juuiujnpjpjtpiinzijnujtt
jnnjinpp
jnuizzjjpuitnjjnpnznp
jzujpzjizuztnjnitjuptuj
nuuiju
ppnjjujjztuztz
tnziziujjpujjpijjnp
pjjttujnjji
jizjtzitz
niijupztuij
jnipzjtitzznijipzttjzzuj
jiujnujjtnujjiiiznuui
pjuniiiujnjppztji
jinnuztnjntujjujut
jttppizijjnjp
pjunjptj
zpippttjttintuu
tuipzpniizj
njujituztpppzzpt
iniitjjuuuzpppzztnu
jznijjuijpnnzipnijzpj
jpztnutpjijznnzptijnnij
nuniinjnnniiupiptpip
uzujpi
jtpzttiujzzzuzjiunpip
ujnipz
zjzzniz
unpizzptjujziniijuzit
znpjujpz
iijniuuijtzuitntjtnunnuj
nntpizttjtijzptzpziiiizu
itjpnzizj
zujinzjziiipjjin
pznipnjtp
itjttu
jjuzjnn
jjujtjnzitnutpunzppz
tpzjntuuuzjtntzijtjpzt
pnnijptnzpu
inutnznpittujnzjnptz
uttnjtuzpjnzzjjt
pizujjpiujp
ztijizjttzttijn
jjnn
ujziuiuptiziuptii
zitiutuppjpzznizp
nntjzjzpijtni
pujj
jtzuizujuuipiuujzi
ittuuzjtptjuztzin
tptnjnjuntz
titunjiupnjnzzjtzitt
nujjjiztznnniui
jijnpnjpizinz
jzutp
ijituzunttzjuzznznpjjtn
tjjt
iuinupnnujnjzzin
ttniizzjzijnzttiujti
uuijnunjjipjunpni
tnnutppjuztjtiu
unttjjtpz
tzjtju
tutnuijzupijpzupjpu
jnujtntnnizniztzziizjjn
nuijzzuuzjijunzut
jiijti
zjzjujijptzzuz
ittuntnzinipuuuj
jpntiunnjjzjtzj
tpniujzuutjuizptjuijp
piuztpzzjjzzptppujujpjut
jzznnjztjjuiuup
jjpntttjuzjjin
ztzj
tizziujppjtuptp
ppizujujjjnjnuzzipz
iunzjnjzp
iujipzup
jntuzniitzijipnniuuuu
jtitzjiiipzpt
uizujui
jnzzuunnjttjzju
iiipinnzpnpjzzp
nttjizjunpnuj
nnjpititpttzjinputtj
unnjjntjizptjjziunjtjzz
tniinipjjijitjttjj
jpjpj
tuzjpnninzniuzizuupj
jniuuzjt
pjnztpuujjnnnu
tpupttjnzjiizzptit
ijnzjtjizjiupptpunjpnt
pztzjtupptitjnpi
tjpzjut
izuttunj
jujpuunjtttutui
uuzizutippnjziipjpju
uzujinjijpiuuznizji
ujijt
nztjpz
ujniujiutij
uunzjzjitputz
nttipjuizzuzzjjzipnj
nnzpnnpuznjp
uuniupnipnjpiupjnjutpij
zpnjnptinutjuutztzjpnju
znztijpiui
ijnzu
uttpnzntznjj
ztiuinnuujtptjunutjnupii
tjupnijntujtptnpzzpipnni
jtjuijtuitpzjzuupitz
uzjjuijpp
jzppjz
pztjzipjppnjpiu
uzpuniujupztttunttzup
jptuptpjjjztuuzntjipiniu
jjjzttitpiupjz
utjnput
zjitjpputuuput
jnitjtuutujppjiipttzuj
ujjiitzuinjtiujnptnin
ipuinuunpjznjzpjzj
zunjzti
zjnitinziijnijpjjt
pjnjpjin
pnipnzipjtjuuttizz
jipjnttjpttnj
jtii
jpnunujtpijnpt
ijptz
jnnjztjjz
utpijipitznjpj
ujpupiniinuptnpntjpjt
njuijtpptjpnuzjjtp
ttjjpiziiiztnpzj
zzuuutitjjtutnippuppp
unjpinjpp
jnnjupjjj
nzipnztntiizjjupu
tnntnnnttitptnpzij
jjutuptj
uuuptpjjtuujjpjijzji
jjtzn
pjzizj
unzjiijn
jnziujtiuutitnp
uipjpjjiiuippzjnjz
titjutnptuutn
ipznjtnuinutztnpnpjz
jjniz
pinpjnjpunnuiniputi
nuijtjinutzznntu
uitnjiizuptnnnuippjiju
tinjjtzpnjtpizpztttju
jptzjnpijzp
njjnztjtzuztiuiuj
tnzjjtzjp
zuujppjz
inpj
njjzujjpipntupnzztjnt
jnznijpnppitzitjp
jziijuupjtjiuupipppznu
upjujztj
nppntpjjz
pnuzptjjnjztujitiu
nnnpznunupj
pjtitnntznjijjj
nnnznnjjjtipptjtiipi
tntuntijptijuntnjin
pjizpj
tnjtp
nzpitujtjtjiuzjij
jzuzjnnij
ztjiujppjnpjt
iuitznipjttpiiiuj
npttttzttniuututjuzpjun
tijjnu
upzijupini
jitijjjitztujuutiiztin
tpjjnnujzntppjziui
jjjznijzutujizntjpzpp
znjtzztjppznuzn
jinjjipt
zjjniiuji
nujzttnji
jpiu
ptjp
ijni
ujjpiptuuju
zzjntjijzinzzztizzj
inpjnjiijzjzjitpnji
iijjziuz
ppzjuzuuzinjuziiizjp
jpjutpnjuijn
iujzzptiunjpjnpi
ninuujjjipjzn
ttjunnuiuipzpj
pztjpptjptpiipiut
nnujpttujizjnttzunju
jtzjjunupunjnuzpuptnjjp
iijtnjzjzpzuzt
uujnnuizpzjtzpiztztz
jnunz
pnzjjjppuuzjnu
pjiztuuiinjn
njuuiztuptjuuzjztj
tjiunpzpnuiipjiujp
jzjnnt
tintuuzjzzttpzpuppinjt
ziiijtpjt
ujuzinjtiiijtzpunt
junu
jjzjp
ttjzpzpnu
zjjnutpz
zizpziipztiipitipjz
njjtuj
tupjtnnizppjpjpipn
tjuupjuuzj
ttnpnnjzuujtjntizjjt
ntnijpnt
iztjjzzjtiptujzziujz
ttjjijnzjjnn
iptjjnpzzttppzipnipnit
zjjiipjzpinznnjz
upzjzijzuuzupni
jitjnzupjijntp
uuipttiitjztjtnpuu
ujujniztz
pituizzjpuppuupjnitpz
njpjuuizjnnpz
tpzujpjujppjzunnpputin
nujniuzjiitnntuujuuuuti
ijjtpuznupz
pzzttjipiu
jttinzzuupntjzjjpu
ijujuijuutjpiznznpjiu
iitputjjtpu
iutzjzp
jtjiijiuppzitz
piztjntpnznjjtziunj
niujjiupnt
nnjpn
iuujjnnijziij
pjunpjjpunjp
nizjjp
uttjijtup
unpjtppz
ziipjtpnt
znijnjjuintnzppi
tjnt
zjujtz
uzzupuizitnjtttuttiujtzt
ztjn
pnjjupijn
jzzpinjptuj
pjtjpnjztznzzzjjpuu
nznznjiiiinnjjznjjiipjz
zujttuzinjpupunujnt
ijpittzitin
jppjijtujiuuitui
jtiupj
ujpu
ptiuuzjuijnttjnuu
ztnippuzijnitnpuztjujptz
upijt
ijjjtjuutipuzpnzijtzz
tutujijznzniitjj
uuznjpint
jutnntjzppunzjzzpnujut
ttjuzjzpiijunizpjnnjutzp
utjputiiiujippiijzinj
pzttj
jzzztijiniu
ntjuzjzut
tituupjpzjnjijptuzptp
pijtzjtnpptjin
jippuzzitzppitp
iipnitjjjutzzttzjtip
inppj
jjpniznjjnn
npupjnzijzutzjjj
ujiitjzn
tpzupjtipj
jujj
zijpzjzu
jjinpuzijztznjjnjj
tupijnznuipzniinuujunjuj
inzpjttpuinnuzjtpunzpt
untijjujzntiitzinnti
uzjjnuzzu
jzjzz
pjnu
tjnpipupzpnninujn
ippipiitzjjnjtuit
njpippzzzj
jitunjzjjujzuip
pjnznuuzijuntzjjzni
znjpnpiztj
tjijuppuj
innjjpujjinjttjnni
tjjptnjpz
zjtj
uujijznituppzpnp
iuzzijij
ujuniijzjjutu
ttpjjutip
jinzjntzziuizippjpztuj
tijpnnip
tnzjinjijpinpjnppjtitz
jznjztttupz
npninjzt
iijtpuippnnttpjtpj
ipjjin
jnjzjjup
nznpnzjipzzzjtnj
jutjppitjtptuzztjujpjzt
jujujn
jppntzpzpnpinuzjzuji
jpzunzzptitzutjupjzzinit
njztpjizn
ptnnppzzuujnzijzizui
tinupjzjjjntjnpzpnttn
titziputupupztjinjznz
juijtjnjjjitinijtj
tnjuujtuuzuinupjjnp
tjpjpu
puitttnuujijtjjiznpt
uuppzzpznpijipuitpujinn
pjjzuijnpji
jzntppjtttnjuipizppt
pinutzptuitjjjzjjp
tjpzitnt
jnputzjznjt
uuuntjt
nzujtntztjzunntzpzjijn
pjjpjztuutjpu
uzjzjp
zjnzzztizinjztjz
ppttjnjzzptz
uzjpiizjutzppjujnunij
pzjnpznjnpunjpjttztpt
tupjuntjutup
junupznnj
iitipjnjiupiipitjnni
inuztutputijip
jiiipjpujtnipupztnni
jnztuijtnjijtiiuz
ijitj
ittpujipjzn
itzujuuinjniupnj
tupjjjuzizujpznj
utjt
jijppjpuujpppu
jnjnjppuztuu
ijttzppjuunu
jjjz
jzjtpijj
iiuntinuinunutjj
ppjpzu
jzpuinipzjuitipijptnint
upjitpj
ztzznjujjz
nttjjiijttpzzpiupuuz
upnjtzijtutjpptitju
tntj
npttzupizjunzjutijjun
jtjtjijzuniuj
niipjjjzuztuiz
tinitpijpp
iiuzjzizjtnupjzjpjupz
jnjjznuzjjzutptjtiiu
zjnpjzjinzunizu
uuzjii
jijuu
njiz
jznntuzjjjtnnpj
junnuiinttjzutipjunpputp
puntjzjiiputtnp
jinpppnjunzjtp
jntujniuzijjuzjt
uttiuujijputzninunnipz
nnzju
njjtpupzizuuitznjppintjj
njijtijppntunuz
zjnttpppzntuj
ppipijjijzjptpnijittpz
zuntijpj
uujjnpzjunjzjnuijiniji
jzjpnupunjpzpjt
uiipunjjizp
itztujptijjjiiuttnuiupzj
ujju
jujtiuntppnjz
zunjzpzztjij
nznjipjnzjzpnpi
ipuuinjziitnunzizjujt
tipijizzppnntizi
itztjupijittjtpznjpnppj
inpupjt
uiippijiztjttjzju
jjzitjjnt
uunzuunjjjzpjpzjzuztntpj
piiztunippupzuuzijntpi
pjijnjti
junittt
unzjju
utju
jijjpipijin
utuzinpjujjippjji
tpjzzijpzuu
nizuuzjpitnjnzij
nttnzppjnujpjiuunijtu
ipjnzt
nnnnzjiiiju
tjpt
jtpjz
punniznjztjjzttzznn
jznt
jjujjiijujztnjupiztnptt
inizujiipjizzjut
iunujztnttijpz
jtiipnpzijnztnztnpiunut
zijupn
jtitptzzjujipjzznij
iiznjn
nptizupippjpzuujniuz
npjznzppz
upijpipiipzpiiujjtju
titjunpptjuzn
pijtjn
zjuunizjjzuju
tijnziinizu
ijjntjpiuizjijzjt
nzjzuzpinjijp
iipujz
nujjujnitjpj
nnnnptnjpjpujzptznuju
upztpppjiujjjtipjpjzn
ujuupu
tipptjzuzinizijuzt
znuiuznjttzijt
jnznjnpp
piuuzpnpjz
jjtizjuj
puujtuijpjjjniuunjjzu
jnni
ttnnj
jnujtujpuiiiuj
ppnznzjzzzziptjnupt
zjpjipjipinttjjuptjjjpj
upjizppz
inuujj
uiuzjtjt
pnzjitzjuzitujpjpjiuz
iujnitnjjpp
pjijuuitj
nppuzjjtuipjutzpnnptt
ttpjpitiztnujtz
ununupunptntzjzn
nziujjintijpntjptin
jujtuztjpppppnpiiuzu
putzuijtnijuijij
itjpnjppijiinnjjnnzniu
zztjnizpujjtt
unzj
tptujtpj
zjjj
pzutjtpuijitjztjjjptnitt
pjjzjnziijtzjitizuzu
pniitnjpuppjjzpzppi
ttjnzuztiutnjujpj
uzzjjnpztuitnpt
ttniztttuuujjju
ujuzunppjttjizipniiin
ziinjnztp
uujjnnptjpzzpzj
jjji
uutnuijiznuzztipzpp
jtjuzujnzntinnup
izpjjuippjzj
jppjnntjjzzntpuitjnjpnt
uupjt
iiuzij
znupjjnnznnzzjut
ijnuiptjntztjnutjuutj
jtjuttpuinnptjpnuiji
zjnujutnnitjntuitutpitiu
jizpj
tzzitiujnitptuniztjtnj
jjiiun
pzuznnjpjniujpzjzjintunz
zzzjtuzjinip
njzjjjiu
niziztjitppzuzpp
jtnnpjptnijztzjnpt
utippzzjtpzi
unpnjnuuuinzjjinuzpnnjjp
nipptnnjunpjp
ujzjjtpjn
jttpjupnupjun
ttnutzntitujnunpuztjzni
utzzijztzup
uuzipjtnzjpjutnjnznuz
unitpuzzziuttipujjijt
uzpupipjpjunztzznjnnzjip
njijjnznjzjtjn
zzzuijz
puuujunujn
pjtuuntjtuz
ijnnzznnunju
tijunjjzitptjnzuzz
jpjitnzntppjntuijjniip
unztnjzzjuitujziptt
nnnijjjzjjnjupj
tnutzntzptunnzzj
niujtnujunjiup
tupjz
uujjuptptizu
ujttntnjpzjzitztupipi
tujtitnjnjjniziznjjnn
iptjtn
jinj
tpntutjzzzzppjjzjitiittz
jzuipnujpiipp
niutpjjzuuinujzuittnu
ipniiiijinjuzuiz
npjpinjii
ujjjiutuijjuji
jttppzzniizutnn
inpjjnpzitnjt
jjpjjjpu
zjtuutjpinitizpizti
zjittuuzujujpp
izjzz
utjjtpiputij
zuzzjtzpzzuujjnttziujiu
zttijitzjzjpuiptzn
puittntptjpjjjnztpjju
ptjpi
ijjz
jjzznzuuptjjz
zuptipuzptjjpzniinntp
nnttjjziuuztpij
zpnijijjz
tpptnjjiinuutznzzznzujt
juuzujjjintijujiznjijp
nizjupujujnuiiiz
jnnnit
pinuzzznzpiju
ipzpppznjzzz
zjzuzunzjuuptj
zjtji
juijnnj
uzitjtjjj
pztjjput
ijuizijztppzni
juzjpnin
ipnjjti
ujjjutu
zzujizupzijintpzzuuujtn
jiputztipz
zujipjnjtnjujzttn
uzjuuppjzinutptzu
ptnnjinpujtit
nuttpjtiunpnzjtzuit
inunnnzpnjjinununzijnjt
nupzpiijttizijuu
tpjt
unuzjjzujiiput
jijuptpti
znzptjujnij
pzutpttjnjjpziniti
upztnzzjipuujpnzt
utjjpitn
ttuuuizjzzpijnnz
ntnijnuinipnzpuuzztjjjij
upjijpijjnpnjj
tpjnjpi
jtizjitpit
nijztuziituzinjiz
ttntzjuuttun
utuj
znjjuznzjjtnjnitz
tnptizuzntnjptpztzjpiuzj
ptnjzziizjunppujun
jnujzjtntunjiinzjjnnzzpu
ztijjnujttn
tnnpzzjjuiznnujti
nnjzijnz
ijzjzujjjnnpnjntzpitpi
tjjupnz
tizpuzpzpnpipuijpziiun
nuijzj
pjizuptjzpniiutjnz
ijtunzinnpnztpzujn
pnntnptupipinzzppzunjuu
pnzzpuntjptjpntjtnpt
jnujzuuijjnnitiz
ppjujinjz
pzzzitjjzutijzjztztti
upuztujjjutntzjjinuzi
uutjujjzztnnnpijp
pjpiiunztjtu
jiiiuupnnjuuzz
nuzuipnijjj
nznjpznzn
tjutzzjzznttniu
ijjtt
ujpptiptjt
jpujptjupzujpupttuiptppi
uujp
izntiupjtnttununpzjpju
ztitttj
uptpzujiputnjuuppjuj
zpztjjji
nuzjuizzu
junzujipjii
ujtjzpj
zttztijntjpuuijtnzu
njttnzupptju
nittnpujji
uiintutjnntt
pntijjjzn
ttiutnzjjpjn
jztzi
pjpnjn
uuppujitjipnnjtpnzpzizj
njuutjpznuinunuzjztjj
ppjjpjztpzzzpu
pjjnt
jipntjnnnpzntpuntt
tnuitpinujtj
tztuujjjniz
iujuupjjtptpui
tijjjnjzijzjzuui
ituijunjiizjpiupzitjiiu
ujpiuiztjnuitni
jizznzj
jnzzituuzuz
ptjizjiutpnpnpjzujnppz
jiztzttjzppit
znjj
jiun
iuntijtn
ttpijniutzppnz
tzipujpjtttjnuzzzpupt
upjuiipzjpjpu
nnujujuipjtnjz
zjnuujzjijp
utnizzutjuzp
tipjtnipuujjppnjjzn
tupjizpnuzpjtzuuptzpntnp
pjzzniip
nnujjjptupzun
zippuj
tpizjzijujtuni
njnz
jtuzpt
jjnnnpuuuujjinnjjn
tiiinujupnnz
iztijnu
ijunizi
njjzpij
tpjupz
tujjniijpzupzj
jinnjuiztnpujnnuznijuzup
zunuujzn
iijuputntpuj
jitzznpzpiiiupzinjjzuju
upjnziiitpzupipnjzntzjzp
ppjzp
jttj
jptinitnitzttpjpijii
pnzpznuunjpjnpunjz
tnuzjpjjuziztzu
njiuputjinuzn
ujzinjuuiutjujjjun
uuijppjttjipjji
pntijpttjtz
nntjipjpuizztj
pzjjzppujjjinjjjti
niiuunijnztpjjjnji
juji
jnizijnuznzinizzzpzjj
pijjpnzizpjzzupujititu
tnujpnjujzuuupji
zjjjtiijzzpjnntjputttiuj
njizpuuittnjuj
jiziijti
zuijjutututzujjp
jipt
tnnnjzinjittppzuipjppn
ntupnnjipzttzupjitpzjijt
pjiutujnpjuznzjpzziu
njnjjj
upzjj
ptppzupinijinjuzzipjt
npupitpntppjz
zuptptnnuinnnzzipjzijt
zuuiutnntpzznptjznnjpzu
tntnppttjzujtjp
ujpz
zzjiuujptuptztzjtzni
jzjuzjiujpu
tuujzttuuuippzippjtitpp
njipnijijujiunzznznp
ttntnijnuijitjnjjijzu
uijninitip
ijjizjiuininupiinuj
npjnjzj
ntjuiutnpintzupujijnit
jttujzuutjtnjpzpiuiziutn
ptziij
nzjjzppnpzuniznpzpt
pjipnppzt
ttntinputnpjjnuujpu
ttnnjptp
jtzjuunnjup
zznpnnttpnnzutpupjitjz
jtuzupjnztijujzttnnuijij
ujujntiiz
njtupjziiiz
tpizpijununjnjunuuuizt
pztnnnjjpznzppijiujnzu
jutz
juttuznnunttzzjptipzpup
jjjpjuzt
ttjp
jzzjuzuzt
uupjijpjiizzzzpnipup
jniijipnpupznjttzpzupj
tjuzuiipjnpnjipiii
uzptuzujzzppjjiuzznut
ijiztznjpjpjut
upjpjzuzztniutinzzpzjz
nnjnnpztzuj
npjuniujnjunjinzz
tzjunnpzjnntiittuzunni
ujnupj
tupjpiuzpjjtnzzuuiupt
jizjz
npiipjzjupnzzuunp
ujpztputjnuztj
pijjpttjinztpinjiizpjnju
tnnuijuzuznpnjjpp
ituzuitziutnuuttij
zjttjtjiizup
izpjuijjpntpjp
nttptjttpuiipntuzziujt
iitzpnjji
tznujjz
ttjjtj
tzzzijzjntnpzj
ptuzzznztzjjzu
zjztztjupt
zintujjp
jpjnutnujp
npnitjtnttjptupu
ujzzupnuj
junnuztjzpjinitujnj
tzjntztppn
jjupjppnzunjupjpj
pzntjp
nijutz
jtnzj
nnpujtjupu
ujznitputnjzuppnuunp
intutntjuznzzinutzzinnuj
njjtn
ttjnnuiznptuiujnnj
nttjttzpiip
zutjjpiijzjnjtun
zjnnijzjzttzpitp
ipppjjtizinjziitnun
jipzi
iiznnntju
nzzjzunzujj
pztjizpijzuji
piuujtji
tujjjpjiznuipj
pztzjpjzznjinnpntn
ttnunpijiz
jpnniunzzz
tunpiintjjuzpjuzujuz
tupjippizituz
zjuzijjntpijtpjjunpjjui
tjutzjt
juijjz
jtunzj
pjzjztjzzipztpujz
jjppun
pzznttujijpjunjtjn
pnzj
ztjtitiztzjtjpnjjzpnii
iujiuitjuznzjzttpuuij
jtzupuzittuiuz
nipunznjjij
pnznjjupnupiijijit
zijittzjtptjjj
jjnjntppj
ujizupuzpipipnutzjztn
nizznjj
pijiti
uijztziutzitjpn
uuznjpiititiuiu
ittjznnujjjzjtnt
pptzjpj
uuinipzpjnjnjzj
ijjtnuptunnzj
ujntznpijnjjnjjzittzt
uzzjunjizz
upjutjpnjptzp
pjpiu
ztzijnntjnnjtjjnzttppnn
jiiipttzuttuzzuzznzpi
jjtpjpzuiijzjp
nuppiutjjjiizpjtpizt
jutizupnuupijuznpzz
jiiipjjinjtuiutptipp
uitiippjznpipntpiuupj
nijjnzpunjj
tttjjzuzzipp
pnznjuupiuu
iuiuuztpnjpznjnnnt
ijitjzpttzppjjp
ntuzntnuunztjznpnup
jtppnj
pttj
jjutzip
uiijj
ttjtipjtiztuijiji
utujzzjpzjjztti
jzjnzutzzj
jipptnzztjutj
zitjutui
nujtnzitttntuztip
pinnujnuujiini
nnznizjjnjjppjzptutju
zttnitpiznztuutj
jzpntjuptujujnpinpttti
jzjjjpitn
tjjjpzzupjiztzzutzptuu
upntppizzzpjpjjtti
zjtpjii
jzppzjpzztnpupjuijnpn
jpznzu
utnjtipipjzpzptipujunppz
njuututj
ujzpijnzpnuzji
unnpuzujnijnpjuuztuin
ttuppijptpiijjnjjt
nutijjuznjnnttpizpppntn
jpzizpuppjpjijnnz
jnnnjjz
ppuzpipjuznjzjpupijtju
zzntztpjuzzjjjnzzzttijz
uzjjuzjjjjpn
tnpujnizztitjupiizziztzi
jnutpit
juutniptupni
ujutj
tppuznjnjtjztjntntttipz
pujuiitjnuuziniiujtiz
tujz
zznjp
tpznnjijpunnijjzti
uizuzzipuujnujjt
zpiuj
pjjnjjtiipitzpptijzpu
npupntzntizjunjptn
jntziznptjipjijpzjpj
jnpzz
ppuijpuipttjn
nintppjunnuizj
iztpzjppjuinit
nttzzjjtp
tuzuuttjjj
jnittnjipuzz
zzjpniuuupjzptp
izjjznzu
tuutzzijzuit
tpppjjippn
ujtjtji
jjjptppppjpuin
jnuitnujjzu
jjui
jpjj
jzuziuniuuijjznpini
jjjuutjppj
tnztziitzzjjjnujunpzzj
zjtzupnpippjtup
znzzpjujunt
ipntujtzntuputijtip
ipzpunujjpttzinin
jjttjuupuztpjt
jzjptnjiptjpptut
izzpjujnjuzpjtuupzj
pjzjznjpjijtpzztupz
jzuiipjpjzjii
iujjnuntuttipuunnutpuz
jutunnuujtj
tzzjzpnjiptppju
nttiupijinpzijnnpjz
iujupzzjp
nnuuiupunniiijjntp
jujzjjipzpj
ptnpujitnzzjujzjzj
jttz
nzjtjzjzzj
jipnjtjiuzzutjztnu
jtpijztzziptipj
ujuuupi
ttjitij
tinutiji
ujnjujpnn
zuiinznutjjjtnzjppz
ppujujzn
zjiutiitnutzjiijipnizu
ntuuijjjpzjjuzpjpnjuj
jjtpnpnpuuznj
utnzjjtpptzz
ppupuziuipjjtiijt
ztpnnujiztpjnjtnjznup
zujpizjtj
nunuijpuujj
jzptjnn
jjpiijnnnjn
tzznnjpttunuputjippzutn
jnjnnnjutjpuzzpiupuutupp
npninj
jzzjppuujijzjjzuipu
ppziinnziinzutzzzjinnpu
jnuttzjjtnujp
upzznijtznzzijjinij
utttuipzipptjtznnui
uutzzinizijtpznjipiuzu
zttjntpjppiujiiuijuiuuu
zzipzitjitiz
jutzujjpipjjuuutpnu
zznzjznttzzupiujttnzpjz
njtzinuijpjztuzunt
zjpnnnni
tppnjpjznui
tptjpittjnzzjnujjijn
pjjpuunjnpzpzni
pznjjzttju
jppppj
ijjjpijpupttztpnn
zpjznptputtpnu
utjziuj
uunzjp
ujji
zjtinpn
uniijit
nututinnpjinjuunjntiu
nntztupzntziitujjzz
ujiiujjtnppn
zijitjtijutj
ujpzjttj
ipzzpzttjtzutzj
pztuttjjnnntzn
zzjuj
tnnjztjnj
pupupipinpijjnttnit
unjpuuutiu
tnjuz
ujntiui
jzzzuizjztzzuupjizizpzz
uijznntzpiujz
ptjuuunj
nzpjnzp
ttupjnjiiiuppiuzzpui
juntzuziznnupzpttu
jtttjnjttptjzpjnpji
pjjjpjpuztjttnuiptjzujni
ttppupnpjitjtuupjuitpu
jzntuu
jziipju
njujniujiunzzi
jiiiiitiuzjtjupznnpjpnjj
npupztjnzpnnjtzinpii
jtnjuu
ntpj
tzijizjttpjp
tiiztnjnuznpzinjnizz
upiijuijjtppjnzztunjjj
jtizjjz
pinpizjuinjinipt
uttj
ppjnznzntnujtj
jnzjnjjuntjtiiunjn
ppupinijjizjtunuuuppp
jnzti
tpnnjnjjiznttjti
zujtijpzuiiiuzujniuzuzuj
jjzji
jijzj
unntjjunztpt
ttnijzju
ntptjzjt
zipzzji
niziiiipppnuzizuijjji
ntzznitnipjipi
pujjzjtntzz
nuzjujpzzjiunj
ijptipijppunjz
zpzpzjuinuju
jiztiinjzz
pupjpiizznpjiz
juitjntujippjtjppzupjn
zzjnniupjzji
uzipj
pznuj
juipjntzzjtnip
jjnztpunznizjtupiij
izjjniiinjnuppn
nijzjzzjptujnptizznt
jntzijjnppj
ztjz
pijjippippziuutjjz
iutppjzjtjuntiijjut
tpnpunujztjpiz
jtunnzijz
pjnpjtzzjztzinppnpnunpz
jzuunttpppznzjujpp
jptuzjzutptupjupu
jpjzziztjjnnjntunj
upjinij
ujzztupjzzpnnjiuiuizjt
tzujujnunptu
zjtjpp
jiznppiptzjjujpuitn
ujnijujijijjnuupi
uznutjn
zpzuzzjjjtjitnjnnunp
jzintnnjiizjjppjnpz
jupunztuittjunjziutnz
pjjzuuj
ipjjzzttitjj
znpnnnzjzizpujpjnzzinptt
ijtz
nnutjpijtijpttjtp
njij
zupnnjnjunjutujiznzij
itzuuujjuzpppjzpjz
tztttpjuupjpu
jtinipziujjnjjnuzntujt
jztjpzuztuztizjinn
puznpj
juppjzunnztjijjj
zjtnjzpiutzntjjujj
ujun
inzipjuttipjtptnip
jjznupptuitpinptupu
jzuiuz
jzjjznuti
jzuzuzutuztitzitjjnppzz
nznnj
zutijuttuzzt
jjuuiinntppttzjzitnjznnz
ijzzpit
ujni
pipiujpjtuipjnjn
uptniuiutzujjjjizjjtntij
injiipiitzzipjuzni
tjjtti
pnjjzpnjptuztititnuuzip
ujzpi
jnjijptijzunizjtzjt
zuupjintznztjtjuinjnz
tznjtniij
utnutjjpjiuiutuppjjunzpi
jjptzjztiuttjnj
zjttptnuuununjniiipj
juuztztutpijzzjpuu
jtjjuztpjnp
izznnnuinupnpjpu
pijuuttut
ujzzp
uzjuji
zjnuippjupzntu
jijpztjjjzznntpuzjzjznut
jnutzuptznpinjtipjzi
uptjinzutnijpupzzt
zpjzuz
niizjjjnjizpttjjntni
jnjjzpipptupu
uujiijuztnipujttnt
ijnijpnzjjnjtzjijjuuitn
iunztjizputz
pjuutij
uiijpjtpuntuppj
ztztnnjpjiunijpn
jznnuijztjzzzjzpttnnup
njjinijuijtz
upppjtiuzpjznipjpupjiitp
tnjnntujiiiztjjnju
zppjjijitn
zzjpjupuzj
upjjuiitinnnjjtzju
tzjzuntij
nuttuuupizjtjp
iiuiuuuuijutupj
jjptj
ijiupznnzziunpizi
ptzzji
ittjuizujpjtnjnzz
pztznnpjuuz
inipjputui
zjutjnnz
ijpijuuj
jzpj
tztutj
tjninijjptjnjnjtputui
uijttniijzu
izpjujzjpzitnunjtnzj
pnpjnnzzpji
uuujjizzzunznjzznzz
nipiuzjijtjjjjjtuujjnji
zunnjtji
iijppzuztjp
jnzjz
npuppitpj
juztnjznnpuijpnnzujjj
ttjijuitjnjpjjujitp
tjptnuiz
jinzunpzptzzzziutn
pjptijut
tzjijpipjznpnupuj
znuujutppnnputzpuizn
nijzzijjjnitnnpiun
jznzunjpuzzppnnu
ujzzijujjnjnuttij
ijtju
jtunni
nuppiiiuttnjnuipjiiip
ztnzjniu
iuzztzijjjinttitzzzt
tpizuju
jtutntzjptnpn
zpuitjuptznizjpjj
jnnnznupjipjjn
iujpjz
nuujzn
jujitununuzjnjujtztztjj
upjuzunpuzn
iztnjntzzpztpipnztt
jjziptnjpj
unztpizjziju
izjniunzjzujzjjzpuntzj
nitpzjuuiznjttjnzupipj
jujpjtz
pjutnnzjzpiuzjjpjiuzizz
jjnzjjziiijuuntipiujzznu
ippjz
unjtnztipjjuzuuiijjituzu
jjuujt
uuizjz
jjijuzz
jpjutupt
uujjupinptp
jnitjjizuzznjuiuijzpn
zijntipjuujpttpzujnztjj
ijuuzjzj
znniujnpnntznjjijt
ijtp
tjjj
tjpttptzpttzn
zpjpn
nnpzputujtiutpjjtnzjpnjn
itutuztji
iipnnzjnjtjiniinzpitnp
jtizztjjitiujzuppunun
tinjtpnzptipzzpzjnz
upptnzjzp
izpuutnnzzjpit
ujpjnnnjnttznup
pnijj
jjujuni
jputtnntnpjjtutjuujnnp
tznnnppjtijjj
jjzpn
ijzppnjppitinznnuuj
jpjnuiipinpiztnpjitti
tuiuuutzijp
nipju
pjjtinjupnpitniuu
tnnzttijjintujjutiujzit
jntizuntippzuipuunznij
jnijunjuntutjiiznj
pitjnjznjnjjzpptijuinin
tnziij
jpuppnjp
nupzunjiijitpntitt
znpzjj
nptztupuuiittjt
tjpjjuj
ipjnjzj
jijtjiz
jjni
juziipuzujjjziuit
jtnjjnnpipijpjnpujutjnip
uunzjjjtupnijnzzniij
zjjtnzzzpjutnjtzjttiinni
zznjjnzjttpzjpnpjzut
ptjzzizpuzpu
ttnzujpinnuii
tnptttniiijinznunp
tujin
ijizjtppjjnzpzptjtppzjnu
jtpitzntntuipjjtpzunjpi
juittutnjununjzzjztpji
pjnt
tujuuunjtjjni
ujttni
pjtjzzznuit
ipjp
uinpjzuuujnzuunjjnjuttun
zujttjz
tpjnuzzpj
nnujzinznpnpj
tituputjtz
junuzpzijzzjzuuztippttz
tzniutjj
jupujnuzuttitjznznzint
juujznjppiitjjupp
ppiijinjtipznjzttut
npzzjjizjnitunnpjinzpun
ptjtjttunnztupu
pztnjizzptunz
ijjnninnjzjpjtjtpp
zunpunjpnptpzzjjjuti
ziptpjijniptp
nzpzjinnup
zuuuiujuujznjj
jipunztj
uijzipip
zizzuj
juzppzjjpjzznjpipztt
jpjupjntni
pzpjuujjzjpppptjjjju
tzpinjppjnujt
tpntjjjjijnpzjtjjjznnpn
jjtjnujpjtztpititppu
iujtttnzppijuttiujupu
ninupji
unztzpjtzjptptupiinnutun
tjjzn
npznuujnupujpzuppunu
piupijtit
jpuiznpjiuijitjjjpznup
tpzjziutjj
njnzuzzzinpnjzjutznzi
pnzntzuptjuuzjjnttjzjjji
tjnuuj
iztzinntuuiuzujup
tujjnijun
jujjizujjtin
iijjjjnpjzupnntziutj
piuziujn
niupintpujptinjzuzipuj
ptjjnpnijizj
pppijnpjzju
ntjujjzittpijjj
pijjntijizutp
jnjjntipi
juzuzzpnttjzjpppzptutnjn
itptzjzpptnzntztnitunpjn
ntniiuzjpnttpuuujupntpj
ujzpjituup
jutpuuntujn
tujnjjnnuizj
zizujuiznnuititijjpnnj
uztnzpnztpjntn
ipnjiipjnzzju
zjtnpjzjzpitipunpupnjpi
npnj
jjzjiziznzp
ztiijpuuzintutnuputupjtu
uijnjznjnnjnjzzinjzzin
tjjiptuniuiuzizjjizijt
ntnuzziuipjjipnj
ipzjntutii
iitinjjjitjjjtinnnttjtj
njutnz
tjttijtuijjtjnppp
jtijjjiiuipijzpzpizt
nnijntjpuitupzuptjnunj
tjzzjzznznnpjtij
jtpptuiptinzpz
pjiu
znpuujijjuujttpitii
tizijziztjtzppuzzzit
npjnijuijtnptpuntuunpziz
pjijtituun
zjjnitjuupuzjzttutzni
tnuuj
unuippipjuputj
iuijttijpniiintjtujju
injpjiupjizzunutjjti
ijzjpnziztjpjptupitzt
tutiuitnjjiiupjpp
njjunupjptjuiunppizzuitz
njnjzjnjzzu
zpinjutjjiiuunnj
jzujipiiiznnujppninz
ppjitzitjtztzptutjtpzjti
pjjiupiniijppjj
iuji
inzjizpztizzjzjjiuznpn
jujz
tzijj
jjiun
puttijtjtzptjpjujip
ujutu
jpiujij
ttjzuppjnzuzupiunpuuznij
njinpjpntizztntjpijttpu
izpnzznippnpinnjujuu
uutptpijjpjpz
npiittnittitjizjinuzun
jijitnjznintzuzntiu
uztj
ttunpipuj
pjpp
ppjntntzutztnijtjijtui
unznizniujnjupjzzj
iupjipjjzjujij
nnjtjzzppjzjtti
tjzjpuuziun
unpunnijinzzjzutnijzj
ninntzjiuijiu
nuniutujiupjtjnjzntjjit
tzzujtpujjzzipjuutzuzj
tzzupjzzjnptpu
jzzuzjznptppi
ppnzuttjzznzptupznzi
nnuzijnnunij
uuznpjjt
uiiztppiptjntnitu
pnntjtpiupjiptj
juti
jjjznjuputpptnzitzpp
jitupnijnnnuiujtpjpt
juuzitiujpuinnjpp
ijntpppjnjzunznnnnzu
jtunnzpnpjjj
jtjzzzuiii
uzuitjtnjtntpitjnn
tjpnzp
uutupuinjpjztij
npjun
tppjjn
uppujjtittnnutiizi
uijtziijz
tntpjuiuttzzjppizzu
jtzuzjnpin
tpnppzniipntuzzjizztutti
ntjtnnnnppj
jjiuin
zzipzjppznj
jipupinjiu
pptjitjnujunnzp
zizjuptujijniiujzui
upjijjiiupntjpt
pnpjipztztnunijuui
nznpunztznuzuzjjujzt
zzzijijutipzpuiptjjtz
ttpunijjnz
intzjiuj
uptiniziizznnj
jjjnnpjuiipi
jijpjzjzjztutznpjuztinjj
ipnpjjppnptznt
jjuupujjujzn
tujpjjnpnznippnijn
ptpjttptuj
jijtnjpt
ijuuzjpnnt
ijijtntjjijunzptjtu
jtipuz
jipnpnitjjuuznipjzt
jinnzjiupjpjzzptiunp
npjzppnupjzu
tznnpjiuzjjjtnzutjztpju
ztzputpziiunjjtnppztjn
uztpjz
jjjutnzjztjnnznijzpupt
zuutpjjztu
tnjijjupjuitnuzztntptptp
pizniitijnjpi
jzii
pujtjp
puzjp
unijiptjtzitjuztnpujntpz
zzpppnjtjijnpiuninn
jzpzznnuijjpnjtippij
nuijjujipunntnujn
tnjnuttnzjpujpju
znjjnzijznnpuuzpuizp
ztjuniu
nujitjipjjjn
zpjtnjuuiipiptt
tjnnpzpuupiztzpizpizj
jupnziziij
juuinnnppjtnuzinznptpjnz
zpnpjztztpzzitiujjpnt
zuunzntjtttjijpputuji
jituuuinijztiizjjji
pzjipjnpuizp
njuut
punjjjzznpjjizjpjnziitzt
pjzzuiptzzi
jzptjptnpjz
jupinjutjztppiinjuiiu
tzupijjujuzttppptnzjiznj
jnnpipitiutpijj
uznpjjujintpijnuinj
izzpnnjpjnnjpipp
zpnjtjzti
jnpjttijztniinzptnzui
tujjj
nzztzjpttpiiinn
jjujnpjttntjzpujjp
jjnzzjutjpznnuuitu
njztpjizttujjpuujiitzjnj
uptuujpjjj
nnpiniptji
jtppjpjtzpij
tuuzj
nijz
pippttnjtzjtnjpzz
jiznnttpjujitnnp
nnjpiuiuzutjujznzi
jiuiiuzuuizu
ujuiptitniiunpinjin
uutpujizntt
iujj
uiptzjuijn
iinzzjupt
zntupjnu
pnpituttntjt
ijjitzu
utjptjzjpntiutntnpuun
ijuppjpnutttuuunzzi
jzzujpnju
izpjinnij
jjujjijiuinjipzzpii
izuznnuj
tiju
zpznjunztju
ttpjjznjpztzntjnjj
tnjztjpjujiujtizuitui
zpjijzuj
ptpinnjiintzzjtjunuju
ptzttjituuiuuti
ntujtjijitip
jununtnzztutzztuijju
ttipipjuz
zuzj
iipzitjjiu
uuznnitjittpjjz
niinjjzpnuppjttjn
tpppuijnuzjt
jpztiiujuzinpzjiz
ujuuztutuzjj
ijippipjtnunijutpiizt
ujitiuiuuin
jjtjnnujitnntnn
ptnintnj
jpntinnzptzputjujtttutz
ututizjtzntnjiziz
jujnnnppznptpnuz
pznjuizjnpuuu
pjtunjuzj
tunppztnttijptzpnpuzi
uupnjzpzjujzpuznjiuj
nnjtpjunizitpjizu
itjtjtp
tzjnj
pppnputujnitttjijizu
njntnuzpttunpujptinupj
juzpuuptjutiunijntujptu
ttnuzzuzujizuiutinin
nnpzzituuzjnpzupjt
ijunpunit
nzjtt
zppjptpiitnttpzjpiuzzujj
jjnuuuztujjzznzztjiiuj
puznijtz
iunnj
jptipnjutijjttutnntntnu
nnjnnnizuijiujpt
ztjzz
znztijujjiiztj
ppppnnittjizzuitpjp
zpjtzzptjziutjzi
ttztjijjiitppjz
tzzijpjujzuppn
uppjittiitut
nuzpjtuiniuzziuuujnuij
uujjt
pjpznpuizujzzuj
jnupnjzpznuuzptnijijptp
tjjpnzziutzzzzunnjpuzpp
pttiniunizppnztititjp
nzpjtpjtjitnjzziptiti
jjipnijjztjuujtpuptpnzn
zzjjj
nntzjzizpzijjz
nupjzptijpuzjtpt
pjnzt
innzjnppij
jitnnnznztjinjj
zunzizjijuznnjipptjin
ipujzuzzjptz
pnptziptzjuzzuunuppjt
nzjzupzjtijttztpuzjjpz
njtz
uppnzztttpujtjp
zjntiji
tipjjn
ijjjnjptjjjnnzpuitiunjuj
zizjiinzipjtuz
nnuuiuzjnzinztnjzp
nptipjizipjinu
tznnzupizjipti
npnjzjiinjnipjii
tnntuniuztuitnizttjn
pjzjuuntnnnntjpijiujnuj
iztiizjtitntutz
uiuiijuntzzniijjit
nutjj
njititztiijutjznzi
zujjuzuztiupz
jnztupjjintptputiuzjjni
jjuuij
uutjnnpjnpptzniupzpjnzu
izjtinjznztpn
zpiptjpznutjujpjpunjzji
ipupjn
itizjjjtnnnptj
ntjtnnnunuijtnjuupii
pzttnjinpni
jzjinittjjpztiznn
ujnptpjnt
jjzztijnptjjpppnpitnuui
jtuitpjiiuzppuuupt
ziujunpittzztpjztp
ttjnzpnipp
nnzuzuujj
ptpjj
jjzttzzjtjit
pznjztuizitj
zjztuujpzpppptjtpjp
uzztztznjjjuptp
jijznuzupuzijtnnnnptin
zujpujzij
nupiunjiiupnztitttnp
jjzttijz
pzniijiziup
itunpjizznj
pipjuun
tjtt
znzpziuntnzzniztinpjtipu
tjzizujzupnuitz
znujiiijijpupnnjtzzutn
nttjiutujnzjpt
iujuinnjip
uiupujunztpjj
jtiijji
ztntnppttiptnnuuj
ijtnnujztjjuzizzziujjpi
ujziutinz
ujpjjzjpupjiuppujtutu
ujtpjtjpuupznujjn
tjuuizjinuuuunztnnppjnut
zjzujttjzjtjpznizn
iitjitztnjijnjiuntiutu
iuznj
znztnujnu
jznjintiztniinzunjj
nppuzntttjjpnpuunzinuup
uitiunji
tnppzjzujizjnzpini
itizjjpjn
utnttuiztupunintutujpj
zjpztpnijiiuiujjntjtji
iznjiiiujitutiupjt
nuttzjtnuppnzinij
njzptuujujzpzijzzituniju
znintijzuzt
tziiiinnjnn
jijtjnzuizpjpzi
ntjppztpup
tpiunjztnnzpzjjptizu
ppizjjtpnjjzuptuttnnpuup
nniiuztnzztttuiujpjnniu
ttjujnijzzzut
unnntjtnniiztpziuzzuznt
ijjtipijin
pzntujzi
jjjzu
itjujnzututjujjjzzjjpu
puujipztiuipjtutpn
jijzijppnuzinitjpiut
nnptjuizujtnnizpijt
ijujtjpjjznzzt
tnutjztjtitnnptzuutij
izppijuj
npjiiuzujp
jjjzpttujziinupzztju
zinnnuzzunzjitjtjizjn
puizpjptzunijpnutjnuzj
nnujnnjiutzntij
jjtzut
uzzitztutijnzzjuj
ntzj
ipntjnnptjijji
uztztijipz
uutnujuijiuzzutjntpzjj
ijizpit
jpjjtjnttjzpnzpi
ittujnp
jznzjitptz
jutpzjtutjztutizjzpnzup
jijjptppuijn
jttzuiuzjiu
punjinptuupnjpjjjjjpu
jiippujp
ztjtz
jzjztzittiujji
ittppjijujitnpijpuz
izujippjiipji
jzjizntjtntjjnppnn
ntujzipiujnjitnnzuuiziuj
zjppjztnptnntizniiin
itzjzjtnnujnjtiunnp
zptjjpiiuj
unnupjjtnjzznppi
uttpjunjjiitu
tjutitznuzjni
ziitnpjjizutzznpjtnn
ntjtzntuni
jppnipitztjzp
jnntujunzupjjppu
uzzijutzpnj
izjjii
izjj
uppuijtuzujzuiuppnz
utpntzunznipzjzn
tpnjjpijpniujnuujjnut
zniptpjjjtpzujpzzttt
pnptttujz
ujzitjzutjpttnnzzpujp
pnjzjn
zpinjpztppz
ppjjtzuuznjipupn
tzuijnnznnj
tpzjjtippjutupuzu
tpiuzjtunutuuiij
iitpnitztpnjizipin
zjipuuzzpjp
tuntizjzzpjjjznt
zttujppjzzunuptjnjiunu
uijjunuptzijtt
tnji
ntnjnz
ppzipunjupziptpijjitjztj
ppniiiuzpupzpijjni
zupizjnzzunjpj
jzpt
jjtjzjiuijznunpini
njutjjinjjiuupzinzznu
zjpjtznp
ipjjupujtpnipznttizitj
pjpjjiiz
njjjuz
ziniuupjpj
tpuupjuji
uijzz
ntuzijtunitjzutnuunu
zujpjziu
zziutjijiiizunziznzuzz
jinztpjjtijzziptzzi
ziiuinitujjjppjjzpnnj
njppunntpuzzjiiijz
tuuptitpzttttjpnppiuz
jujnjjuzntpntuzjnpnujn
puuiitjujztjupntpzp
zjtiunnpiptpputu
znipuunpjjuzjptz
tpnjnjnjinizntpjnjpp
ztjjjnin
ntzjzuj
ipttuitniizptitpjjnpz
pznjjup
njnipunnnzzntzinujpziu
ijjiz
zjzzu
ppzjniztujutj
tjzpijzjz
tipttijp
utnjpupnjpuppjtntnuijujn
tppjuinpuiii
jtnjuinniutjzunt
pnpzipttjiztpjpntuznn
jnjpuj
upjztzu
jizzzjzizjtijtiit
jjnit
ptpppzujtpnjnjiinttjinj
zzjjijjuiunzpitztituiu
zuniziuijn
uuuutnuntnzipnnuuj
juzuttt
ijitnunijptu
ituitjpuuuuuntjizpnnn
unzjutitzjznj
tjujujiupnpijpjipjpppnu
npitutiujtiztizpzu
ijjpj
jzpi
nzipnjiuuuju
jjjjjttputpun
utnzujntnuj
zppjjpjn
pijipzpjzzut
pnuujpjptijzjiiiuzt
jijzintniinjjupt
juiujjpi
itjtzjtitp
nzijututpzninntjjzzi
pnutujuunnijinnztjp
jptiiunjj
tunjpunn
tnjpziitjjinuu
jznptjttupppnipziupjj
ijijjunpntziijpijz
nunzjppnnn
juzjjzzt
inpjupuinjztjjpupuipij
unjpupntznzjzjnpjpujuuzp
ijjznjijp
jinjpnjn
iuujjjuzj
iujtjpnpijpznzu
ijnpzpjzijujtuzztjzjnt
ppnjijnjipt
nuitiniujniunuppnnpnpui
jiijunttu
zuznnzppuutujtppipzj
zzjztjijup
jjzuutnpnjuzn
ipnpnzijipnjzzijijj
jjnztzntzpp
jtiippttzzjjuzznuj
uuinzji
njjtntuj
uuunnnpnnizijnnjitzinjtt
njpjj
ujtjzujjznjnpnzj
piuiuijiuuz
tjpjtppiuzzzu
jtuuutjnjtzipjpjp
inujzutpjp
jpnzzjtnnnztztuniu
utijuutjij
upzjnjjinjpziu
tjpiptnppuupt
jntznztiuiuzpzuj
ijpiznjpnnpipiutn
nzpjtint
zujpitzpzipin
tijjjujutujjnjzjpiptni
tppzjuiijijupnnj
jtjnnzn
jtuptzip
jpttzjizpztiuiizujiju
jizzntjiniupj
nttjjiijtpjitptpiiiuu
ipjputjpujpzuizzjzt
juzzititniujjzuupi
jujjiupinjiintzzziiupztn
jjjt
ttzjjjit
nnzjuzpji
tjzzjtjtjttpn
iijnujunnipuiujtjuunt
zjnuptpzpiji
pjtnpt
tztuj
tuunjjpunujn
njjinp
jjujipnujttpzujpz
uijjjp
inzjptjntitppzttnpti
zpiijjinjttji
pjzij
iznzznuujtnjji
juujuii
tiujjutjtz
tunznju
ttjtiijuzzittj
jjjpppppjjzttupujjzzp
tpjpjnzptujiut
tjuzjpjuzjzpjpijuppt
pnptjt
jppintzjnpiupjtpunn
jnpj
uzjzuzjupnjpjnuzitpzpuj
uzjujppnjizjupzi
nppnntjniipti
tnjtttzinijjtnitni
jinzni
tnpjpzpjtuupuzptjn
tjzpjuuzzzzz
ipjpztujitjnuzuujii
jzijnztijj
izjzpunj
ztunujtiznipjuiznj
uzijjizuipnnpjtz
tjpjtipunjinijputjutiipj
pjupu
zupuuiujpttjjz
izjpizzupjizpuj
nzzitjzppuinjptipip
unjuj
pijttnjpzppnjzjj
jtjttzijtpippuuizuztt
ntiitiij
uujijztizz
jttjjzppt
ipziinjipupinjznpttju
zjjtuji
itpnjzpn
znzziijjttztujtiuuz
jutiuun
zpjj
jnzizjjpiizjn
ijiijpizzznjzpizppu
jntjntinizt
jutnjtnpjjinutpjjunujt
jjunzpniujpjutjizn
zptztnjjzjnjniuniin
ujtjpjnuttjin
jzuu
jziijuj
pttzjitjpji
ipnujpjun
jitttijp
jinpnnpunjujizuujttji
zjpjittptpnpzznjit
npjjzz
zjzupppjttjpuuupttuztp
iujupztjzjttzjjuiui
uzjjnjzjzn
uptjnzju
jztjzituj
ipjpi
nutjuzzipjtui
ttzpnnptnjzjnznpz
untnjtuzjzzjjjizi
izpztztzpjzpjj
unujiiuutjuztjtzn
juzpnptpnitn
zjtpnitjjtzpzzitnznunj
jupjj
tjijuptpijuppttijuujip
pzztzuizuuujuzttptiu
uuuzitppuniujtttn
jnui
jizniutjutjziznjjpujz
pnjzntuptjninzjppji
zipunpunzjinjjii
jijizztjzz
zuiptznnzttpztjttpt
jtnjnzjuu
uutjiiiptjpzuz
ntjpujpziizppittizzitpp
jutptztnjutuntziz
upuzj
zjnpnuitpjztipipuzpzpij
juuztj
tpinizujznippzzjninz
znpjj
zupuznijzjtnpjz
jzztpuunj
itzupppitjii
iizptiittuitpznjijjjptip
unzzzunpiztjtjupiizj
pzzjjuttjpnziz
ntuztnjp
iiuptnzppjitti
ntutnpujzpzuzjnupnunniup
tntjzjpu
itzjjtppnujzinijn
niznipjztuj
jpjiitpuzppppj
ijpjztuijzitpuni
jttnzzntinj
tjijntjjpuzu
zzpjujnuu
pztpujtzuzjnupuiu
punzptzujiupijnppzji
nnutjzzinuuiujjnut
jntippppnuinuptnizp
ipituizjtnjppu
nnjtujnuzz
njutnjujuznjjtnujt
njnjjttpuizjtzp
iijnzijznzjjnjjnnijnnnut
zjujtpznujununzpizjjijpj
pznziizuztnjjui
ujiuipjz
jjippptztnzuj
ntjtjtzn
izjizjizunnputjntpt
tujzjpp
uzjuntiuijtnpztpjtinjj
nntnjupin
pntnjpuzpt
npjpznzpztpptujnptzjp
zijuptjiinijn
uznjtiinjj
jizinnpu
znnpnjzzznujuzi
jputjnjzujinunijju
uzjiptpuitiutjippu
nzziutzj
uinzijpjninjzzujjuzjttip
izjjupnujnnntti
tjijtn
npjtiiittztjzjzpuz
pjjuutjpzutjjpntpt
tujipnpjznjptijjujutuiup
ujppnjnizujzzzjtij
ppnnjjtunj
nuztnztnjtuiittpjin
tjtzjzpiiinpzjjzi
iijpjtpiniuunpnnttjuj
pitujiitunpp
utpnju
zzujnztijtptzjp
pjntnntztnujzntnntjjju
ziuzjpntpt
uuppjuutztnzjjuijnjn
jppuiputjzp
njntjittnjznunu
jnzjuu
jnpittpjtpnpnpu
jjijnznnjjzt
uzpitijntzppjjiu
nuznnzppzttjiuiijj
ppzjpnutpjupun
ptijtpttuijtnutjippipup
jjpinijuzzjuuzzipju
nnzutzpjij
ujppitniupppunnj
jipuuuptzuiznt
jinppjizjuzunzniiztti
jtjiuijnnjjztupzjp
zppiupuujtijn
ptnijj
jtztpjut
itzjnuuutinnjnjinnt
njnnpuu
izntuttjjizujpp
ppjj
ntjtz
zjjzutijj
jtzjppjptuinnppuu
upputztniuujntj
ujipjuzj
ijijjjpiijuztnpi
pinunztzijitznjpipjupznu
tzpjnjttz
iijiptnnjzpjzuji
tpizjjt
njtntitj
znjzitzizitpu
itjjptjziui
uizznzjj
tppjjnuujuztupizptjit
zjniz
jzunupiiutuuiptjttjutut
nitzzjpjtz
jitznizpnizpnz
zzjtiijznztiztnipu
tjujznjjp
jizituuj
itjiunzipjt
tzitijptnnntzntp
jppzuitijt
puujjijjjj
uzzjzpjpjpt
jnipziunzuuijnjiptjnu
ptinujpup
uzijpu
nztutjjujizptjujuu
titzjtjnnztujunj
jutpjtn
jnuuuzinijujtj
nujnnittzjunuijzpt
znjtnjjtjun
ztjzjjnjnjtttujziniij
njijintujttjtunppzutujin
tiitittpitzjutpnjnpuu
njiuiizjtjnuu
tpuzuptnpujpizinjppjt
inpizjjujninpj
jnuju
injj
pjpj
jnpnjuznj
ititpjtuun
njtujnupjt
pizpiznpiziipujuu
jzipjn
uizzpnuiuzijzujutjjuzpp
zpjjzizttninunztunppiti
piintznnuijjup
pzpijzpzjzntjunipj
juitjnnz
iupnnnjtpiuzjtjzj
niijnnpzzinjpujinzpui
njupzjuznzj
jnipjtnpijijjuun
ujpijujzjptinttjt
tpjzjj
ijiiizpttjuuupppznupnii
ujjujnpipznnpzpuzzui
unttijntjznjtjnujt
jztzn
inzntjjuj
jinnjnnu
tunpunipijjzjjuz
jjnutjtiniutitiij
jtiiiipjttzzzzupu
tinjjitzzipjiniunjii
njzuzunzp
jzizpnujnntutuziuuzppzt
jtiijippujijnuujputuppz
pnuiuujjnjpp
pnztpnipintjtipzijuznp
uppitjzpuzzitiipu
ppzitipttjpujzjji
pujztizjzpjizjj
utjpzj
jpzz
jpjppniupitppnpnnut
juzt
nnjunitz
junuiuntintjpjpipt
zzntippzpjjzupjpjzzitn
inujjiiptinijj
jpnzijzj
jupjznuuupijpz
ujnjnzznjinznuiujpinzjtu
jzpztztjtjtpj
ijupujjzitputup
zjpnijtuijppjijtunn
jtnzjjuijutzii
pjunpjn
untuujizjuju
tjuptiit
itpuipnjjnjij
jpijun
ntttjzuij
ptnjjipnzjn
zjiiji
tjijupjntnjipitptj
jnitiptzpjjtpz
jtiizzjnitiiniz
uztpjpjjnujint
zjizjnip
iiuiutiuijnpjjujp
pupjptznjn
uinptinzpjuznijuuztn
tunzjjjiutpiuupinu
ijjpuztnipttipu
iztjtujzjzuijuijuzi
itttutjiuznppzjznjjnjutu
zjpuz
njizjunzznu
tzpuipinnzniiujjt
nitnzjjpntzjuizzztj
jnpztzzpjupjztztpiuju
tijnujzuunpnjpzuntnutu
tjtnij
tpujjz
jniuujtu
ijttp
nzzuzppijjnntnj
jijtuiunijpppuupjpnjupj
znjnj
jpiipniijjutnzijutptjzzi
tntznjttjtj
piunuipjippjzizupjztnj
nitjnzptzijzutujjt
jnpi
jztjjzptujizi
zitpupntnnjijppjzujiujp
ujniinjjzinipijtjnzj
juut
tjuzpjtujzuznzpjpnp
tjzjtiujzpjuiznptujzp
pjjjt
njpppnjjpuizj
ujtutzjnn
npujiizj
jjnnjzijt
iutzipzitjipnptpjputpj
iuutnpuuj
ziipuzijztntttu
jnzippnjnptpjjjjp
njzzniinnunptptjtzj
jijnunjuti
jjnjzpuizpipjittjzjpn
tntzjpnipptjzpu
jpzjjppijpzunun
ptttnujznipuntjjujn
zzntnijuzuztuutit
tzztjzujtjpujju
iuijzjpnjnnputz
iizuj
jptinuzizjzzu
tpnpizpujjnzpju
zjtizjzujpzu
zjtujjjujzutijnjujjj
jpijiputjizninit
uupntipjzipziujuzzut
nzujtppujipuptiuj
tnuizpnnjnuiiujpnnpitppi
tnjiujzjniztiujpptnij
zjjjuittjjujuupzp
puntuttinizunujiuzjpppzn
uijppitp
tninjnnipztjuuizjp
ijjpz
pjtjjnjjnizjujununtjipzz
jjztptizzttzzutnnnnu
zppju
tjujjnnttpjn
zjupjuu
ipjjjuptntzuijnnjn
tnjntnuijz
jnjnnpjunjtuipj
ttniznijuuutijjnjjtnupuu
tzjitiju
iiuippniznpnjjtzizitpti
ujtjjtt
znuujpuznznnznjppi
upizputzpj
nnpipnznnjntjujjjuij
uziipzzipzuuzinjutn
pitituijni
tntutztjppjjjnpnt
uujiupnzun
ijptjpjnitujzjiuzinjz
tpnjjjunni
unnzjzuttipjjpjjtjzujjij
nzjjjnjpj
zunupjnzztunninziizjjjnz
tjtn
ijtinpipjjjjtz
nnnpjppjuuinjuu
zijznnuzjuzztjztjzj
juntnujj
ptzjzntjntnpzijjiitjpnii
tpitniijjtitnupttpjuztj
njuj
juppunpztujt
ntzjnujzjuzztupnpn
izzzjznjut
jpptuut
tutjitp
zzzujjpujujp
nntjijjztjzntutpzjpziitj
ipjzj
ztjtzpjitnipijtpuupjjnn
tpzuniijtjzzuzn
tnpziinzipjjpijjpizp
ptujtujuuu
unjujztjnu
jtnpjjpunuutii
nzjtnjiuipju
uutzitnzntuunpnjjnnztiui
ziuniuiunzpjti
tjzuiutnzpjnnuuutjttjn
zjuzu
zjzntttznzttntzpizjnzzjt
jinujjzn
ipjpuintjtpnutzitppjjp
pjiji
untpnjj
junuuptiutnjpjttnuuup
jzjtitznipztuznit
jtpuptjtptj
inunjzpuutuzuzzjjnnnnip
itzzupjppziizjtuuttuzpzj
jupunjipuzijjutiput
junnnnnjjt
ttjj
jtnttjipizpzpuun
pzzznpzpjzinpznp
upizjtzjjj
izuupitztzijuuzzppjip
uipujtjzi
zjuz
jtpunupntpunnizjtznjun
jizjuzjjzjtiupnutipjpin
uinpnjujppijtzup
ttpzinjtztjnpzztijiz
zujitppuinjptuziiuupp
ijzuunj
zpzpjjni
ppptnitijtjuijpzupiiutnu
nijnzzupju
jtijt
ujjjtnnzutn
tnpjunnppttjpnunuuzjtpni
ppnjujjniujppjuuuutuitti
nizzztnputzztiuzjuijntzj
tnjntpzn
putuzijnznppjpijpz
nnjtu
ntinj
jnjnzit
njnttjtjziiunpipntiz
jnijttzpztpzzttnt
jjutnpnpunjpjtntzuujpz
tjnzztzjuziz
pzizjpjtpp
uptzzpjtnnzztz
jinjj
inzjtttuzpnpzupjtnzjtjt
jzzzntjzznnznnizzjin
izuijnnnitjinuzjunuujpi
njnpnntujnpjt
ijjutpiiu
tzuijiuj
jipznpzjzj
pzjzjtju
jizujnup
pjutnjnujtii
zntpzzuunjjujipu
jpjnjiinntttjtjzii
tzzjz
izpj
juij
jjiunztjnijuuznz
ujtntpjtjujitinnpjzttizu
titptuzijtnzznt
jzjunttjtpu
zjuujiuj
iuzjtinjtintpuip
nzjjpjupnuizninzp
iupzjjznupjzjnnjunnt
jnzuintptuuuj
ipjtuppujtnnnuzztt
jtjjtjjutjuzuzizpit
iujjzippnpuuzjuzzjzzpuz
njztiuitniztjupp
puztuipjuiujuitppuipjzjz
tuzniuzttinznzjn
tpjtnuzuuijzuuttizjutu
pupziizttnpnppuuinpju
zjnttptzj
jizuutuz
zjjjpijz
ujtinjutnjuup
tnuutziujtznn
tjpnjzuijtjz
jipntnjujzjjppzjznujt
nptjtpizji
iuuipnj
pjuppjznujiziijnzzpn
titujinjutujjjjjzz
zpiznjiinujujpi
ipupznjtztptzznjjnjp
pjtjiupztjtujiiupjizun
unzjinzjt
njui
jziji
pipipipzzjptznujipipnjtp
pujjipijjunnpj
ziipupnjinzjzzttupziznzj
iutujtuuzuzj
jnutuuuippiunjtijpt
zuttituznjint
iujjj
nppzjutujpiupinnjpzpi
uizpnjnjunputnpu
nttzntjpujjzjjjnzitzj
puutjziijtijz
jjunipjztpiutjjpuni
ptujjnuuiipjjtpjjpunziu
jzntijnu
tpjpznjuuutttnijzutjp
izztutuzpiuuizzj
jiuinzjpn
zjztnupnnzznjn
pjpiutnpt
izpznjnntpn
pjiunijnpuitinnz
tnzpnjpnttzpzuzpnt
jjjzn
itpuippztpjuzzznztjppt
zuinijzuppp
pnuzjpzzzznnpjiupj
uiitzpiiuzzijntzunuuj
nnpuupnnzztnntjupjunjjz
ztujutt
puznzpjjuziipnznnji
zitntuzizpujp
znztjnnnujzniztzjujjuizz
ppnjpj
iitzzpzzjiiuujjz
jjun
injjpijtjzzj
ujitzzppzznpijupnztujn
jiiziziuzinzppzjn
ntzznunnjpjpj
ijutjptiiutinn
ijuzupjtnnipjttjutj
pjntujnijnjtzntipjjtn
zpuiuzjtpijzzznutujiuup
nzpjtjtzzjpizupj
pptjnijniunni
jujjpptntjtpzinjijj
iinjnptzpzzjjuiuuntjjpu
pzitnjtupntt
njuptz
zunppnj
pipjnuunnzu
nnjntpinpiz
uuztnjniti
zpjuunpjuzniptzpij
zpunjijpzittizunzin
pptnj
ujiznttp
uujjjtij
ijuznpjjntjuuiuu
uipnuzizjjjupunin
tnjiujnjujn
ppitnjjzppznp
jpnjitpuz
zpnntpuznjzjpntnjipu
ujunuzuipjuptpjjpjjtjp
znjnpuzpzpnp
ztuj
zijntptjtuunzn
jnuttjjtz
ijuuutu
nttujinnjtii
tpunptujjzzinp
ijiztpnnnz
pzjnzj
punjziijpjju
uiiztujptzj
nujiztzjptp
zuippjztu
uptjijp
jtznuiup
uunpiiiujjuz
jpznnptjzntjzpuzinujtz
ttpzj
itnjztjptiujtnzzippi
juuttjniji
pjtiuzpuittinzutt
tutjpjjjj
ijpzunjtnnnnuuiu
iuupzjnpzpuu
iuiuppujjjt
tutjjnnpttjuupniijuz
tnjutujujituzujjztpipnj
ittjppnn
intjttzjpujunujzznjzzni
niuujzi
zpjnpijjpuztuzppjpzj
pjpztjnztuj
unjuu
npzuunnujniijuz
nnnitpnjtpzzpjzppj
jpjzunjzntjtzjun
njzutppuizipjtp
nnjtttijjtupizuu
ijzzzipizunzjzinuzjitu
jtnjupunjutuj
nznjjzutuntjnuju
uzjupupuj
ujtziiuiupnjz
ppuupzjipjzjpjjununt
tiiujinjuiinntuininttzip
zpiptpzznpnjtujunjpniuz
jpzjzupippjunzjnpnpiitj
zpjnjtiijijjtiz
ttntnttunputjutjij
ijzzp
iizjpuunntni
zipjjjujinnjijunujjjjju
ptjuijjjjtzpnnntjtuii
pztj
unitzujninjp
zunptztijiupiu
pjuj
znjnn
izjnupnzpizu
nuiuzjuizpuuzjjipp
tinnjupuipzutiunupztpp
ijiitiiztjtunjut
pijiu
tjjtpijppntpzzntiuzpi
zpttzjnntjtun
njtjzzjjjnju
njnnnjuzi
tunztjtztnzuztjutnitp
jjjizupitpt
zjpz
ipuzizjpjnptpi
ipiuuiujjnituiu
jtjunpzijuzt
ppnjnjtzjnnj
uunijjzuzntiz
tjuitntjiuu
inuputjtpiijjn
tuiizjti
puztuuiujtjitjn
tztjtujptpunni
jzjztptuztiztuijztitjjtu
zjnnz
utjjizjnjjnuijntu
jpjnuzuttnjpjnjjnjupjiz
tpujunpnz
zjpzjziitptt
ptnujujpjuputin
iuptutzzippjtupzjpiiij
iniiijjitpjptitzt
uiziutjpuztuijp
ttnzijtp
zjtjjjput
ppiziztzznjuizjntii
nipiznjzuijpjnptpzizj
jzzunznzunitzujiiuipptt
tzjjujit
uupupizppnuipjnnut
unjtnnijupijipzj
jjzp
ztuztnjj
jjijtpttnttnun
zjjjjiu
tnjpuntujzpinijj
ptjjp
tujtjnznj
jttjtpjjzujjtt
pjijzinzntunzu
uuju
utnij
piztjninippu
iitpji
nzzuj
zjzjizitnjjunjzpjztunpu
jzttinjjzzp
ujitjitunupjpzjz
jzzunnzz
jjniptznnujiitnpizjjzt
itjznnuuipnijzztizu
ptjzipztnzntuiizj
ijtuijnt
pniipuztjjuiutujniiupu
juptt
piznjjjtnijznuujiututunp
jjut
ujnijjptpzztuiitni
nuujijuijn
tjjnpttpjuii
zpijnzzjuizjnjnt
juntttnjintjnnj
ztnpizzttpznunjtpz
ijpitnnjutjijipjniziuz
iuniuuujtiptnpt
ijuntziijuj
nnuzzjjuztjuj
juuizupuiuppnpii
ztzjzzjtn
tjjnnzjzttupinzujnipniz
tttpnntjnun
jiin
zintpuuzppnpj
iijpnpituuijptutintz
jttjnpnit
tupzujnjjjtuzjitpz
tjuzijjjunpzjjnzzupujnp
jtjinnjt
uijujptnzjjnjtnnut
njjuitunitjzpuzzpjzptpu
ttziuiijtpiitupztnizjit
jpjuitzpniuujpzjnnj
jpziippuptunuznunipz
zpzipji
ptnjitzijppniz
unntptipttiujnztizn
jijjpinnttput
uijjjnunujuzzpti
uipjt
ijpjn
ujiipi
zpnpiujuji
nuinntzijjztnnuinn
njzpji
tzppuznpjj
iupiinppnjjitnnpzpjnu
uinzjinu
ntnjjpiztntjj
tpjnzjjpttujpjju
jujpjzpitzzitzjjzt
unijjjpttn
ttjijzjtijitjpnztt
nutj
ttnjji
jtiniipzj
jijutpjinpnjiiuzjijn
ijniuzii
iiinjunjzptjinjpi
tnpziupjj
nupjipj
nnzjiinppii
jzittiunizpttjttuziiuzu
jizntzupzuij
uinuzjzupuztpznttiiijuuu
npztujjitzztzpnt
znjni
pjtzupjputj
ptjpjjtznjninijunijuujj
ijptiutnziupzt
ntzjizupzntjn
upzjputp
jnijjttitipjuutuiptip
pnztjjpjtntj
uzjiitj
tinpzjzpppuipt
jpijjji
pitzjn
uijjtjztjtuptupiizn
jinpinjj
zjtuttnujztputzzujuiupi
pizunj
nnunpunji
ziznnzpzzuujpupitiiijpup
iutijijnpppniuniuujnu
zizutpjjzjujupnjzjtju
jtnujzzjnnzuijjtz
jipuntuiuzn
zpji
jiut
jtpjiujjjznipniijp
jtpuz
tznznipjnujzzzntpttzupn
nittttpnjjzjuuuipn
nitjtit
uttjzzt
jppnuppinzzuzijiuz
izizjpjj
ujjjzjtpnpp
jujtiintpi
inpjjjzzpjnnpjjpuji
pjptnzititpzijujunpzitj
nzjnjj
izjtujtnjp
jittuzjiupnztpijz
pijjtznzpuj
iuptnizjnijijtjj
tzzipzujnnniu
nppiijnuzujjjnptzituz
uzjttjutjipnin
juttn
zjiujuutpnnntpjj
tnpjjiujzjiitptz
pjji
ujpujnp
jitnpjnjitnj
juupjnpjzjnnju
nipujupztunupnijijuztp
znuzjjpi
npjzpupizti
tpizjjjzjutjptjjpinizpi
izjzznjzpti
jpztitjjzzujuunzupittjnj
ppujunjjuninutpu
jzzzjiuinnuizpzjuj
jpzppnpiujpzpjtjipu
zipppzutnntttjjuiup
izjzptjtiztpznj
ijiutpjz
tjppzpnjznnzttp
intnjpntpiuuzti
zinjptjtuujtzinzpjjt
itnuiijuiztzztppjtijjtt
zpjntzp
ptij
tijtunizpujjnijj
jtizppjzppzjtzttnnnti
ppjnnujnuju
injnj
uzijttinj
zjtuzujjunt
uzittijpzuppiitijui
njinujp
tjzpjuiupttiujjnjpuznu
jjiuziiijnitinniujtinpit
ujiuj
piuujutuj
znjnzpujjuiziiipiujjpu
jjtzjiiznptjunnpjtui
tiuinjnntuppj
injjn
tnzipjptpiuzpnzttptuinpz
pptuiuujnztjtj
ujzzpuznttztjnj
punutjzttnijiipp
nntjjniupnupppiuz
tiuzppitpjnunijpnppnitut
jtjpnpjpzuj
ntziztzj
uzzijpizzjuuip
tujpjzzinnitnnu
jtpnpinjpizjujtjujn
jittn
itpjut
zzizpujizjntii
znpzizzj
tttnptnpputujjijptzjniup
tjiznptjtjniiiptptpjnui
nzuijunujnntj
tjtnt
zupujptj
ppjjzuijp
innnnzztputzjjtjjttp
tjipunpnjnutptznt
nppuzpjjt
pjunjjtinjtizjn
tzjzjtzzpjjzppizz
ppjij
nuiijzziujjnijp
tnuujpzuuunjunjizpn
jziuzznninipnp
juutipzptjipnn
tiujjnpjt
utuijpnjipjjuttzppjnuun
ttnjpnipi
pjjzunuznjupptnuu
jtippntpjjnuuntpzjuu
upjij
zpitjjjjptjnjpjptt
ttijjzznizui
pizpjpztnu
tpiijzzttjptntz
ujjjn
ninjpz
ipiizztjnjpnznp
njupnijntjjzzpu
ppijiiz
iiztunzjzijuzui
upttpuuntztjtttiuj
utpzjzjjziuin
zjppzpinz
iitupttnipztijjjnuiin
uinpitj
iitjjipjzjjiiztj
zjjpuitnznuuzzu
znjujjizzpn
jtpizi
ijnnnztjutjt
itzpznjjpttpjjnijnupuuzi
ijunnzntutzzu
tuuzupijppij
unijnjpipi
iujji
juzuz
jzpjjjpinupztt
jpiptzuzuipjp
pnijutnpjjinuzjjtippiiit
jiinpujji
jjipnpznjztjttjt
znttzjtjjuj
npijzuptunnpi
pzzzzztjzznipnujztupup
nnujptzuujuuz
utjipzn
pjpnizujnzj
zjzniiinunpiziuni
tjjjuj
zujipputzijti
njttuitttpnzizujuitiut
pzppjnjntntzupn
ijpuiituppjztintzzjjupi
itpziiupuuzipjptzj
jjztpuu
tnjuptunjz
tzniztiujjjtpituuipitjtp
iizttizizziijipzin
izinutjinjpu
untpjnunpiji
iniztziijnz
uppuunujjuujiupi
puujtj
jzpzznzpjipttpuutzptpzi
ntnjtpnnzpj
innznjtjujpjzuiup
nnzizjnjipinnunijjptui
iiitjpz
jtzz
nunttjnzpttzp
zjtpzj
tjzzjp
unznjzjupnpupnjip
jnpijtjuiuinj
ppippzipuitiztjjjpp
npjjp
zijj
uzzjj
jnzjjnujtuuz
ztjzzjini
pjjiinjj
jjzpnjiunt
injzzjuutzpnujjnz
zjuujpuuipzjiui
jjntu
juuinuztnniiznjiiz
jjntuijpuuujiutppujzi
uunjntzpujnitiizjuptz
npznujt
nijzunizjzjuzinpjpiuz
zjppppipjt
jipzunzjjziujt
jjzpppuunppuzjjizjipu
tttinjpuuitzju
unjptnpiutttippjjpjj
nzuupjnzitnttpittjtpuii
jzpuppjjztzijtnjnju
uzzjijntpj
tnpijjinjitjuiitjin
ujupzjtjnunutjt
ipznnutjiniptztiuz
tjtijiuzjujtjpujiu
jtzjtitipiiipzzn
jzunzjupj
ntzjppuijzjjtuiiuijpitjp
izjjpupzuizzjzjj
jnzppitjpiij
iujzpjztinitjz
pppitjjinzt
nnjtiztpjjzt
nutjinjijj
jpzti
tnnjjuztuiziu
uznjjuiipzjuupuijnzi
ujii
junp
pzzji
niniittjuznptunnjzi
pjpipuinjnuzjntj
pjjzpnpizj
jpjzttnujijnittijuzjti
pjijzpu
njuiizuuuituuiz
znjupttnipunzz
jniuzzunzjtituttii
nntijn
njuunjnupjn
jztztptupnnjnnnn
ttnjjziuitpuzu
jzunpzpuzzppjpz
putupzunpiuztnjpipjnjt
npjt
zujpjpzppzziiij
zuzzjuunjpppjtun
ztjnjjz
npttijtuzntjjppizjz
jizpjtz
pjtjzttjtnti
zzipjiuj
tzjjjzunzjznppznitputzpu
nnjjjpji
zzpztjjtjuiju
zujpjutu
jzjpzptiijz
izztizppjjnzujz
unuijzznpiu
jnpu
tptjtnizijjupptjtiuznit
utpjtiupuujpuppj
jjuzin
jijtuutjjuzznj
ptjtutnzjzutnpinuni
jpuizutnnpjpunuzpnzjiu
nzjt
tjpijj
ptjinj
juujzjtnjpti
iuupnujj
tunuj
iinjzp
pituuinipuujiupjipzju
puzznpjnjpizttt
tjiit
uttinnjtnjjpuijpnijnnt
jipzti
tzujzjjjujjnu
nptjnpnpzutputjnpi
znjpnitjiutjtnjjninn
itijijn
tppuitjunitjjuuip
njztpjnntunzjnnj
uijnjnpzt
tjpjpjtuutun
uujutttipjzpuntjtjizip
tijujjn
jnuiznuizjijupnuznnppinz
ntznujipjzujutizuj
ntiijzptntpjjztpjjzipuun
ipjjzipjjjunu
tiiupzjpn
znntpij
zpuiupijzpnuipuzj
jjjptnpnuuzjzziujutnjjz
jjjtiutztniiuj
zuuuztpjuintujtuij
zjjtijjtzzjzjpziuuztizz
jtpiijizjntj
jtpinn
jtujzinznuzpjtzjippnnjpu
jjunnujnupzptnnzztni
jnnzjp
jiui
jtjtjpzitpnpttnzttzz
zjzntjjuzjttnpppjujj
unjuun
pjpzzintpinjuti
tnjn
ptpzjzpt
zttjunzzpz
pntznnujiu
unzjuiinpnupjp
njiutpzinp
pujuzunnzitijp
jjuznnnjunzz
ztzziizunzjzpjjnt
izpizjnizpnnnnutnupptji
jzuizzztjzinujzntuzpptu
tpuupjznnzpttizjp
nizniiizuj
jjtpptiijpuutnz
uzpziunnj
ztpznnzpnpnjppuzut
itptptujjiujzzj
zippzitzuizjtnnujz
jpjuujjntznnzjpntpt
itjjiutjizin
unjpupujtntpizp
znnzjiujjz
ttpzij
jijjpzz
tutj
putjiunjpjpijtu
uujpttitnu
jiupjipuziiuunu
uzjtpnzuz
ninpztnijpinntnnjjjiijju
izupunzjnuni
ztzjjjntnjjzn
pitnzunptttpztizjiijn
npniniuztnijut
ijnjtnippjnpzjuijzpptn
jinujpniz
nnzupjijtiuujjuip
ujtiijtptniznzujtnnnn
zuztjtzjpjtuintnunznn
ujnjnjnpnjjjn
iuzjznzzpuizjpuu
njtjppnjtpzpuputntijjpjp
zitj
iptj
tuztnutppjiiippp
nijzpt
ijjzzjttitztpjjtpnzpjj
pjnjttizunjjnppjz
niputztujpzptjz
uzuinpnjujptpjujpizniint
ztjtuptiiujjziutjzutuzzt
ijnz
nitiztnizpjuuzpji
tppijzpztpjjpt
tzzupnppitj
jjjtpnijizinnijujjnz
tptppptjittjnijtjpnp
pjpuiniujnjtnutnntu
zizptiinupijujtptjnz
juinj
nipjuuztpnuztpnjjnzz
jiupjizpuitjpitip
jjttzipnztttnjj
tizztntjjjzttzpjzu
ninjjiizjti
utiztjnuuujtpzuzzzzzpiti
jpjujtiuuznji
jjuunipnin
ijtjnpjtpnunpttjtu
jtiznpjinuztn
pjijijtitzz
nzujpzi
uzpjpjutju
intjzzjnuzjznpizitz
pnuitptjizzppjjiuuiti
ppnnznj
zjuzptzttjntuiztzttj
npjijjjiiipzjziiztzpn
itjjzij
zntitnpiiuzupuzpjn
tnttutpjupinpjtzijtztzj
nzpitjijujz
izuijjjjtu
tuzj
tpiuinunjttiujinittzz
jzppujipnjjijuz
upnjjuz
ptitupjnnptzpinninnii
njjp
jpujpzipntji
njnjtzzpujuzntujznjinttt
jujujjzpnupjnppnziipij
inujiijnztippipuputjn
ipznjptnuiiz
pupttnnttnittpiptintttj
zutinujutpnjnjpzuijzpuzp
jnnnjtiztu
tjnpznizntnzuijnupuuj
upztuiujznjpt
njzjuiipjtttztjiuijj
znttipztjjzppt
ttjnjztpjnjjjuzuzpj
ppjzjjttzuuttjzpipiiuz
zzptjjujunnijtzziunntz
tttj
upnjjjttuj
jpiutpjjizu
jijui
jujjt
zttuzuuttjzpptzuutpuu
ijjttuipupijutz
tiinzuttpipijnzii
njuiupjjptjitztptniiuj
pppijjtzupjz
zutniutjjuj
zzutiputjiuutjuztzzjtipz
jjnpptzzntii
ppuzztutpinpjiiz
zupniutninzipjijtptpnjnt
ipjznjjiuuptnputinztijz
jnznupjnjti
upptpzuntjijpj
zpjujintujtnizu
zpjjznzz
jtuizutpitunptziiu
nuujiuntnptpjzpiz
ijtji
zpjtjinupptnttpntutjnnjz
ttnpjizznn
jijnjjzj
nijuutnptjpzjutuj
iznjtijjptpnp
jujzpjpnjnnup
pjpnpnnntttzzipppnp
jzijjz
jjjtnpnunjnnnunu
zjunpjutitij
pnjjitujjipii
zutiuizujjiun
ipjzzju
jpjtuznzijzu
znjz
jjnntjp
njpipupjnjptnpttz
pttuinntpuututunjp
jpzttjtzi
pujjtzjutijzijjunpi
ninuztnjnzpiututujtzu
tjuj
puzupzuzjnjtizznzjijzzin
jupjjzuzntjjpitnunjip
tjzuuzzjunjuit
ipjn
npztpuzuujittjjinzjut
tjujptntjz
nzjiiii
jjup
tjjitnnpzjunn
pttunutpzzunuiuzjiiujnpz
jzjpiuun
nztuijj
ntuj
tjnnnuz
nuujnupjzpjttn
uznnjjpzzun
uiujuzzptuuznijp
uuzzij
ujjnjppintjpnt
tiznniutuzujuiju
tnuujizuptupntni
ntuppppiptnpjjjpiunut
zjnzzuppjittiznujinnppz
uuizzjt
ptiutj
jnju
ipzji
jzjtuntjjpjitjijujj
uzpijtjtuztttjnnjitjpuzu
pniijnnuppjziujuutunntpj
puppppnpiipnjt
jptn
zutijitpuzj
jzjtzzjuttpu
njnn
jnppuzuziuuzjt
zpjjnunjjjjzjinz
uiizuiptzjnut
ipitptzjtzpjpnjuzz
jpnituzujtjizpptzuznztu
ppzjzniitupzuntjjntn
jttjnzjnu
utujjzjnjztzpijzjuujuutj
nujzjzj
ptjjnpjj
nipjii
jtnintjuunpiujtp
jzijnnjjupippnijzz
ppizjipztzpu
tjznztzznuzjjijntnjp
pnzjuzzijupui
piiujn
itnpjtttppjptjunzitppznz
izipznpjj
jjzt
uznnntjjijiz
ntnztjtnjttziipzzj
unjiznjpnpnitjtttuppnzt
nnujpjujtzuzztt
ttutjitjptpjju
injijj
ujuniupttnjtnjjzjtzjjnup
ppztutnnjzjpjujj
ztpj
tzpuijpnjztjnujijpnnuj
jiujipzinintntztttpp
upzzjnittijinnnzjiii
pjzppzzzpizutzpjipnitnn
uzpzziijuinz
nizuujj
pzpzzppjutji
ijjui
jztipt
iuuitjziuttujnupptjup
uipjuntzutntininj
jjtipzjj
jujpzpizjnnitjiiittipi
tnnjppzuiupujjzt
pzpptjjutnjiiutjzn
jpiiizjttt
jpnzi
jjjptuun
ijujnjzj
intnuzzjtiinut
ptnizjnupjpzj
zijpniuz
ujnutjnznpujiiinzujnj
iptpnnnniiztuuuipuj
jptjijzpizpuujzuntttjzzp
itujiupuzjzzpu
pinjzjti
utujpuzpiup
nijnznu
tpttjpjjiiinutpzu
pjtnznzjnnjzjt
zitpjuzuznitnjuipiutpziz
jutzznutujnpipizjztjjnz
tttjunuuinp
njinjpuziijutnn
zptiuuznupuijjjpunpp
piizjiuzuuzujjpjuppinuj
jujtzpuipijjjtttztzupuj
zjjzzjnzzj
jiituupz
pjijjnu
iipjjuiziinjjtjiu
tujtzjzntzpjziinjpp
tjpnptijz
tiippinjpzuzjp
juzujujj
znjjjinp
pzizjz
jtnpjuujtjiiiii
tnzjppujnupjupjnzpunjinj
ziuztuztzuuztjtjzjtipu
jtju
nizujiuui
zjnzznntjptpzjpzzi
nppjpptj
ttztjupzpp
nutjjjz
junuppziuipznijitpz
zjppp
unpinputzjjii
zijujtzztti
niuijipizntij
nptunjnjnjijuj
jujtijpjjzjjz
ijttzntjijiupnpipj
jnjiiu
pptzinjntt
puznpnptuuttnipnzjjjtjju
npunutitnupjjnun
uzujpj
zjpzpnti
pipzinjujjiptnizipujupi
innptntztujtujjjjitu
njjijuinnujuzinjjp
pjpuizzuzinnijt
pujuiti
uznzjuttijjztuup
jizppppzztzzputptpznz
tzjupuztuizpuinuznjijpn
zjjzznjpjtiujjuuttnitj
jujij
jjtz
pipititzzzpnjnijnjnipu
juzzuziiiupttn
zipj
jtjpinn
pinzijuit
intjtnpunjjjjt
jpiitzuttuuinnpt
pjipznntupiputjzpnntntt
inuppizpijijzjpijit
ipjzjtzztptnnjnijtt
pjijiuitjipiniij
zjun
nijjznnntjjjjttujjunju
pzntpjjttniziijntntiut
tziunzj
tjtjznuii
zjpi
uzpzji
tnjjnujtnzzjniuntnjz
zijnujjijuiuijtzutj
iuupjttpiznjzjiznnni
nnnjnpzpptpj
zzttjzttppijutt
ujzzjpzj
zjtiztuziuzp
uptpnjjtutj
ujujtznjzijuintjtnptzjp
jzjjiunzt
ipzijpnznpzz
njpnijzpiuitpttz
jjnzjzzjpnzpztuzi
zuijnpptnttpuuiujzuitn
tiujtnijtnznjtitznpp
upizjizjujttt
ppnztjjnzpujujpjjiip
ijttjtjn
zjnujnjtnputjtjjnt
zjjjpzpjuppuu
tnzuuzznnnjznzjnz
jjzznztutzpujj
ijjzt
nnnjnnjuznjjuttnztntin
jzznjpipzzntuitpijnuzz
uputijuuujpznzzitjuuz
ppitjuptjpzzutp
tjzijptuppzziiijujinn
jupztpuu
iutijznpuint
nzju
npjjjjjntuzpitpinjitzp
ijtiuijjjpnt
titujtjiizpnjupjuiujptu
utujujjtnuzuizipi
znjipnjjjnnuzntjiz
jzitupjtjnip
unzzjjttzjttjjj
ttpiztznujnpjujpijpjtppn
jnjujipunnjn
jntp
njjijiztni
nipiitnnjptzn
ujtpnjunz
tpjjtujinjnninujinnt
uuupuztuzjzutj
zjjznjt
ztij
jpununzjnjz
ujpjtnziijtippjtjnzzi
tpuunpjjtz
jtzznzjj
zjuitznputuzutjppznzj
ujpnnttjtiputipiuutjtt
tutjj
