Instancia 1
5 5

Instancia 2
Impossivel

Instancia 3
28 6

Instancia 4
19 3

Instancia 5
28 6

Instancia 6
7 1

Instancia 7
31 9

Instancia 8
19 3

Instancia 9
Impossivel

Instancia 10
1 1

Instancia 11
1 1

Instancia 12
1 1

Instancia 13
7 2

Instancia 14
60 21

Instancia 15
56 18

Instancia 16
225 48

Instancia 17
213 1

Instancia 18
428 6

Instancia 19
487 179

Instancia 20
588 100

Instancia 21
73 34

Instancia 22
Impossivel

Instancia 23
Impossivel

Instancia 24
18 17

Instancia 25
40 1

Instancia 26
18 1