Case 1: 1 moves

Case 2: 2 moves

Case 3: impossible

Case 4: 1 moves

Case 5: impossible

Case 6: 5 moves

Case 7: impossible

Case 8: impossible

Case 9: impossible

Case 10: impossible

Case 11: 2 moves

Case 12: impossible

Case 13: impossible

Case 14: 2 moves

Case 15: 4 moves

Case 16: impossible

Case 17: 1 moves

Case 18: 5 moves

Case 19: 1 moves

Case 20: impossible

Case 21: impossible

Case 22: impossible

Case 23: impossible

Case 24: impossible

Case 25: impossible

Case 26: impossible

Case 27: 4 moves

Case 28: 6 moves

Case 29: 2 moves

Case 30: 1 moves

Case 31: impossible

Case 32: 2 moves

Case 33: impossible

Case 34: impossible

Case 35: impossible

Case 36: 3 moves

Case 37: impossible

Case 38: impossible

Case 39: 2 moves

Case 40: 1 moves

Case 41: 2 moves

Case 42: 7 moves

Case 43: impossible

Case 44: 2 moves

Case 45: 2 moves

Case 46: 2 moves

Case 47: 6 moves

Case 48: impossible

Case 49: impossible

Case 50: impossible

Case 51: 2 moves

Case 52: impossible

Case 53: impossible

Case 54: impossible

Case 55: impossible

Case 56: impossible

Case 57: 2 moves

Case 58: 6 moves

Case 59: impossible

Case 60: impossible

Case 61: 4 moves

Case 62: impossible

Case 63: impossible

Case 64: 4 moves

Case 65: impossible

Case 66: impossible

Case 67: impossible

Case 68: 6 moves

Case 69: impossible

Case 70: 1 moves

Case 71: impossible

Case 72: impossible

Case 73: 1 moves

Case 74: impossible

Case 75: 2 moves

Case 76: 3 moves

Case 77: 5 moves

Case 78: impossible

Case 79: impossible

Case 80: impossible

Case 81: impossible

Case 82: impossible

Case 83: impossible

Case 84: 5 moves

Case 85: 9 moves

Case 86: impossible

Case 87: impossible

Case 88: impossible

Case 89: 4 moves

Case 90: 1 moves

Case 91: impossible

Case 92: 2 moves

Case 93: impossible

Case 94: 7 moves

Case 95: 6 moves

Case 96: 2 moves

Case 97: impossible

Case 98: 2 moves

Case 99: impossible

Case 100: 3 moves